omp_threads=1
exact_cache_f32 |A|=1880 |B|=1178 dim=300 window=100 query_interval=20 a=base.f32bin
exact-cache step 100 chamfer=4357.21
exact-cache step 120 chamfer=4418.08
exact-cache step 140 chamfer=4588.21
exact-cache step 160 chamfer=4769.59
exact-cache step 180 chamfer=4864.79
exact-cache step 200 chamfer=4941.21
exact-cache step 220 chamfer=4908.54
exact-cache step 240 chamfer=5063.08
exact-cache step 260 chamfer=4881.97
exact-cache step 280 chamfer=4930.58
exact-cache step 300 chamfer=4794.65
exact-cache step 320 chamfer=4790.33
exact-cache step 340 chamfer=4708.9
exact-cache step 360 chamfer=4729.79
exact-cache step 380 chamfer=4733.29
exact-cache step 400 chamfer=4926.9
exact-cache step 420 chamfer=4820.6
exact-cache step 440 chamfer=5123.94
exact-cache step 460 chamfer=5016.99
exact-cache step 480 chamfer=4923.15
exact-cache step 500 chamfer=4823.48
exact-cache step 520 chamfer=4778.04
exact-cache step 540 chamfer=4734.97
exact-cache step 560 chamfer=4736.99
exact-cache step 580 chamfer=4788.26
exact-cache step 600 chamfer=4834.24
exact-cache step 620 chamfer=4938.1
exact-cache step 640 chamfer=4903.13
exact-cache step 660 chamfer=4725.59
exact-cache step 680 chamfer=4564.77
exact-cache step 700 chamfer=4479.4
exact-cache step 720 chamfer=4479.84
exact-cache step 740 chamfer=4592.75
exact-cache step 760 chamfer=4647.91
exact-cache step 780 chamfer=4758.06
exact-cache step 800 chamfer=4897.06
exact-cache step 820 chamfer=4891.81
exact-cache step 840 chamfer=4724.18
exact-cache step 860 chamfer=4744.77
exact-cache step 880 chamfer=4737.09
exact-cache step 900 chamfer=4800.21
exact-cache step 920 chamfer=4601.97
exact-cache step 940 chamfer=4539.9
exact-cache step 960 chamfer=4587.94
exact-cache step 980 chamfer=4499.87
exact-cache step 1000 chamfer=4430.08
exact-cache step 1020 chamfer=4507.47
exact-cache step 1040 chamfer=4642.21
exact-cache step 1060 chamfer=4671.38
exact-cache step 1080 chamfer=4791.66
exact-cache step 1100 chamfer=4755.93
exact-cache step 1120 chamfer=4766.18
exact-cache step 1140 chamfer=4715.02
exact-cache step 1160 chamfer=4830.9
Wrote D:\Develop\native-l2-e2lsh-chamfer\output\paper_uni\textemb\exact_no\exact_cache.csv entries=54 update_ms_total=165.031 update_ms_avg=0.140094 per_update_ms benchmark=0.140095 wall_ms=167.796
Wrote D:\Develop\native-l2-e2lsh-chamfer\output\paper_uni\textemb\exact_no\exact_cache.csv.timing.json
