seed=1 e2lsh_only=1 no_outlier=1 estimator=queryStratified T_override=300
loading D:\Develop\native-l2-e2lsh-chamfer\data\SIFT/base.f32bin (flat f32 stream for e2lsh-only)
loading D:\Develop\native-l2-e2lsh-chamfer\data\SIFT/query.f32bin
window_size=500 query_interval=166 |A|=1000000 |B|=10000 dim=128 (flat-A)
exact=cache hit path=D:\Develop\native-l2-e2lsh-chamfer\output\paper_uni\sift\exact_no\exact_cache.csv entries=57
omp_threads=1
E2LSH-only mode: skipping QuadTree and Uniform
E2LSH K=120 rho=0.0001 n_max=1100000 (formula: K=max(1,ceil(4*ln(8*n_max^2)))) backend=ram
E2LSH insertA progress 114688/1000000
E2LSH insertA progress 212992/1000000
E2LSH insertA progress 311296/1000000
E2LSH insertA progress 409600/1000000
E2LSH insertA progress 507904/1000000
E2LSH insertA progress 606208/1000000
E2LSH insertA progress 704512/1000000
E2LSH insertA progress 802816/1000000
E2LSH insertA progress 901120/1000000
E2LSH insertA progress 1000000/1000000
E2LSH A insert done in 42203 ms L=24 D=3.35544e+09
strata invariant OK sumN=1000000 pos=1000000
Step 664 |A|=1000000 |Bwin|=500 T=300 L=24
  chamfer=2.86078e+08 strat=2.90667e+08 (0.0160423)
Step 830 |A|=1000000 |Bwin|=500 T=300 L=24
  chamfer=2.84103e+08 strat=2.79922e+08 (-0.0147164)
Step 996 |A|=1000000 |Bwin|=500 T=300 L=24
  chamfer=2.85211e+08 strat=2.8801e+08 (0.00981191)
Step 1162 |A|=1000000 |Bwin|=500 T=300 L=24
  chamfer=2.85399e+08 strat=2.89142e+08 (0.0131139)
Step 1328 |A|=1000000 |Bwin|=500 T=300 L=24
  chamfer=2.87045e+08 strat=2.89024e+08 (0.00689748)
Step 1494 |A|=1000000 |Bwin|=500 T=300 L=24
  chamfer=2.84613e+08 strat=2.86234e+08 (0.00569496)
Step 1660 |A|=1000000 |Bwin|=500 T=300 L=24
  chamfer=2.85564e+08 strat=2.8377e+08 (-0.00628201)
Step 1826 |A|=1000000 |Bwin|=500 T=300 L=24
  chamfer=2.87945e+08 strat=2.89638e+08 (0.0058813)
Step 1992 |A|=1000000 |Bwin|=500 T=300 L=24
  chamfer=2.87949e+08 strat=2.86963e+08 (-0.0034216)
Step 2158 |A|=1000000 |Bwin|=500 T=300 L=24
  chamfer=2.86047e+08 strat=2.85118e+08 (-0.00324873)
Step 2324 |A|=1000000 |Bwin|=500 T=300 L=24
  chamfer=2.84132e+08 strat=2.83064e+08 (-0.00375811)
Step 2490 |A|=1000000 |Bwin|=500 T=300 L=24
  chamfer=2.85706e+08 strat=2.87181e+08 (0.00516105)
Step 2656 |A|=1000000 |Bwin|=500 T=300 L=24
  chamfer=2.87182e+08 strat=2.85564e+08 (-0.00563575)
Step 2822 |A|=1000000 |Bwin|=500 T=300 L=24
  chamfer=2.86633e+08 strat=2.84061e+08 (-0.00897404)
Step 2988 |A|=1000000 |Bwin|=500 T=300 L=24
  chamfer=2.86601e+08 strat=2.921e+08 (0.0191868)
Step 3154 |A|=1000000 |Bwin|=500 T=300 L=24
  chamfer=2.8662e+08 strat=2.85534e+08 (-0.00378855)
Step 3320 |A|=1000000 |Bwin|=500 T=300 L=24
  chamfer=2.85877e+08 strat=2.88971e+08 (0.0108241)
Step 3486 |A|=1000000 |Bwin|=500 T=300 L=24
  chamfer=2.84227e+08 strat=2.87609e+08 (0.0118991)
Step 3652 |A|=1000000 |Bwin|=500 T=300 L=24
  chamfer=2.8406e+08 strat=2.84079e+08 (6.3732e-05)
Step 3818 |A|=1000000 |Bwin|=500 T=300 L=24
  chamfer=2.84112e+08 strat=2.82115e+08 (-0.00703051)
Step 3984 |A|=1000000 |Bwin|=500 T=300 L=24
  chamfer=2.83076e+08 strat=2.76782e+08 (-0.0222336)
Step 4150 |A|=1000000 |Bwin|=500 T=300 L=24
  chamfer=2.83537e+08 strat=2.84507e+08 (0.00342131)
Step 4316 |A|=1000000 |Bwin|=500 T=300 L=24
  chamfer=2.83541e+08 strat=2.83221e+08 (-0.00112805)
Step 4482 |A|=1000000 |Bwin|=500 T=300 L=24
  chamfer=2.83984e+08 strat=2.8096e+08 (-0.0106508)
Step 4648 |A|=1000000 |Bwin|=500 T=300 L=24
  chamfer=2.85222e+08 strat=2.81216e+08 (-0.0140464)
Step 4814 |A|=1000000 |Bwin|=500 T=300 L=24
  chamfer=2.86048e+08 strat=2.86882e+08 (0.00291769)
Step 4980 |A|=1000000 |Bwin|=500 T=300 L=24
  chamfer=2.83654e+08 strat=2.86822e+08 (0.0111691)
Step 5146 |A|=1000000 |Bwin|=500 T=300 L=24
  chamfer=2.82535e+08 strat=2.8782e+08 (0.0187065)
Step 5312 |A|=1000000 |Bwin|=500 T=300 L=24
  chamfer=2.84081e+08 strat=2.80973e+08 (-0.0109385)
Step 5478 |A|=1000000 |Bwin|=500 T=300 L=24
  chamfer=2.85578e+08 strat=2.79947e+08 (-0.0197178)
Step 5644 |A|=1000000 |Bwin|=500 T=300 L=24
  chamfer=2.86886e+08 strat=2.89102e+08 (0.00772547)
Step 5810 |A|=1000000 |Bwin|=500 T=300 L=24
  chamfer=2.85681e+08 strat=2.87394e+08 (0.00599679)
Step 5976 |A|=1000000 |Bwin|=500 T=300 L=24
  chamfer=2.86518e+08 strat=2.8877e+08 (0.00785967)
Step 6142 |A|=1000000 |Bwin|=500 T=300 L=24
  chamfer=2.86752e+08 strat=2.86096e+08 (-0.00228651)
Step 6308 |A|=1000000 |Bwin|=500 T=300 L=24
  chamfer=2.85377e+08 strat=2.8187e+08 (-0.0122889)
Step 6474 |A|=1000000 |Bwin|=500 T=300 L=24
  chamfer=2.87488e+08 strat=2.91167e+08 (0.0127976)
Step 6640 |A|=1000000 |Bwin|=500 T=300 L=24
  chamfer=2.8609e+08 strat=2.79053e+08 (-0.0245961)
Step 6806 |A|=1000000 |Bwin|=500 T=300 L=24
  chamfer=2.85762e+08 strat=2.84782e+08 (-0.00342975)
Step 6972 |A|=1000000 |Bwin|=500 T=300 L=24
  chamfer=2.83669e+08 strat=2.85799e+08 (0.00750687)
Step 7138 |A|=1000000 |Bwin|=500 T=300 L=24
  chamfer=2.84946e+08 strat=2.80742e+08 (-0.0147523)
Step 7304 |A|=1000000 |Bwin|=500 T=300 L=24
  chamfer=2.86931e+08 strat=2.86897e+08 (-0.000120077)
Step 7470 |A|=1000000 |Bwin|=500 T=300 L=24
  chamfer=2.86388e+08 strat=2.87873e+08 (0.00518314)
Step 7636 |A|=1000000 |Bwin|=500 T=300 L=24
  chamfer=2.85674e+08 strat=2.86117e+08 (0.00155167)
Step 7802 |A|=1000000 |Bwin|=500 T=300 L=24
  chamfer=2.84491e+08 strat=2.80846e+08 (-0.0128136)
Step 7968 |A|=1000000 |Bwin|=500 T=300 L=24
  chamfer=2.84174e+08 strat=2.85423e+08 (0.00439635)
Step 8134 |A|=1000000 |Bwin|=500 T=300 L=24
  chamfer=2.84822e+08 strat=2.88898e+08 (0.0143099)
Step 8300 |A|=1000000 |Bwin|=500 T=300 L=24
  chamfer=2.85263e+08 strat=2.85094e+08 (-0.000591767)
Step 8466 |A|=1000000 |Bwin|=500 T=300 L=24
  chamfer=2.83507e+08 strat=2.92362e+08 (0.0312345)
Step 8632 |A|=1000000 |Bwin|=500 T=300 L=24
  chamfer=2.838e+08 strat=2.84842e+08 (0.00366977)
Step 8798 |A|=1000000 |Bwin|=500 T=300 L=24
  chamfer=2.84825e+08 strat=2.82569e+08 (-0.00792099)
Step 8964 |A|=1000000 |Bwin|=500 T=300 L=24
  chamfer=2.86885e+08 strat=2.90179e+08 (0.0114816)
Step 9130 |A|=1000000 |Bwin|=500 T=300 L=24
  chamfer=2.85956e+08 strat=2.87764e+08 (0.00632489)
Step 9296 |A|=1000000 |Bwin|=500 T=300 L=24
  chamfer=2.85789e+08 strat=2.85843e+08 (0.000186507)
Step 9462 |A|=1000000 |Bwin|=500 T=300 L=24
  chamfer=2.87009e+08 strat=2.85198e+08 (-0.00631056)
Step 9628 |A|=1000000 |Bwin|=500 T=300 L=24
  chamfer=2.88781e+08 strat=2.90941e+08 (0.00747819)
Step 9794 |A|=1000000 |Bwin|=500 T=300 L=24
  chamfer=2.86812e+08 strat=2.85426e+08 (-0.00483197)
Step 9960 |A|=1000000 |Bwin|=500 T=300 L=24
  chamfer=2.85034e+08 strat=2.85091e+08 (0.000202341)

========== TIMING SUMMARY (ms) ==========
E2LSH K=120 L_final=24 queries=57 update_ops=10000 mode=e2lsh-only
wall_ms_total=43440.283
per_update_ms e2lsh=0.120 quadtree=0.000 uniform=0.000 benchmark=0.000
--- E2LSH structure ---
  init_insert_A_ms=42202.958
  update_ms_total=992.655  update_ms_avg=0.099
--- E2LSH stratified ---
  query_ms_total=204.564  query_ms_avg=3.589
--- Optional ---
  exact_chamfer mode=cache update_ms_total=0.000 update_ms_avg=0.000 query_ms_total=0.037 query_ms_avg=0.001 path=D:\Develop\native-l2-e2lsh-chamfer\output\paper_uni\sift\exact_no\exact_cache.csv
=========================================
Done. queries=57 wrote D:\Develop\native-l2-e2lsh-chamfer\output\paper_uni\sift\no_e2_seed1\compare_cost_log.csv
Wrote timing summary to D:\Develop\native-l2-e2lsh-chamfer\output\paper_uni\sift\no_e2_seed1\timing_summary.json

========== E2LSH BREAKDOWN (ms) ==========
insertA total=41313.15 (h0=1398.73 hash=158.56 exact=866.18 map=0.00 coord_io=0.00 posting=0.00 resolve=9650.01 sampler=10916.22 other=18323.44)
insertB total=528.00 (h0=15.37 resolve=109.81 exact+sampler=400.56 other=2.26)
deleteB total=458.82 (membership=453.25 exact+sampler=3.26 other=2.31)
expandTop total=0.32 count=24
query total=202.44 (sample=105.77 Da=0.00 NN=96.59 overhead=0.07 io=0.00 reads=0)
fractions of profiled E2LSH (42502.73 ms): NN=0.23% sample=0.25% Da=0.00% structure=99.52%
==========================================
