seed=4 e2lsh_only=1 no_outlier=1 estimator=queryStratified with_is=1 T_override=300
loading D:\Develop\native-l2-e2lsh-chamfer\data\SIFT/base.f32bin (flat f32 stream for e2lsh-only)
loading D:\Develop\native-l2-e2lsh-chamfer\data\SIFT/query.f32bin
window_size=500 query_interval=166 |A|=1000000 |B|=10000 dim=128 (flat-A)
exact=cache hit path=output/sampling_ablation/sift/exact_no/exact_cache.csv entries=57
omp_threads=1
E2LSH-only mode: skipping QuadTree and Uniform
E2LSH K=120 rho=0.0001 n_max=1100000 (formula: K=max(1,ceil(4*ln(8*n_max^2)))) backend=ram
E2LSH insertA progress 114688/1000000
E2LSH insertA progress 212992/1000000
E2LSH insertA progress 311296/1000000
E2LSH insertA progress 409600/1000000
E2LSH insertA progress 507904/1000000
E2LSH insertA progress 606208/1000000
E2LSH insertA progress 704512/1000000
E2LSH insertA progress 802816/1000000
E2LSH insertA progress 901120/1000000
E2LSH insertA progress 1000000/1000000
E2LSH A insert done in 45499.4 ms L=24 D=3.35544e+09
strata invariant OK sumN=1000000 pos=1000000
Step 664 |A|=1000000 |Bwin|=500 T=300 L=24
  chamfer=2.86078e+08 strat=2.86662e+08 (0.00204225) is=3.10474e+08 (0.0852796)
Step 830 |A|=1000000 |Bwin|=500 T=300 L=24
  chamfer=2.84103e+08 strat=2.79218e+08 (-0.0171935) is=2.99307e+08 (0.0535157)
Step 996 |A|=1000000 |Bwin|=500 T=300 L=24
  chamfer=2.85211e+08 strat=2.81697e+08 (-0.0123194) is=2.8417e+08 (-0.00364859)
Step 1162 |A|=1000000 |Bwin|=500 T=300 L=24
  chamfer=2.85399e+08 strat=2.8666e+08 (0.00441798) is=2.82064e+08 (-0.011686)
Step 1328 |A|=1000000 |Bwin|=500 T=300 L=24
  chamfer=2.87045e+08 strat=2.88453e+08 (0.00490599) is=2.79206e+08 (-0.027309)
Step 1494 |A|=1000000 |Bwin|=500 T=300 L=24
  chamfer=2.84613e+08 strat=2.8084e+08 (-0.0132552) is=2.6482e+08 (-0.0695426)
Step 1660 |A|=1000000 |Bwin|=500 T=300 L=24
  chamfer=2.85564e+08 strat=2.86402e+08 (0.00293631) is=2.8731e+08 (0.00611502)
Step 1826 |A|=1000000 |Bwin|=500 T=300 L=24
  chamfer=2.87945e+08 strat=2.92773e+08 (0.0167675) is=2.89419e+08 (0.00512002)
Step 1992 |A|=1000000 |Bwin|=500 T=300 L=24
  chamfer=2.87949e+08 strat=2.90013e+08 (0.00716981) is=2.78863e+08 (-0.0315515)
Step 2158 |A|=1000000 |Bwin|=500 T=300 L=24
  chamfer=2.86047e+08 strat=2.8558e+08 (-0.00163472) is=2.91058e+08 (0.0175157)
Step 2324 |A|=1000000 |Bwin|=500 T=300 L=24
  chamfer=2.84132e+08 strat=2.83985e+08 (-0.000518234) is=2.88092e+08 (0.013935)
Step 2490 |A|=1000000 |Bwin|=500 T=300 L=24
  chamfer=2.85706e+08 strat=2.87257e+08 (0.00542895) is=2.88593e+08 (0.0101027)
Step 2656 |A|=1000000 |Bwin|=500 T=300 L=24
  chamfer=2.87182e+08 strat=2.83252e+08 (-0.0136868) is=2.73178e+08 (-0.0487658)
Step 2822 |A|=1000000 |Bwin|=500 T=300 L=24
  chamfer=2.86633e+08 strat=2.87732e+08 (0.00383567) is=2.92894e+08 (0.0218431)
Step 2988 |A|=1000000 |Bwin|=500 T=300 L=24
  chamfer=2.86601e+08 strat=2.85513e+08 (-0.0037976) is=2.77702e+08 (-0.0310504)
Step 3154 |A|=1000000 |Bwin|=500 T=300 L=24
  chamfer=2.8662e+08 strat=2.80787e+08 (-0.0203506) is=2.68089e+08 (-0.0646555)
Step 3320 |A|=1000000 |Bwin|=500 T=300 L=24
  chamfer=2.85877e+08 strat=2.88736e+08 (0.0100001) is=2.83178e+08 (-0.00944284)
Step 3486 |A|=1000000 |Bwin|=500 T=300 L=24
  chamfer=2.84227e+08 strat=2.83623e+08 (-0.00212771) is=2.74346e+08 (-0.0347673)
Step 3652 |A|=1000000 |Bwin|=500 T=300 L=24
  chamfer=2.8406e+08 strat=2.86678e+08 (0.00921516) is=2.82579e+08 (-0.00521415)
Step 3818 |A|=1000000 |Bwin|=500 T=300 L=24
  chamfer=2.84112e+08 strat=2.80916e+08 (-0.0112518) is=2.63565e+08 (-0.0723222)
Step 3984 |A|=1000000 |Bwin|=500 T=300 L=24
  chamfer=2.83076e+08 strat=2.77868e+08 (-0.018397) is=2.90155e+08 (0.0250086)
Step 4150 |A|=1000000 |Bwin|=500 T=300 L=24
  chamfer=2.83537e+08 strat=2.78027e+08 (-0.0194337) is=2.96699e+08 (0.0464193)
Step 4316 |A|=1000000 |Bwin|=500 T=300 L=24
  chamfer=2.83541e+08 strat=2.78923e+08 (-0.0162858) is=2.88002e+08 (0.0157333)
Step 4482 |A|=1000000 |Bwin|=500 T=300 L=24
  chamfer=2.83984e+08 strat=2.90237e+08 (0.022018) is=2.88955e+08 (0.0175016)
Step 4648 |A|=1000000 |Bwin|=500 T=300 L=24
  chamfer=2.85222e+08 strat=2.86717e+08 (0.0052417) is=2.91956e+08 (0.0236102)
Step 4814 |A|=1000000 |Bwin|=500 T=300 L=24
  chamfer=2.86048e+08 strat=2.76677e+08 (-0.0327603) is=2.89148e+08 (0.0108392)
Step 4980 |A|=1000000 |Bwin|=500 T=300 L=24
  chamfer=2.83654e+08 strat=2.85477e+08 (0.00642913) is=2.82384e+08 (-0.00447786)
Step 5146 |A|=1000000 |Bwin|=500 T=300 L=24
  chamfer=2.82535e+08 strat=2.80695e+08 (-0.00651203) is=2.95319e+08 (0.0452457)
Step 5312 |A|=1000000 |Bwin|=500 T=300 L=24
  chamfer=2.84081e+08 strat=2.84561e+08 (0.00169178) is=2.87202e+08 (0.0109861)
Step 5478 |A|=1000000 |Bwin|=500 T=300 L=24
  chamfer=2.85578e+08 strat=2.82836e+08 (-0.00960444) is=2.85356e+08 (-0.000779827)
Step 5644 |A|=1000000 |Bwin|=500 T=300 L=24
  chamfer=2.86886e+08 strat=2.87218e+08 (0.00115637) is=2.86488e+08 (-0.00138746)
Step 5810 |A|=1000000 |Bwin|=500 T=300 L=24
  chamfer=2.85681e+08 strat=2.88622e+08 (0.010295) is=2.89812e+08 (0.0144615)
Step 5976 |A|=1000000 |Bwin|=500 T=300 L=24
  chamfer=2.86518e+08 strat=2.81445e+08 (-0.0177064) is=2.77626e+08 (-0.0310347)
Step 6142 |A|=1000000 |Bwin|=500 T=300 L=24
  chamfer=2.86752e+08 strat=2.88852e+08 (0.00732427) is=2.80745e+08 (-0.0209489)
Step 6308 |A|=1000000 |Bwin|=500 T=300 L=24
  chamfer=2.85377e+08 strat=2.86834e+08 (0.00510566) is=2.93321e+08 (0.0278391)
Step 6474 |A|=1000000 |Bwin|=500 T=300 L=24
  chamfer=2.87488e+08 strat=2.85851e+08 (-0.00569514) is=2.86345e+08 (-0.00397529)
Step 6640 |A|=1000000 |Bwin|=500 T=300 L=24
  chamfer=2.8609e+08 strat=2.88609e+08 (0.00880309) is=3.04259e+08 (0.0635088)
Step 6806 |A|=1000000 |Bwin|=500 T=300 L=24
  chamfer=2.85762e+08 strat=2.86697e+08 (0.00327138) is=2.8611e+08 (0.00121754)
Step 6972 |A|=1000000 |Bwin|=500 T=300 L=24
  chamfer=2.83669e+08 strat=2.8125e+08 (-0.00852903) is=2.76781e+08 (-0.0242824)
Step 7138 |A|=1000000 |Bwin|=500 T=300 L=24
  chamfer=2.84946e+08 strat=2.85608e+08 (0.00232582) is=2.80602e+08 (-0.0152446)
Step 7304 |A|=1000000 |Bwin|=500 T=300 L=24
  chamfer=2.86931e+08 strat=2.85199e+08 (-0.00603525) is=2.61211e+08 (-0.0896369)
Step 7470 |A|=1000000 |Bwin|=500 T=300 L=24
  chamfer=2.86388e+08 strat=2.84769e+08 (-0.005655) is=2.78498e+08 (-0.0275514)
Step 7636 |A|=1000000 |Bwin|=500 T=300 L=24
  chamfer=2.85674e+08 strat=2.89294e+08 (0.0126725) is=2.88862e+08 (0.0111613)
Step 7802 |A|=1000000 |Bwin|=500 T=300 L=24
  chamfer=2.84491e+08 strat=2.84596e+08 (0.000368702) is=2.69665e+08 (-0.0521139)
Step 7968 |A|=1000000 |Bwin|=500 T=300 L=24
  chamfer=2.84174e+08 strat=2.81161e+08 (-0.0106012) is=2.7101e+08 (-0.0463225)
Step 8134 |A|=1000000 |Bwin|=500 T=300 L=24
  chamfer=2.84822e+08 strat=2.89134e+08 (0.0151372) is=2.93341e+08 (0.0299078)
Step 8300 |A|=1000000 |Bwin|=500 T=300 L=24
  chamfer=2.85263e+08 strat=2.85686e+08 (0.00148281) is=2.69481e+08 (-0.0553229)
Step 8466 |A|=1000000 |Bwin|=500 T=300 L=24
  chamfer=2.83507e+08 strat=2.83734e+08 (0.000801984) is=2.76378e+08 (-0.0251446)
Step 8632 |A|=1000000 |Bwin|=500 T=300 L=24
  chamfer=2.838e+08 strat=2.84504e+08 (0.00247996) is=2.93614e+08 (0.0345806)
Step 8798 |A|=1000000 |Bwin|=500 T=300 L=24
  chamfer=2.84825e+08 strat=2.84506e+08 (-0.0011222) is=2.75527e+08 (-0.032645)
Step 8964 |A|=1000000 |Bwin|=500 T=300 L=24
  chamfer=2.86885e+08 strat=2.87957e+08 (0.00373624) is=2.92929e+08 (0.0210685)
Step 9130 |A|=1000000 |Bwin|=500 T=300 L=24
  chamfer=2.85956e+08 strat=2.8734e+08 (0.00484124) is=2.78533e+08 (-0.025957)
Step 9296 |A|=1000000 |Bwin|=500 T=300 L=24
  chamfer=2.85789e+08 strat=2.88011e+08 (0.00777253) is=2.79264e+08 (-0.022832)
Step 9462 |A|=1000000 |Bwin|=500 T=300 L=24
  chamfer=2.87009e+08 strat=2.83578e+08 (-0.0119533) is=2.94927e+08 (0.0275879)
Step 9628 |A|=1000000 |Bwin|=500 T=300 L=24
  chamfer=2.88781e+08 strat=2.90581e+08 (0.00623376) is=2.95973e+08 (0.0249046)
Step 9794 |A|=1000000 |Bwin|=500 T=300 L=24
  chamfer=2.86812e+08 strat=2.86871e+08 (0.000204679) is=2.98669e+08 (0.0413381)
Step 9960 |A|=1000000 |Bwin|=500 T=300 L=24
  chamfer=2.85034e+08 strat=2.82118e+08 (-0.0102291) is=2.81364e+08 (-0.0128728)

========== TIMING SUMMARY (ms) ==========
E2LSH K=120 L_final=24 queries=57 update_ops=10000 mode=e2lsh-only
wall_ms_total=46671.988
per_update_ms e2lsh=0.095 quadtree=0.000 uniform=0.000 benchmark=0.000
--- E2LSH structure ---
  init_insert_A_ms=45499.392
  update_ms_total=754.646  update_ms_avg=0.075
--- E2LSH stratified ---
  query_ms_total=193.330  query_ms_avg=3.392
--- E2LSH importance ---
  query_ms_total=189.814  query_ms_avg=3.330
--- Optional ---
  exact_chamfer mode=cache update_ms_total=0.000 update_ms_avg=0.000 query_ms_total=0.042 query_ms_avg=0.001 path=output/sampling_ablation/sift/exact_no/exact_cache.csv
=========================================
Done. queries=57 wrote D:\Develop\native-l2-e2lsh-chamfer\output\sampling_ablation\sift\no_seed4\compare_cost_log.csv
Wrote timing summary to D:\Develop\native-l2-e2lsh-chamfer\output\sampling_ablation\sift\no_seed4\timing_summary.json

========== E2LSH BREAKDOWN (ms) ==========
insertA total=44914.32 (h0=1419.60 hash=171.00 exact=931.36 map=0.00 coord_io=0.00 posting=0.00 resolve=10331.51 sampler=11972.40 other=20088.44)
insertB total=410.22 (h0=14.49 resolve=109.76 exact+sampler=283.71 other=2.26)
deleteB total=338.90 (membership=333.62 exact+sampler=3.38 other=1.90)
expandTop total=0.35 count=24
query total=379.40 (sample=189.54 Da=0.00 NN=189.72 overhead=0.14 io=0.00 reads=0)
fractions of profiled E2LSH (46043.19 ms): NN=0.41% sample=0.41% Da=0.00% structure=99.18%
==========================================
