seed=4 no_outlier=1 estimator=queryStratified T_override=200
loading D:\Develop\native-l2-e2lsh-chamfer\data\Fashion-MNIST/train.f32bin
loading D:\Develop\native-l2-e2lsh-chamfer\data\Fashion-MNIST/query.f32bin
window_size=500 query_interval=166 |A|=60000 |B|=10000 dim=784
exact=cache hit path=D:\Develop\native-l2-e2lsh-chamfer\output\paper_uni\fashion\exact_no\exact_cache.csv entries=57
omp_threads=1
9084.99 0.0001
diameter=9084.99 aspect=9.08499e+07 depth=27
QuadTree A insert done in 7827.48 ms
E2LSH K=98 rho=0.0001 n_max=70000 (formula: K=max(1,ceil(4*ln(8*n_max^2)))) backend=ram
E2LSH A insert done in 1457.33 ms L=27 D=1.61061e+09
strata invariant OK sumN=60000 pos=60000
Step 664 |A|=60000 |Bwin|=500 T=200 L=27
NN_MICROBENCH reps=256 e2_ms=15.3919 flat_ms=13.5494 ratio_slow_over_fast=1.13598 e2_nB=500 flat_nB=500 e2_align=0 flat_align=0 note=timed status=OK sink=1.23756e+06
  chamfer=7.6214e+07 qt=7.72303e+07 (0.0133353) e2(strat)=7.5686e+07 (-0.00692742) uni=7.84972e+07 (0.029958)
Step 830 |A|=60000 |Bwin|=500 T=200 L=27
  chamfer=7.60605e+07 qt=7.62694e+07 (0.00274695) e2(strat)=7.34151e+07 (-0.0347801) uni=7.50804e+07 (-0.0128849)
Step 996 |A|=60000 |Bwin|=500 T=200 L=27
  chamfer=7.61033e+07 qt=7.53839e+07 (-0.00945325) e2(strat)=7.62795e+07 (0.00231482) uni=7.79841e+07 (0.0247136)
Step 1162 |A|=60000 |Bwin|=500 T=200 L=27
  chamfer=7.6046e+07 qt=7.23007e+07 (-0.0492502) e2(strat)=7.42252e+07 (-0.0239432) uni=7.56998e+07 (-0.00455191)
Step 1328 |A|=60000 |Bwin|=500 T=200 L=27
  chamfer=7.61793e+07 qt=7.64296e+07 (0.00328623) e2(strat)=7.6189e+07 (0.000127362) uni=7.61982e+07 (0.00024878)
Step 1494 |A|=60000 |Bwin|=500 T=200 L=27
  chamfer=7.56485e+07 qt=7.53366e+07 (-0.00412342) e2(strat)=7.47746e+07 (-0.011552) uni=7.4617e+07 (-0.0136358)
Step 1660 |A|=60000 |Bwin|=500 T=200 L=27
  chamfer=7.55099e+07 qt=7.48755e+07 (-0.00840169) e2(strat)=7.4498e+07 (-0.0133998) uni=7.59613e+07 (0.00597882)
Step 1826 |A|=60000 |Bwin|=500 T=200 L=27
  chamfer=7.51453e+07 qt=7.20408e+07 (-0.0413133) e2(strat)=7.61091e+07 (0.0128263) uni=7.47737e+07 (-0.00494544)
Step 1992 |A|=60000 |Bwin|=500 T=200 L=27
  chamfer=7.5252e+07 qt=7.46304e+07 (-0.00826093) e2(strat)=7.39166e+07 (-0.0177465) uni=7.43531e+07 (-0.0119457)
Step 2158 |A|=60000 |Bwin|=500 T=200 L=27
  chamfer=7.52739e+07 qt=7.58321e+07 (0.00741571) e2(strat)=7.61705e+07 (0.0119117) uni=7.62653e+07 (0.0131715)
Step 2324 |A|=60000 |Bwin|=500 T=200 L=27
  chamfer=7.61659e+07 qt=7.48454e+07 (-0.017337) e2(strat)=7.58597e+07 (-0.00401987) uni=7.62041e+07 (0.00050178)
Step 2490 |A|=60000 |Bwin|=500 T=200 L=27
  chamfer=7.61729e+07 qt=7.6171e+07 (-2.45319e-05) e2(strat)=7.4146e+07 (-0.026609) uni=7.67714e+07 (0.00785737)
Step 2656 |A|=60000 |Bwin|=500 T=200 L=27
  chamfer=7.59201e+07 qt=7.67529e+07 (0.0109697) e2(strat)=7.68783e+07 (0.0126211) uni=7.88684e+07 (0.0388347)
Step 2822 |A|=60000 |Bwin|=500 T=200 L=27
  chamfer=7.5441e+07 qt=7.74995e+07 (0.0272854) e2(strat)=7.54406e+07 (-5.81481e-06) uni=7.46771e+07 (-0.0101257)
Step 2988 |A|=60000 |Bwin|=500 T=200 L=27
  chamfer=7.58256e+07 qt=7.57495e+07 (-0.00100416) e2(strat)=7.43718e+07 (-0.0191731) uni=7.31621e+07 (-0.0351277)
Step 3154 |A|=60000 |Bwin|=500 T=200 L=27
  chamfer=7.61174e+07 qt=7.43316e+07 (-0.0234608) e2(strat)=7.7264e+07 (0.0150633) uni=7.50387e+07 (-0.0141716)
Step 3320 |A|=60000 |Bwin|=500 T=200 L=27
  chamfer=7.61798e+07 qt=7.93274e+07 (0.041318) e2(strat)=7.65831e+07 (0.00529401) uni=7.63553e+07 (0.00230341)
Step 3486 |A|=60000 |Bwin|=500 T=200 L=27
  chamfer=7.59083e+07 qt=7.69373e+07 (0.013555) e2(strat)=7.79872e+07 (0.0273862) uni=7.71231e+07 (0.0160035)
Step 3652 |A|=60000 |Bwin|=500 T=200 L=27
  chamfer=7.59131e+07 qt=7.22506e+07 (-0.0482463) e2(strat)=7.74808e+07 (0.0206506) uni=7.6212e+07 (0.00393638)
Step 3818 |A|=60000 |Bwin|=500 T=200 L=27
  chamfer=7.58834e+07 qt=7.58067e+07 (-0.00101054) e2(strat)=7.52134e+07 (-0.00882859) uni=7.43646e+07 (-0.0200149)
Step 3984 |A|=60000 |Bwin|=500 T=200 L=27
  chamfer=7.59164e+07 qt=7.35555e+07 (-0.0310997) e2(strat)=7.5786e+07 (-0.00171835) uni=7.68967e+07 (0.0129125)
Step 4150 |A|=60000 |Bwin|=500 T=200 L=27
  chamfer=7.60795e+07 qt=7.52679e+07 (-0.0106679) e2(strat)=7.56968e+07 (-0.0050301) uni=7.63385e+07 (0.00340429)
Step 4316 |A|=60000 |Bwin|=500 T=200 L=27
  chamfer=7.60934e+07 qt=8.10198e+07 (0.0647415) e2(strat)=7.60915e+07 (-2.54164e-05) uni=7.51626e+07 (-0.0122328)
Step 4482 |A|=60000 |Bwin|=500 T=200 L=27
  chamfer=7.59757e+07 qt=7.73918e+07 (0.0186386) e2(strat)=7.80452e+07 (0.0272387) uni=7.82409e+07 (0.0298152)
Step 4648 |A|=60000 |Bwin|=500 T=200 L=27
  chamfer=7.60508e+07 qt=7.94468e+07 (0.0446548) e2(strat)=7.45931e+07 (-0.019168) uni=7.4584e+07 (-0.0192871)
Step 4814 |A|=60000 |Bwin|=500 T=200 L=27
  chamfer=7.58275e+07 qt=7.7576e+07 (0.0230592) e2(strat)=7.38185e+07 (-0.0264942) uni=7.56178e+07 (-0.00276499)
Step 4980 |A|=60000 |Bwin|=500 T=200 L=27
  chamfer=7.5775e+07 qt=7.82007e+07 (0.0320118) e2(strat)=7.48203e+07 (-0.0125983) uni=7.58813e+07 (0.00140329)
Step 5146 |A|=60000 |Bwin|=500 T=200 L=27
  chamfer=7.6206e+07 qt=7.58452e+07 (-0.00473439) e2(strat)=7.56843e+07 (-0.00684593) uni=7.61773e+07 (-0.000375998)
Step 5312 |A|=60000 |Bwin|=500 T=200 L=27
  chamfer=7.59706e+07 qt=8.11731e+07 (0.0684808) e2(strat)=7.57295e+07 (-0.00317327) uni=7.45269e+07 (-0.0190031)
Step 5478 |A|=60000 |Bwin|=500 T=200 L=27
  chamfer=7.58271e+07 qt=7.55969e+07 (-0.00303614) e2(strat)=7.5013e+07 (-0.010737) uni=7.57143e+07 (-0.00148799)
Step 5644 |A|=60000 |Bwin|=500 T=200 L=27
  chamfer=7.56264e+07 qt=7.8731e+07 (0.0410519) e2(strat)=7.72204e+07 (0.0210778) uni=7.64249e+07 (0.0105584)
Step 5810 |A|=60000 |Bwin|=500 T=200 L=27
  chamfer=7.57292e+07 qt=7.86298e+07 (0.0383023) e2(strat)=7.33353e+07 (-0.0316117) uni=7.40944e+07 (-0.0215876)
Step 5976 |A|=60000 |Bwin|=500 T=200 L=27
  chamfer=7.59242e+07 qt=7.45088e+07 (-0.0186432) e2(strat)=7.82528e+07 (0.0306694) uni=7.61574e+07 (0.00307151)
Step 6142 |A|=60000 |Bwin|=500 T=200 L=27
  chamfer=7.62646e+07 qt=7.74998e+07 (0.0161954) e2(strat)=7.77009e+07 (0.0188333) uni=7.45211e+07 (-0.0228617)
Step 6308 |A|=60000 |Bwin|=500 T=200 L=27
  chamfer=7.62956e+07 qt=7.4229e+07 (-0.0270872) e2(strat)=7.63092e+07 (0.000178054) uni=7.80121e+07 (0.022498)
Step 6474 |A|=60000 |Bwin|=500 T=200 L=27
  chamfer=7.62056e+07 qt=7.7743e+07 (0.0201743) e2(strat)=7.54106e+07 (-0.0104322) uni=7.74533e+07 (0.0163723)
Step 6640 |A|=60000 |Bwin|=500 T=200 L=27
  chamfer=7.62003e+07 qt=7.2845e+07 (-0.0440328) e2(strat)=7.64189e+07 (0.00286971) uni=7.59862e+07 (-0.00280912)
Step 6806 |A|=60000 |Bwin|=500 T=200 L=27
  chamfer=7.63876e+07 qt=7.85917e+07 (0.028855) e2(strat)=7.51891e+07 (-0.0156891) uni=7.63193e+07 (-0.00089371)
Step 6972 |A|=60000 |Bwin|=500 T=200 L=27
  chamfer=7.66988e+07 qt=7.69599e+07 (0.00340466) e2(strat)=7.86356e+07 (0.0252524) uni=7.67752e+07 (0.000995876)
Step 7138 |A|=60000 |Bwin|=500 T=200 L=27
  chamfer=7.6005e+07 qt=7.38806e+07 (-0.0279503) e2(strat)=7.22059e+07 (-0.0499848) uni=7.57733e+07 (-0.00304882)
Step 7304 |A|=60000 |Bwin|=500 T=200 L=27
  chamfer=7.59728e+07 qt=7.69444e+07 (0.0127886) e2(strat)=7.61478e+07 (0.00230324) uni=7.77351e+07 (0.0231962)
Step 7470 |A|=60000 |Bwin|=500 T=200 L=27
  chamfer=7.57001e+07 qt=7.38042e+07 (-0.0250456) e2(strat)=7.60456e+07 (0.00456434) uni=7.39217e+07 (-0.0234928)
Step 7636 |A|=60000 |Bwin|=500 T=200 L=27
  chamfer=7.59814e+07 qt=7.45103e+07 (-0.0193613) e2(strat)=7.5827e+07 (-0.00203291) uni=7.562e+07 (-0.00475631)
Step 7802 |A|=60000 |Bwin|=500 T=200 L=27
  chamfer=7.57592e+07 qt=7.70094e+07 (0.016502) e2(strat)=7.41174e+07 (-0.0216717) uni=7.44128e+07 (-0.0177725)
Step 7968 |A|=60000 |Bwin|=500 T=200 L=27
  chamfer=7.60701e+07 qt=7.40934e+07 (-0.0259853) e2(strat)=7.76464e+07 (0.0207211) uni=7.59047e+07 (-0.00217418)
Step 8134 |A|=60000 |Bwin|=500 T=200 L=27
  chamfer=7.59887e+07 qt=7.86946e+07 (0.035609) e2(strat)=7.53004e+07 (-0.0090578) uni=7.5762e+07 (-0.00298272)
Step 8300 |A|=60000 |Bwin|=500 T=200 L=27
  chamfer=7.64099e+07 qt=7.85813e+07 (0.0284175) e2(strat)=7.76194e+07 (0.0158298) uni=7.82654e+07 (0.0242834)
Step 8466 |A|=60000 |Bwin|=500 T=200 L=27
  chamfer=7.60042e+07 qt=7.40919e+07 (-0.0251595) e2(strat)=7.61369e+07 (0.00174623) uni=7.4976e+07 (-0.013528)
Step 8632 |A|=60000 |Bwin|=500 T=200 L=27
  chamfer=7.5934e+07 qt=7.44684e+07 (-0.0193008) e2(strat)=7.66568e+07 (0.00951981) uni=7.64167e+07 (0.00635743)
Step 8798 |A|=60000 |Bwin|=500 T=200 L=27
  chamfer=7.56676e+07 qt=7.35905e+07 (-0.02745) e2(strat)=7.4335e+07 (-0.0176112) uni=7.46104e+07 (-0.0139716)
Step 8964 |A|=60000 |Bwin|=500 T=200 L=27
  chamfer=7.57289e+07 qt=7.61931e+07 (0.00612934) e2(strat)=7.62156e+07 (0.00642599) uni=7.92204e+07 (0.046105)
Step 9130 |A|=60000 |Bwin|=500 T=200 L=27
  chamfer=7.59564e+07 qt=7.58494e+07 (-0.00140908) e2(strat)=7.57984e+07 (-0.00208021) uni=7.44306e+07 (-0.0200872)
Step 9296 |A|=60000 |Bwin|=500 T=200 L=27
  chamfer=7.60682e+07 qt=7.54831e+07 (-0.00769103) e2(strat)=7.75708e+07 (0.019754) uni=7.52188e+07 (-0.0111656)
Step 9462 |A|=60000 |Bwin|=500 T=200 L=27
  chamfer=7.62539e+07 qt=7.73042e+07 (0.0137739) e2(strat)=7.59343e+07 (-0.00419049) uni=7.43433e+07 (-0.025055)
Step 9628 |A|=60000 |Bwin|=500 T=200 L=27
  chamfer=7.62601e+07 qt=7.51941e+07 (-0.0139789) e2(strat)=7.48969e+07 (-0.0178763) uni=7.76384e+07 (0.0180734)
Step 9794 |A|=60000 |Bwin|=500 T=200 L=27
  chamfer=7.59861e+07 qt=7.6711e+07 (0.00954035) e2(strat)=7.413e+07 (-0.0244261) uni=7.62703e+07 (0.00374008)
Step 9960 |A|=60000 |Bwin|=500 T=200 L=27
  chamfer=7.59066e+07 qt=7.80872e+07 (0.0287269) e2(strat)=7.80631e+07 (0.0284089) uni=7.66595e+07 (0.00991835)

========== TIMING SUMMARY (ms) ==========
E2LSH K=98 L_final=27 queries=57 update_ops=10000
wall_ms_total=15959.369
per_update_ms e2lsh=0.124 quadtree=0.397 uniform=0.072 benchmark=0.000
--- QuadTree ---
  init_insert_A_ms=7827.481
  update_ms_total=3211.919  update_ms_avg=0.321
  query_ms_total=759.757  query_ms_avg=13.329
--- E2LSH structure ---
  init_insert_A_ms=1457.331
  update_ms_total=443.192  update_ms_avg=0.044
--- E2LSH stratified ---
  query_ms_total=796.407  query_ms_avg=13.972
--- Optional ---
  uniform_query_ms_total=718.570  uniform_query_ms_avg=12.606
  exact_chamfer mode=cache update_ms_total=0.000 update_ms_avg=0.000 query_ms_total=0.059 query_ms_avg=0.001 path=D:\Develop\native-l2-e2lsh-chamfer\output\paper_uni\fashion\exact_no\exact_cache.csv
=========================================
Done. queries=57 wrote D:\Develop\native-l2-e2lsh-chamfer\output\paper_uni\fashion\no_seed4\compare_cost_log.csv
Wrote timing summary to D:\Develop\native-l2-e2lsh-chamfer\output\paper_uni\fashion\no_seed4\timing_summary.json

========== E2LSH BREAKDOWN (ms) ==========
insertA total=1440.31 (h0=657.83 hash=48.44 exact=127.00 map=0.00 coord_io=0.00 posting=0.00 resolve=520.18 sampler=24.03 other=62.82)
insertB total=349.21 (h0=125.35 resolve=124.27 exact+sampler=92.05 other=7.54)
deleteB total=87.38 (membership=76.90 exact+sampler=3.84 other=6.64)
expandTop total=0.23 count=27
query total=794.31 (sample=50.60 Da=0.00 NN=743.62 overhead=0.09 io=0.00 reads=0)
fractions of profiled E2LSH (2671.43 ms): NN=27.84% sample=1.89% Da=0.00% structure=70.27%
==========================================
