seed=5 e2lsh_only=1 no_outlier=1 estimator=queryStratified T_override=300
loading D:\Develop\native-l2-e2lsh-chamfer\data\GIST_1M/base.f32bin (flat f32)
loading D:\Develop\native-l2-e2lsh-chamfer\data\GIST_1M/query.f32bin
window_size=50 query_interval=26 |A|=1000000 |B|=1000 dim=960 (flat-A)
exact=cache hit path=D:\Develop\native-l2-e2lsh-chamfer\output\paper_uni\gist\exact_no\exact_cache.csv entries=37
omp_threads=1
E2LSH-only mode: skipping QuadTree and Uniform
E2LSH K=120 rho=0.0001 n_max=1100000 (formula: K=max(1,ceil(4*ln(8*n_max^2)))) backend=ram
E2LSH insertA progress 114688/1000000
E2LSH insertA progress 212992/1000000
E2LSH insertA progress 311296/1000000
E2LSH insertA progress 409600/1000000
E2LSH insertA progress 507904/1000000
E2LSH insertA progress 606208/1000000
E2LSH insertA progress 704512/1000000
E2LSH insertA progress 802816/1000000
E2LSH insertA progress 901120/1000000
E2LSH insertA progress 1000000/1000000
E2LSH A insert done in 48077.7 ms L=18 D=5.24288e+07
strata invariant OK sumN=1000000 pos=1000000
Step 52 |A|=1000000 |Bwin|=50 T=300 L=18
  chamfer=1.43068e+06 strat=1.46278e+06 (0.0224361)
Step 78 |A|=1000000 |Bwin|=50 T=300 L=18
  chamfer=1.43764e+06 strat=1.42562e+06 (-0.00836099)
Step 104 |A|=1000000 |Bwin|=50 T=300 L=18
  chamfer=1.43964e+06 strat=1.40659e+06 (-0.0229541)
Step 130 |A|=1000000 |Bwin|=50 T=300 L=18
  chamfer=1.4244e+06 strat=1.40141e+06 (-0.0161463)
Step 156 |A|=1000000 |Bwin|=50 T=300 L=18
  chamfer=1.38854e+06 strat=1.39815e+06 (0.00691624)
Step 182 |A|=1000000 |Bwin|=50 T=300 L=18
  chamfer=1.39161e+06 strat=1.37263e+06 (-0.0136382)
Step 208 |A|=1000000 |Bwin|=50 T=300 L=18
  chamfer=1.39431e+06 strat=1.4149e+06 (0.0147713)
Step 234 |A|=1000000 |Bwin|=50 T=300 L=18
  chamfer=1.38742e+06 strat=1.36913e+06 (-0.0131806)
Step 260 |A|=1000000 |Bwin|=50 T=300 L=18
  chamfer=1.46081e+06 strat=1.44974e+06 (-0.00757972)
Step 286 |A|=1000000 |Bwin|=50 T=300 L=18
  chamfer=1.38259e+06 strat=1.47148e+06 (0.0642961)
Step 312 |A|=1000000 |Bwin|=50 T=300 L=18
  chamfer=1.38159e+06 strat=1.36967e+06 (-0.00862246)
Step 338 |A|=1000000 |Bwin|=50 T=300 L=18
  chamfer=1.40078e+06 strat=1.41116e+06 (0.00741361)
Step 364 |A|=1000000 |Bwin|=50 T=300 L=18
  chamfer=1.39257e+06 strat=1.37229e+06 (-0.0145663)
Step 390 |A|=1000000 |Bwin|=50 T=300 L=18
  chamfer=1.40099e+06 strat=1.39904e+06 (-0.0013921)
Step 416 |A|=1000000 |Bwin|=50 T=300 L=18
  chamfer=1.39635e+06 strat=1.37033e+06 (-0.0186361)
Step 442 |A|=1000000 |Bwin|=50 T=300 L=18
  chamfer=1.41795e+06 strat=1.4291e+06 (0.00786411)
Step 468 |A|=1000000 |Bwin|=50 T=300 L=18
  chamfer=1.40323e+06 strat=1.3799e+06 (-0.0166256)
Step 494 |A|=1000000 |Bwin|=50 T=300 L=18
  chamfer=1.38008e+06 strat=1.39304e+06 (0.00939291)
Step 520 |A|=1000000 |Bwin|=50 T=300 L=18
  chamfer=1.38524e+06 strat=1.39671e+06 (0.00828062)
Step 546 |A|=1000000 |Bwin|=50 T=300 L=18
  chamfer=1.37496e+06 strat=1.31091e+06 (-0.0465875)
Step 572 |A|=1000000 |Bwin|=50 T=300 L=18
  chamfer=1.36314e+06 strat=1.37696e+06 (0.0101405)
Step 598 |A|=1000000 |Bwin|=50 T=300 L=18
  chamfer=1.3641e+06 strat=1.38786e+06 (0.0174206)
Step 624 |A|=1000000 |Bwin|=50 T=300 L=18
  chamfer=1.41717e+06 strat=1.39048e+06 (-0.0188364)
Step 650 |A|=1000000 |Bwin|=50 T=300 L=18
  chamfer=1.39889e+06 strat=1.39668e+06 (-0.00157928)
Step 676 |A|=1000000 |Bwin|=50 T=300 L=18
  chamfer=1.4e+06 strat=1.40351e+06 (0.00250477)
Step 702 |A|=1000000 |Bwin|=50 T=300 L=18
  chamfer=1.38996e+06 strat=1.38914e+06 (-0.000586624)
Step 728 |A|=1000000 |Bwin|=50 T=300 L=18
  chamfer=1.38452e+06 strat=1.39946e+06 (0.010789)
Step 754 |A|=1000000 |Bwin|=50 T=300 L=18
  chamfer=1.39187e+06 strat=1.38247e+06 (-0.00675144)
Step 780 |A|=1000000 |Bwin|=50 T=300 L=18
  chamfer=1.38574e+06 strat=1.37768e+06 (-0.00581809)
Step 806 |A|=1000000 |Bwin|=50 T=300 L=18
  chamfer=1.38234e+06 strat=1.36704e+06 (-0.0110653)
Step 832 |A|=1000000 |Bwin|=50 T=300 L=18
  chamfer=1.3913e+06 strat=1.38884e+06 (-0.00176665)
Step 858 |A|=1000000 |Bwin|=50 T=300 L=18
  chamfer=1.40652e+06 strat=1.39333e+06 (-0.00938147)
Step 884 |A|=1000000 |Bwin|=50 T=300 L=18
  chamfer=1.39604e+06 strat=1.36168e+06 (-0.0246134)
Step 910 |A|=1000000 |Bwin|=50 T=300 L=18
  chamfer=1.44517e+06 strat=1.47018e+06 (0.0173057)
Step 936 |A|=1000000 |Bwin|=50 T=300 L=18
  chamfer=1.41385e+06 strat=1.39066e+06 (-0.0164042)
Step 962 |A|=1000000 |Bwin|=50 T=300 L=18
  chamfer=1.38431e+06 strat=1.37941e+06 (-0.00353634)
Step 988 |A|=1000000 |Bwin|=50 T=300 L=18
  chamfer=1.40988e+06 strat=1.39947e+06 (-0.00738145)

========== TIMING SUMMARY (ms) ==========
E2LSH K=120 L_final=18 queries=37 update_ops=1000 mode=e2lsh-only
wall_ms_total=48387.405
per_update_ms e2lsh=0.269 quadtree=0.000 uniform=0.000 benchmark=0.000
--- E2LSH structure ---
  init_insert_A_ms=48077.698
  update_ms_total=172.998  update_ms_avg=0.173
--- E2LSH stratified ---
  query_ms_total=95.779  query_ms_avg=2.589
--- Optional ---
  exact_chamfer mode=cache update_ms_total=0.000 update_ms_avg=0.000 query_ms_total=0.012 query_ms_avg=0.000 path=D:\Develop\native-l2-e2lsh-chamfer\output\paper_uni\gist\exact_no\exact_cache.csv
=========================================
Done. queries=37 wrote D:\Develop\native-l2-e2lsh-chamfer\output\paper_uni\gist\no_e2_seed5\compare_cost_log.csv
Wrote timing summary to D:\Develop\native-l2-e2lsh-chamfer\output\paper_uni\gist\no_e2_seed5\timing_summary.json

========== E2LSH BREAKDOWN (ms) ==========
insertA total=45137.45 (h0=10893.40 hash=931.17 exact=2012.92 map=0.00 coord_io=0.00 posting=0.00 resolve=6738.34 sampler=8074.72 other=16486.90)
insertB total=92.74 (h0=12.98 resolve=7.10 exact+sampler=71.51 other=1.15)
deleteB total=79.35 (membership=78.64 exact+sampler=0.29 other=0.42)
expandTop total=17.49 count=18
query total=94.56 (sample=31.85 Da=0.00 NN=62.69 overhead=0.02 io=0.00 reads=0)
fractions of profiled E2LSH (45421.59 ms): NN=0.14% sample=0.07% Da=0.00% structure=99.79%
==========================================
