seed=4 e2lsh_only=1 estimator=queryStratified with_is=1 T_override=200
loading D:\Develop\native-l2-e2lsh-chamfer\data\Fashion-MNIST/train_with_outlier.f32bin (flat f32 stream for e2lsh-only)
loading D:\Develop\native-l2-e2lsh-chamfer\data\Fashion-MNIST/query.f32bin
window_size=500 query_interval=166 |A|=60001 |B|=10000 dim=784 (flat-A)
exact=cache hit path=output/sampling_ablation/fashion/exact_out/exact_cache.csv entries=57
omp_threads=1
E2LSH-only mode: skipping QuadTree and Uniform
E2LSH K=98 rho=0.0001 n_max=70000 (formula: K=max(1,ceil(4*ln(8*n_max^2)))) backend=ram
E2LSH insertA progress 60001/60001
E2LSH A insert done in 2019.21 ms L=39 D=6.59718e+12
strata invariant OK sumN=60001 pos=60001
Step 664 |A|=60001 |Bwin|=500 T=200 L=39
  chamfer=9.0815e+07 strat=8.97066e+07 (-0.0122057) is=8.43446e+07 (-0.0712486)
Step 830 |A|=60001 |Bwin|=500 T=200 L=39
  chamfer=9.06615e+07 strat=9.16672e+07 (0.0110933) is=8.86042e+07 (-0.0226923)
Step 996 |A|=60001 |Bwin|=500 T=200 L=39
  chamfer=9.07047e+07 strat=8.84835e+07 (-0.0244878) is=8.64862e+07 (-0.0465079)
Step 1162 |A|=60001 |Bwin|=500 T=200 L=39
  chamfer=9.06471e+07 strat=9.14998e+07 (0.0094062) is=8.61035e+07 (-0.0501239)
Step 1328 |A|=60001 |Bwin|=500 T=200 L=39
  chamfer=9.07805e+07 strat=9.00776e+07 (-0.00774183) is=9.0459e+07 (-0.00354051)
Step 1494 |A|=60001 |Bwin|=500 T=200 L=39
  chamfer=9.02496e+07 strat=8.8283e+07 (-0.021791) is=9.17677e+07 (0.016821)
Step 1660 |A|=60001 |Bwin|=500 T=200 L=39
  chamfer=9.01113e+07 strat=9.37592e+07 (0.0404829) is=8.77895e+07 (-0.0257659)
Step 1826 |A|=60001 |Bwin|=500 T=200 L=39
  chamfer=8.97467e+07 strat=8.96957e+07 (-0.000567891) is=9.514e+07 (0.0600946)
Step 1992 |A|=60001 |Bwin|=500 T=200 L=39
  chamfer=8.98534e+07 strat=9.03176e+07 (0.00516638) is=8.48127e+07 (-0.0560994)
Step 2158 |A|=60001 |Bwin|=500 T=200 L=39
  chamfer=8.98752e+07 strat=9.02589e+07 (0.00426973) is=7.99801e+07 (-0.110098)
Step 2324 |A|=60001 |Bwin|=500 T=200 L=39
  chamfer=9.07672e+07 strat=9.12863e+07 (0.005719) is=9.02256e+07 (-0.0059666)
Step 2490 |A|=60001 |Bwin|=500 T=200 L=39
  chamfer=9.07742e+07 strat=9.10644e+07 (0.00319739) is=9.99039e+07 (0.100576)
Step 2656 |A|=60001 |Bwin|=500 T=200 L=39
  chamfer=9.05214e+07 strat=9.09752e+07 (0.00501332) is=9.76933e+07 (0.0792283)
Step 2822 |A|=60001 |Bwin|=500 T=200 L=39
  chamfer=9.00425e+07 strat=8.93816e+07 (-0.00733972) is=8.50951e+07 (-0.0549449)
Step 2988 |A|=60001 |Bwin|=500 T=200 L=39
  chamfer=9.04269e+07 strat=9.17346e+07 (0.0144616) is=8.44774e+07 (-0.065793)
Step 3154 |A|=60001 |Bwin|=500 T=200 L=39
  chamfer=9.07186e+07 strat=9.2142e+07 (0.0156904) is=9.85664e+07 (0.0865063)
Step 3320 |A|=60001 |Bwin|=500 T=200 L=39
  chamfer=9.07808e+07 strat=8.91191e+07 (-0.0183044) is=8.98922e+07 (-0.00978907)
Step 3486 |A|=60001 |Bwin|=500 T=200 L=39
  chamfer=9.05093e+07 strat=9.05253e+07 (0.000176863) is=9.45138e+07 (0.0442436)
Step 3652 |A|=60001 |Bwin|=500 T=200 L=39
  chamfer=9.0514e+07 strat=9.13501e+07 (0.00923735) is=9.07724e+07 (0.00285445)
Step 3818 |A|=60001 |Bwin|=500 T=200 L=39
  chamfer=9.04842e+07 strat=8.8206e+07 (-0.025178) is=9.16108e+07 (0.0124509)
Step 3984 |A|=60001 |Bwin|=500 T=200 L=39
  chamfer=9.05173e+07 strat=9.34633e+07 (0.0325464) is=9.67295e+07 (0.06863)
Step 4150 |A|=60001 |Bwin|=500 T=200 L=39
  chamfer=9.06807e+07 strat=9.25317e+07 (0.0204119) is=8.53945e+07 (-0.0582951)
Step 4316 |A|=60001 |Bwin|=500 T=200 L=39
  chamfer=9.06944e+07 strat=9.03834e+07 (-0.00342929) is=9.20815e+07 (0.0152936)
Step 4482 |A|=60001 |Bwin|=500 T=200 L=39
  chamfer=9.05766e+07 strat=9.35486e+07 (0.0328126) is=8.72595e+07 (-0.0366213)
Step 4648 |A|=60001 |Bwin|=500 T=200 L=39
  chamfer=9.06517e+07 strat=9.03825e+07 (-0.00296866) is=9.71781e+07 (0.0719947)
Step 4814 |A|=60001 |Bwin|=500 T=200 L=39
  chamfer=9.04283e+07 strat=9.05183e+07 (0.000994961) is=9.12989e+07 (0.00962718)
Step 4980 |A|=60001 |Bwin|=500 T=200 L=39
  chamfer=9.0376e+07 strat=9.16859e+07 (0.0144938) is=9.65123e+07 (0.0678973)
Step 5146 |A|=60001 |Bwin|=500 T=200 L=39
  chamfer=9.0807e+07 strat=8.93962e+07 (-0.0155371) is=9.4516e+07 (0.0408443)
Step 5312 |A|=60001 |Bwin|=500 T=200 L=39
  chamfer=9.05717e+07 strat=9.17726e+07 (0.0132592) is=8.97589e+07 (-0.00897388)
Step 5478 |A|=60001 |Bwin|=500 T=200 L=39
  chamfer=9.04283e+07 strat=8.92175e+07 (-0.0133901) is=9.85253e+07 (0.0895407)
Step 5644 |A|=60001 |Bwin|=500 T=200 L=39
  chamfer=9.02276e+07 strat=8.98908e+07 (-0.00373216) is=8.69443e+07 (-0.0363892)
Step 5810 |A|=60001 |Bwin|=500 T=200 L=39
  chamfer=9.03303e+07 strat=8.92274e+07 (-0.01221) is=9.3142e+07 (0.0311272)
Step 5976 |A|=60001 |Bwin|=500 T=200 L=39
  chamfer=9.05253e+07 strat=8.94503e+07 (-0.0118757) is=9.04456e+07 (-0.000880782)
Step 6142 |A|=60001 |Bwin|=500 T=200 L=39
  chamfer=9.08657e+07 strat=8.90348e+07 (-0.0201492) is=9.45627e+07 (0.0406861)
Step 6308 |A|=60001 |Bwin|=500 T=200 L=39
  chamfer=9.08967e+07 strat=8.98053e+07 (-0.0120068) is=1.01569e+08 (0.117414)
Step 6474 |A|=60001 |Bwin|=500 T=200 L=39
  chamfer=9.08067e+07 strat=9.18343e+07 (0.011316) is=8.62354e+07 (-0.0503416)
Step 6640 |A|=60001 |Bwin|=500 T=200 L=39
  chamfer=9.08014e+07 strat=8.76689e+07 (-0.0344985) is=8.42015e+07 (-0.0726846)
Step 6806 |A|=60001 |Bwin|=500 T=200 L=39
  chamfer=9.09887e+07 strat=8.99045e+07 (-0.0119158) is=8.12594e+07 (-0.106929)
Step 6972 |A|=60001 |Bwin|=500 T=200 L=39
  chamfer=9.13e+07 strat=8.9423e+07 (-0.0205582) is=8.53677e+07 (-0.0649756)
Step 7138 |A|=60001 |Bwin|=500 T=200 L=39
  chamfer=9.06062e+07 strat=8.79151e+07 (-0.0297007) is=8.37725e+07 (-0.0754217)
Step 7304 |A|=60001 |Bwin|=500 T=200 L=39
  chamfer=9.0574e+07 strat=9.10889e+07 (0.00568492) is=8.80415e+07 (-0.02796)
Step 7470 |A|=60001 |Bwin|=500 T=200 L=39
  chamfer=9.03013e+07 strat=8.8126e+07 (-0.0240894) is=8.50234e+07 (-0.0584482)
Step 7636 |A|=60001 |Bwin|=500 T=200 L=39
  chamfer=9.05825e+07 strat=9.01186e+07 (-0.00512144) is=9.54354e+07 (0.0535738)
Step 7802 |A|=60001 |Bwin|=500 T=200 L=39
  chamfer=9.03603e+07 strat=9.08034e+07 (0.00490346) is=8.64384e+07 (-0.0434028)
Step 7968 |A|=60001 |Bwin|=500 T=200 L=39
  chamfer=9.06712e+07 strat=9.04648e+07 (-0.00227659) is=8.76725e+07 (-0.0330716)
Step 8134 |A|=60001 |Bwin|=500 T=200 L=39
  chamfer=9.05898e+07 strat=9.01557e+07 (-0.00479213) is=8.89399e+07 (-0.0182132)
Step 8300 |A|=60001 |Bwin|=500 T=200 L=39
  chamfer=9.1011e+07 strat=9.37341e+07 (0.0299206) is=8.26257e+07 (-0.0921353)
Step 8466 |A|=60001 |Bwin|=500 T=200 L=39
  chamfer=9.06051e+07 strat=8.7846e+07 (-0.0304523) is=8.00688e+07 (-0.116289)
Step 8632 |A|=60001 |Bwin|=500 T=200 L=39
  chamfer=9.05349e+07 strat=9.18064e+07 (0.014044) is=8.31065e+07 (-0.08205)
Step 8798 |A|=60001 |Bwin|=500 T=200 L=39
  chamfer=9.02685e+07 strat=9.0176e+07 (-0.00102436) is=8.65903e+07 (-0.0407473)
Step 8964 |A|=60001 |Bwin|=500 T=200 L=39
  chamfer=9.03301e+07 strat=8.92993e+07 (-0.011412) is=8.46973e+07 (-0.062358)
Step 9130 |A|=60001 |Bwin|=500 T=200 L=39
  chamfer=9.05576e+07 strat=8.9782e+07 (-0.00856459) is=8.95348e+07 (-0.011294)
Step 9296 |A|=60001 |Bwin|=500 T=200 L=39
  chamfer=9.06694e+07 strat=9.30008e+07 (0.0257131) is=9.31545e+07 (0.0274077)
Step 9462 |A|=60001 |Bwin|=500 T=200 L=39
  chamfer=9.08549e+07 strat=9.08998e+07 (0.000494143) is=9.15223e+07 (0.00734527)
Step 9628 |A|=60001 |Bwin|=500 T=200 L=39
  chamfer=9.08611e+07 strat=9.1081e+07 (0.00242023) is=9.61708e+07 (0.0584376)
Step 9794 |A|=60001 |Bwin|=500 T=200 L=39
  chamfer=9.05871e+07 strat=9.03679e+07 (-0.00241987) is=9.82777e+07 (0.0848971)
Step 9960 |A|=60001 |Bwin|=500 T=200 L=39
  chamfer=9.05078e+07 strat=9.18156e+07 (0.0144494) is=1.01607e+08 (0.122637)

========== TIMING SUMMARY (ms) ==========
E2LSH K=98 L_final=39 queries=57 update_ops=10000 mode=e2lsh-only
wall_ms_total=3486.338
per_update_ms e2lsh=0.094 quadtree=0.000 uniform=0.000 benchmark=0.000
--- E2LSH structure ---
  init_insert_A_ms=2019.205
  update_ms_total=489.016  update_ms_avg=0.049
--- E2LSH stratified ---
  query_ms_total=452.490  query_ms_avg=7.938
--- E2LSH importance ---
  query_ms_total=451.015  query_ms_avg=7.913
--- Optional ---
  exact_chamfer mode=cache update_ms_total=0.000 update_ms_avg=0.000 query_ms_total=0.040 query_ms_avg=0.001 path=output/sampling_ablation/fashion/exact_out/exact_cache.csv
=========================================
Done. queries=57 wrote D:\Develop\native-l2-e2lsh-chamfer\output\sampling_ablation\fashion\out_seed4\compare_cost_log.csv
Wrote timing summary to D:\Develop\native-l2-e2lsh-chamfer\output\sampling_ablation\fashion\out_seed4\timing_summary.json

========== E2LSH BREAKDOWN (ms) ==========
insertA total=1509.47 (h0=636.15 hash=44.32 exact=121.97 map=0.00 coord_io=0.00 posting=0.00 resolve=517.50 sampler=60.48 other=129.05)
insertB total=412.31 (h0=128.06 resolve=105.21 exact+sampler=172.94 other=6.10)
deleteB total=70.90 (membership=63.75 exact+sampler=2.97 other=4.18)
expandTop total=362.68 count=39
query total=900.93 (sample=54.74 Da=0.00 NN=846.05 overhead=0.14 io=0.00 reads=0)
fractions of profiled E2LSH (3256.29 ms): NN=25.98% sample=1.68% Da=0.00% structure=72.33%
==========================================
