seed=5 quadtree_only=1 no_outlier=1 estimator=queryStratified T_override=300
loading D:\Develop\native-l2-e2lsh-chamfer\data\GIST_1M/base.f32bin (flat f32)
loading D:\Develop\native-l2-e2lsh-chamfer\data\GIST_1M/query.f32bin
window_size=50 query_interval=26 |A|=1000000 |B|=1000 dim=960 (flat-A)
exact=cache hit path=D:\Develop\native-l2-e2lsh-chamfer\output\paper_uni\gist\exact_no\exact_cache.csv entries=37
omp_threads=1
14.2725 0.0001
diameter=14.2725 aspect=142725 depth=18
qt_insert_A i=0 nodes=1 multis=0
qt_insert_A i=200000 nodes=3194827 multis=25279
qt_insert_A i=400000 nodes=6348128 multis=47296
qt_insert_A i=600000 nodes=9478911 multis=68807
qt_insert_A i=800000 nodes=12592048 multis=89708
QuadTree A insert done in 179013 ms
QuadTree-only mode: skipping E2LSH insertA
Step 52 |A|=1000000 |Bwin|=50 T=300
  chamfer=1.43068e+06 qt=1.4292e+06 (-0.00103714) uni=1.45396e+06 (0.0162683)
Step 78 |A|=1000000 |Bwin|=50 T=300
  chamfer=1.43764e+06 qt=1.40046e+06 (-0.0258624) uni=1.4542e+06 (0.011523)
Step 104 |A|=1000000 |Bwin|=50 T=300
  chamfer=1.43964e+06 qt=1.47147e+06 (0.0221139) uni=1.44056e+06 (0.000641282)
Step 130 |A|=1000000 |Bwin|=50 T=300
  chamfer=1.4244e+06 qt=1.43429e+06 (0.00694157) uni=1.43494e+06 (0.00739333)
Step 156 |A|=1000000 |Bwin|=50 T=300
  chamfer=1.38854e+06 qt=1.35583e+06 (-0.0235581) uni=1.40735e+06 (0.0135411)
Step 182 |A|=1000000 |Bwin|=50 T=300
  chamfer=1.39161e+06 qt=1.41765e+06 (0.0187147) uni=1.38614e+06 (-0.0039274)
Step 208 |A|=1000000 |Bwin|=50 T=300
  chamfer=1.39431e+06 qt=1.42298e+06 (0.0205661) uni=1.37975e+06 (-0.0104396)
Step 234 |A|=1000000 |Bwin|=50 T=300
  chamfer=1.38742e+06 qt=1.37687e+06 (-0.00760656) uni=1.40511e+06 (0.0127481)
Step 260 |A|=1000000 |Bwin|=50 T=300
  chamfer=1.46081e+06 qt=1.45333e+06 (-0.00512319) uni=1.46609e+06 (0.00361424)
Step 286 |A|=1000000 |Bwin|=50 T=300
  chamfer=1.38259e+06 qt=1.41455e+06 (0.0231189) uni=1.39731e+06 (0.0106475)
Step 312 |A|=1000000 |Bwin|=50 T=300
  chamfer=1.38159e+06 qt=1.38696e+06 (0.00388782) uni=1.40413e+06 (0.0163156)
Step 338 |A|=1000000 |Bwin|=50 T=300
  chamfer=1.40078e+06 qt=1.34419e+06 (-0.0404006) uni=1.41907e+06 (0.0130606)
Step 364 |A|=1000000 |Bwin|=50 T=300
  chamfer=1.39257e+06 qt=1.38784e+06 (-0.00339613) uni=1.37634e+06 (-0.0116564)
Step 390 |A|=1000000 |Bwin|=50 T=300
  chamfer=1.40099e+06 qt=1.41934e+06 (0.0130972) uni=1.40018e+06 (-0.000580465)
Step 416 |A|=1000000 |Bwin|=50 T=300
  chamfer=1.39635e+06 qt=1.3688e+06 (-0.019732) uni=1.36247e+06 (-0.024261)
Step 442 |A|=1000000 |Bwin|=50 T=300
  chamfer=1.41795e+06 qt=1.4259e+06 (0.00560935) uni=1.43761e+06 (0.013867)
Step 468 |A|=1000000 |Bwin|=50 T=300
  chamfer=1.40323e+06 qt=1.41079e+06 (0.00538116) uni=1.3938e+06 (-0.00672094)
Step 494 |A|=1000000 |Bwin|=50 T=300
  chamfer=1.38008e+06 qt=1.39123e+06 (0.00808065) uni=1.37168e+06 (-0.00608431)
Step 520 |A|=1000000 |Bwin|=50 T=300
  chamfer=1.38524e+06 qt=1.3571e+06 (-0.0203124) uni=1.38178e+06 (-0.00250095)
Step 546 |A|=1000000 |Bwin|=50 T=300
  chamfer=1.37496e+06 qt=1.37724e+06 (0.00165719) uni=1.37673e+06 (0.00128438)
Step 572 |A|=1000000 |Bwin|=50 T=300
  chamfer=1.36314e+06 qt=1.3719e+06 (0.00642863) uni=1.39165e+06 (0.0209142)
Step 598 |A|=1000000 |Bwin|=50 T=300
  chamfer=1.3641e+06 qt=1.33784e+06 (-0.0192504) uni=1.3631e+06 (-0.000731697)
Step 624 |A|=1000000 |Bwin|=50 T=300
  chamfer=1.41717e+06 qt=1.44687e+06 (0.0209597) uni=1.40787e+06 (-0.00656387)
Step 650 |A|=1000000 |Bwin|=50 T=300
  chamfer=1.39889e+06 qt=1.40801e+06 (0.00652209) uni=1.37511e+06 (-0.0169945)
Step 676 |A|=1000000 |Bwin|=50 T=300
  chamfer=1.4e+06 qt=1.42339e+06 (0.0167074) uni=1.40984e+06 (0.00702628)
Step 702 |A|=1000000 |Bwin|=50 T=300
  chamfer=1.38996e+06 qt=1.4153e+06 (0.0182309) uni=1.37977e+06 (-0.00733113)
Step 728 |A|=1000000 |Bwin|=50 T=300
  chamfer=1.38452e+06 qt=1.33486e+06 (-0.0358656) uni=1.38515e+06 (0.000454465)
Step 754 |A|=1000000 |Bwin|=50 T=300
  chamfer=1.39187e+06 qt=1.45041e+06 (0.0420556) uni=1.40858e+06 (0.0120014)
Step 780 |A|=1000000 |Bwin|=50 T=300
  chamfer=1.38574e+06 qt=1.36876e+06 (-0.0122595) uni=1.40932e+06 (0.0170103)
Step 806 |A|=1000000 |Bwin|=50 T=300
  chamfer=1.38234e+06 qt=1.36043e+06 (-0.0158469) uni=1.38804e+06 (0.00412417)
Step 832 |A|=1000000 |Bwin|=50 T=300
  chamfer=1.3913e+06 qt=1.38365e+06 (-0.00549518) uni=1.43479e+06 (0.0312586)
Step 858 |A|=1000000 |Bwin|=50 T=300
  chamfer=1.40652e+06 qt=1.35831e+06 (-0.0342741) uni=1.39206e+06 (-0.0102849)
Step 884 |A|=1000000 |Bwin|=50 T=300
  chamfer=1.39604e+06 qt=1.42426e+06 (0.0202096) uni=1.40065e+06 (0.00330307)
Step 910 |A|=1000000 |Bwin|=50 T=300
  chamfer=1.44517e+06 qt=1.41453e+06 (-0.0212017) uni=1.46164e+06 (0.0113969)
Step 936 |A|=1000000 |Bwin|=50 T=300
  chamfer=1.41385e+06 qt=1.4223e+06 (0.00597575) uni=1.37125e+06 (-0.0301323)
Step 962 |A|=1000000 |Bwin|=50 T=300
  chamfer=1.38431e+06 qt=1.38215e+06 (-0.00155666) uni=1.39332e+06 (0.00650802)
Step 988 |A|=1000000 |Bwin|=50 T=300
  chamfer=1.40988e+06 qt=1.47371e+06 (0.0452746) uni=1.42588e+06 (0.0113478)

========== TIMING SUMMARY (ms) ==========
E2LSH K=25 L_final=0 queries=37 update_ops=1000 mode=quadtree-only
wall_ms_total=181904.830
per_update_ms e2lsh=0.000 quadtree=0.527 uniform=0.063 benchmark=0.000
--- QuadTree ---
  init_insert_A_ms=179012.987
  update_ms_total=434.866  update_ms_avg=0.435
  query_ms_total=91.909  query_ms_avg=2.484
--- E2LSH structure ---
  init_insert_A_ms=0.000
  update_ms_total=0.000  update_ms_avg=0.000
--- E2LSH stratified ---
  query_ms_total=0.000  query_ms_avg=0.000
--- Optional ---
  uniform_query_ms_total=62.841  uniform_query_ms_avg=1.698
  exact_chamfer mode=cache update_ms_total=0.000 update_ms_avg=0.000 query_ms_total=0.016 query_ms_avg=0.000 path=D:\Develop\native-l2-e2lsh-chamfer\output\paper_uni\gist\exact_no\exact_cache.csv
=========================================
Done. queries=37 wrote D:\Develop\native-l2-e2lsh-chamfer\output\paper_uni\gist\no_qt_seed5\compare_cost_log.csv
Wrote timing summary to D:\Develop\native-l2-e2lsh-chamfer\output\paper_uni\gist\no_qt_seed5\timing_summary.json

========== E2LSH BREAKDOWN (ms) ==========
insertA total=0.00 (h0=0.00 hash=0.00 exact=0.00 map=0.00 coord_io=0.00 posting=0.00 resolve=0.00 sampler=0.00 other=0.00)
insertB total=0.00 (h0=0.00 resolve=0.00 exact+sampler=0.00 other=0.00)
deleteB total=0.00 (membership=0.00 exact+sampler=0.00 other=0.00)
expandTop total=0.00 count=0
query total=0.00 (sample=0.00 Da=0.00 NN=0.00 overhead=0.00 io=0.00 reads=0)
==========================================
