seed=3 e2lsh_only=1 estimator=queryStratified T_override=300
loading D:\Develop\native-l2-e2lsh-chamfer\data\SIFT/base_with_outlier.f32bin (flat f32 stream for e2lsh-only)
loading D:\Develop\native-l2-e2lsh-chamfer\data\SIFT/query.f32bin
window_size=500 query_interval=166 |A|=1000001 |B|=10000 dim=128 (flat-A)
exact=cache hit path=D:\Develop\native-l2-e2lsh-chamfer\output\paper_uni\sift\exact_out\exact_cache.csv entries=57
omp_threads=1
E2LSH-only mode: skipping QuadTree and Uniform
E2LSH K=120 rho=0.0001 n_max=1100000 (formula: K=max(1,ceil(4*ln(8*n_max^2)))) backend=ram
E2LSH insertA progress 114688/1000001
E2LSH insertA progress 212992/1000001
E2LSH insertA progress 311296/1000001
E2LSH insertA progress 409600/1000001
E2LSH insertA progress 507904/1000001
E2LSH insertA progress 606208/1000001
E2LSH insertA progress 704512/1000001
E2LSH insertA progress 802816/1000001
E2LSH insertA progress 901120/1000001
E2LSH insertA progress 1000001/1000001
E2LSH A insert done in 50861.1 ms L=40 D=2.19903e+14
strata invariant OK sumN=1000001 pos=1000001
Step 664 |A|=1000001 |Bwin|=500 T=300 L=40
  chamfer=3.21147e+08 strat=3.19492e+08 (-0.00515177)
Step 830 |A|=1000001 |Bwin|=500 T=300 L=40
  chamfer=3.19172e+08 strat=3.26054e+08 (0.021563)
Step 996 |A|=1000001 |Bwin|=500 T=300 L=40
  chamfer=3.2028e+08 strat=3.19477e+08 (-0.00250621)
Step 1162 |A|=1000001 |Bwin|=500 T=300 L=40
  chamfer=3.20468e+08 strat=3.16652e+08 (-0.0119077)
Step 1328 |A|=1000001 |Bwin|=500 T=300 L=40
  chamfer=3.22114e+08 strat=3.28296e+08 (0.0191926)
Step 1494 |A|=1000001 |Bwin|=500 T=300 L=40
  chamfer=3.19682e+08 strat=3.24593e+08 (0.0153636)
Step 1660 |A|=1000001 |Bwin|=500 T=300 L=40
  chamfer=3.20633e+08 strat=3.22691e+08 (0.00641908)
Step 1826 |A|=1000001 |Bwin|=500 T=300 L=40
  chamfer=3.23014e+08 strat=3.25379e+08 (0.00732363)
Step 1992 |A|=1000001 |Bwin|=500 T=300 L=40
  chamfer=3.23018e+08 strat=3.27048e+08 (0.0124776)
Step 2158 |A|=1000001 |Bwin|=500 T=300 L=40
  chamfer=3.21116e+08 strat=3.21958e+08 (0.00262215)
Step 2324 |A|=1000001 |Bwin|=500 T=300 L=40
  chamfer=3.19201e+08 strat=3.14979e+08 (-0.0132287)
Step 2490 |A|=1000001 |Bwin|=500 T=300 L=40
  chamfer=3.20775e+08 strat=3.19955e+08 (-0.00255752)
Step 2656 |A|=1000001 |Bwin|=500 T=300 L=40
  chamfer=3.22251e+08 strat=3.18605e+08 (-0.0113153)
Step 2822 |A|=1000001 |Bwin|=500 T=300 L=40
  chamfer=3.21702e+08 strat=3.22458e+08 (0.00234923)
Step 2988 |A|=1000001 |Bwin|=500 T=300 L=40
  chamfer=3.2167e+08 strat=3.17125e+08 (-0.0141301)
Step 3154 |A|=1000001 |Bwin|=500 T=300 L=40
  chamfer=3.21689e+08 strat=3.19224e+08 (-0.00766347)
Step 3320 |A|=1000001 |Bwin|=500 T=300 L=40
  chamfer=3.20946e+08 strat=3.20666e+08 (-0.000871733)
Step 3486 |A|=1000001 |Bwin|=500 T=300 L=40
  chamfer=3.19296e+08 strat=3.18411e+08 (-0.00277446)
Step 3652 |A|=1000001 |Bwin|=500 T=300 L=40
  chamfer=3.19129e+08 strat=3.14738e+08 (-0.0137607)
Step 3818 |A|=1000001 |Bwin|=500 T=300 L=40
  chamfer=3.19181e+08 strat=3.20153e+08 (0.00304281)
Step 3984 |A|=1000001 |Bwin|=500 T=300 L=40
  chamfer=3.18145e+08 strat=3.17129e+08 (-0.00319303)
Step 4150 |A|=1000001 |Bwin|=500 T=300 L=40
  chamfer=3.18606e+08 strat=3.14815e+08 (-0.0118985)
Step 4316 |A|=1000001 |Bwin|=500 T=300 L=40
  chamfer=3.1861e+08 strat=3.15401e+08 (-0.0100702)
Step 4482 |A|=1000001 |Bwin|=500 T=300 L=40
  chamfer=3.19053e+08 strat=3.21982e+08 (0.00917786)
Step 4648 |A|=1000001 |Bwin|=500 T=300 L=40
  chamfer=3.20291e+08 strat=3.19613e+08 (-0.00211602)
Step 4814 |A|=1000001 |Bwin|=500 T=300 L=40
  chamfer=3.21117e+08 strat=3.21601e+08 (0.00150651)
Step 4980 |A|=1000001 |Bwin|=500 T=300 L=40
  chamfer=3.18723e+08 strat=3.19528e+08 (0.00252543)
Step 5146 |A|=1000001 |Bwin|=500 T=300 L=40
  chamfer=3.17604e+08 strat=3.12026e+08 (-0.0175644)
Step 5312 |A|=1000001 |Bwin|=500 T=300 L=40
  chamfer=3.1915e+08 strat=3.17026e+08 (-0.0066547)
Step 5478 |A|=1000001 |Bwin|=500 T=300 L=40
  chamfer=3.20647e+08 strat=3.16578e+08 (-0.012691)
Step 5644 |A|=1000001 |Bwin|=500 T=300 L=40
  chamfer=3.21955e+08 strat=3.22563e+08 (0.00188674)
Step 5810 |A|=1000001 |Bwin|=500 T=300 L=40
  chamfer=3.2075e+08 strat=3.17548e+08 (-0.0099828)
Step 5976 |A|=1000001 |Bwin|=500 T=300 L=40
  chamfer=3.21587e+08 strat=3.27879e+08 (0.0195647)
Step 6142 |A|=1000001 |Bwin|=500 T=300 L=40
  chamfer=3.21821e+08 strat=3.20964e+08 (-0.00266422)
Step 6308 |A|=1000001 |Bwin|=500 T=300 L=40
  chamfer=3.20446e+08 strat=3.2267e+08 (0.0069411)
Step 6474 |A|=1000001 |Bwin|=500 T=300 L=40
  chamfer=3.22557e+08 strat=3.23238e+08 (0.00211025)
Step 6640 |A|=1000001 |Bwin|=500 T=300 L=40
  chamfer=3.21159e+08 strat=3.14034e+08 (-0.0221866)
Step 6806 |A|=1000001 |Bwin|=500 T=300 L=40
  chamfer=3.20831e+08 strat=3.15785e+08 (-0.015726)
Step 6972 |A|=1000001 |Bwin|=500 T=300 L=40
  chamfer=3.18739e+08 strat=3.1242e+08 (-0.0198247)
Step 7138 |A|=1000001 |Bwin|=500 T=300 L=40
  chamfer=3.20015e+08 strat=3.21076e+08 (0.00331529)
Step 7304 |A|=1000001 |Bwin|=500 T=300 L=40
  chamfer=3.22e+08 strat=3.25944e+08 (0.0122479)
Step 7470 |A|=1000001 |Bwin|=500 T=300 L=40
  chamfer=3.21457e+08 strat=3.25239e+08 (0.0117641)
Step 7636 |A|=1000001 |Bwin|=500 T=300 L=40
  chamfer=3.20743e+08 strat=3.20439e+08 (-0.000947378)
Step 7802 |A|=1000001 |Bwin|=500 T=300 L=40
  chamfer=3.1956e+08 strat=3.21223e+08 (0.00520508)
Step 7968 |A|=1000001 |Bwin|=500 T=300 L=40
  chamfer=3.19243e+08 strat=3.14693e+08 (-0.0142525)
Step 8134 |A|=1000001 |Bwin|=500 T=300 L=40
  chamfer=3.19891e+08 strat=3.23986e+08 (0.0128)
Step 8300 |A|=1000001 |Bwin|=500 T=300 L=40
  chamfer=3.20332e+08 strat=3.15273e+08 (-0.0157918)
Step 8466 |A|=1000001 |Bwin|=500 T=300 L=40
  chamfer=3.18576e+08 strat=3.20741e+08 (0.00679432)
Step 8632 |A|=1000001 |Bwin|=500 T=300 L=40
  chamfer=3.18869e+08 strat=3.16876e+08 (-0.0062515)
Step 8798 |A|=1000001 |Bwin|=500 T=300 L=40
  chamfer=3.19895e+08 strat=3.19657e+08 (-0.000743839)
Step 8964 |A|=1000001 |Bwin|=500 T=300 L=40
  chamfer=3.21954e+08 strat=3.20405e+08 (-0.00481189)
Step 9130 |A|=1000001 |Bwin|=500 T=300 L=40
  chamfer=3.21025e+08 strat=3.23678e+08 (0.00826554)
Step 9296 |A|=1000001 |Bwin|=500 T=300 L=40
  chamfer=3.20858e+08 strat=3.23869e+08 (0.00938291)
Step 9462 |A|=1000001 |Bwin|=500 T=300 L=40
  chamfer=3.22078e+08 strat=3.14782e+08 (-0.0226514)
Step 9628 |A|=1000001 |Bwin|=500 T=300 L=40
  chamfer=3.2385e+08 strat=3.25145e+08 (0.00399758)
Step 9794 |A|=1000001 |Bwin|=500 T=300 L=40
  chamfer=3.21881e+08 strat=3.16484e+08 (-0.0167694)
Step 9960 |A|=1000001 |Bwin|=500 T=300 L=40
  chamfer=3.20103e+08 strat=3.23482e+08 (0.0105583)

========== TIMING SUMMARY (ms) ==========
E2LSH K=120 L_final=40 queries=57 update_ops=10000 mode=e2lsh-only
wall_ms_total=51962.014
per_update_ms e2lsh=0.106 quadtree=0.000 uniform=0.000 benchmark=0.000
--- E2LSH structure ---
  init_insert_A_ms=50861.117
  update_ms_total=895.083  update_ms_avg=0.090
--- E2LSH stratified ---
  query_ms_total=163.077  query_ms_avg=2.861
--- Optional ---
  exact_chamfer mode=cache update_ms_total=0.000 update_ms_avg=0.000 query_ms_total=0.032 query_ms_avg=0.001 path=D:\Develop\native-l2-e2lsh-chamfer\output\paper_uni\sift\exact_out\exact_cache.csv
=========================================
Done. queries=57 wrote D:\Develop\native-l2-e2lsh-chamfer\output\paper_uni\sift\out_e2_seed3\compare_cost_log.csv
Wrote timing summary to D:\Develop\native-l2-e2lsh-chamfer\output\paper_uni\sift\out_e2_seed3\timing_summary.json

========== E2LSH BREAKDOWN (ms) ==========
insertA total=42297.38 (h0=1406.42 hash=165.04 exact=895.71 map=0.00 coord_io=0.00 posting=0.00 resolve=9841.01 sampler=11146.28 other=18842.91)
insertB total=480.22 (h0=14.61 resolve=107.10 exact+sampler=356.36 other=2.16)
deleteB total=409.19 (membership=403.81 exact+sampler=3.23 other=2.15)
expandTop total=7617.03 count=40
query total=161.39 (sample=83.58 Da=0.00 NN=77.70 overhead=0.11 io=0.00 reads=0)
fractions of profiled E2LSH (50965.22 ms): NN=0.15% sample=0.16% Da=0.00% structure=99.68%
==========================================
