seed=1 quadtree_only=1 estimator=queryStratified T_override=300
loading D:\Develop\native-l2-e2lsh-chamfer\data\SIFT/base_with_outlier.f32bin
loading D:\Develop\native-l2-e2lsh-chamfer\data\SIFT/query.f32bin
window_size=500 query_interval=166 |A|=1000001 |B|=10000 dim=128
exact=cache hit path=D:\Develop\native-l2-e2lsh-chamfer\output\paper_uni\sift\exact_out\exact_cache.csv entries=57
omp_threads=1
7.01379e+07 0.0001
diameter=7.01379e+07 aspect=7.01379e+11 depth=40
QuadTree A insert done in 48128.9 ms
QuadTree-only mode: skipping E2LSH insertA
Step 664 |A|=1000001 |Bwin|=500 T=300
  chamfer=3.21147e+08 qt=3.30665e+08 (0.0296384) uni=2.85256e+08 (-0.111758)
Step 830 |A|=1000001 |Bwin|=500 T=300
  chamfer=3.19172e+08 qt=3.23202e+08 (0.0126285) uni=2.87782e+08 (-0.0983488)
Step 996 |A|=1000001 |Bwin|=500 T=300
  chamfer=3.2028e+08 qt=3.1867e+08 (-0.00502678) uni=2.83667e+08 (-0.114314)
Step 1162 |A|=1000001 |Bwin|=500 T=300
  chamfer=3.20468e+08 qt=3.31534e+08 (0.034531) uni=2.82712e+08 (-0.117815)
Step 1328 |A|=1000001 |Bwin|=500 T=300
  chamfer=3.22114e+08 qt=3.10563e+08 (-0.0358599) uni=2.86011e+08 (-0.112081)
Step 1494 |A|=1000001 |Bwin|=500 T=300
  chamfer=3.19682e+08 qt=3.24136e+08 (0.0139324) uni=2.88489e+08 (-0.0975743)
Step 1660 |A|=1000001 |Bwin|=500 T=300
  chamfer=3.20633e+08 qt=3.17869e+08 (-0.00861833) uni=2.84822e+08 (-0.111689)
Step 1826 |A|=1000001 |Bwin|=500 T=300
  chamfer=3.23014e+08 qt=3.24957e+08 (0.00601463) uni=2.88208e+08 (-0.107752)
Step 1992 |A|=1000001 |Bwin|=500 T=300
  chamfer=3.23018e+08 qt=3.21744e+08 (-0.00394233) uni=2.91447e+08 (-0.0977373)
Step 2158 |A|=1000001 |Bwin|=500 T=300
  chamfer=3.21116e+08 qt=3.34813e+08 (0.042652) uni=2.91165e+08 (-0.0932725)
Step 2324 |A|=1000001 |Bwin|=500 T=300
  chamfer=3.19201e+08 qt=3.18923e+08 (-0.000871641) uni=2.81912e+08 (-0.116821)
Step 2490 |A|=1000001 |Bwin|=500 T=300
  chamfer=3.20775e+08 qt=3.19615e+08 (-0.00361588) uni=2.84456e+08 (-0.113222)
Step 2656 |A|=1000001 |Bwin|=500 T=300
  chamfer=3.22251e+08 qt=3.19071e+08 (-0.00987056) uni=2.81338e+08 (-0.126962)
Step 2822 |A|=1000001 |Bwin|=500 T=300
  chamfer=3.21702e+08 qt=3.25837e+08 (0.0128526) uni=2.91598e+08 (-0.0935759)
Step 2988 |A|=1000001 |Bwin|=500 T=300
  chamfer=3.2167e+08 qt=3.22102e+08 (0.00134191) uni=2.83992e+08 (-0.117134)
Step 3154 |A|=1000001 |Bwin|=500 T=300
  chamfer=3.21689e+08 qt=3.17813e+08 (-0.0120494) uni=2.86629e+08 (-0.108987)
Step 3320 |A|=1000001 |Bwin|=500 T=300
  chamfer=3.20946e+08 qt=3.10074e+08 (-0.0338765) uni=2.84344e+08 (-0.114044)
Step 3486 |A|=1000001 |Bwin|=500 T=300
  chamfer=3.19296e+08 qt=3.17594e+08 (-0.00533253) uni=2.84996e+08 (-0.107424)
Step 3652 |A|=1000001 |Bwin|=500 T=300
  chamfer=3.19129e+08 qt=3.21866e+08 (0.00857361) uni=2.81482e+08 (-0.117971)
Step 3818 |A|=1000001 |Bwin|=500 T=300
  chamfer=3.19181e+08 qt=3.13543e+08 (-0.0176658) uni=2.81276e+08 (-0.118757)
Step 3984 |A|=1000001 |Bwin|=500 T=300
  chamfer=3.18145e+08 qt=3.2325e+08 (0.0160462) uni=2.8121e+08 (-0.116093)
Step 4150 |A|=1000001 |Bwin|=500 T=300
  chamfer=3.18606e+08 qt=3.23503e+08 (0.0153712) uni=2.76805e+08 (-0.1312)
Step 4316 |A|=1000001 |Bwin|=500 T=300
  chamfer=3.1861e+08 qt=3.11431e+08 (-0.0225325) uni=2.85532e+08 (-0.103819)
Step 4482 |A|=1000001 |Bwin|=500 T=300
  chamfer=3.19053e+08 qt=3.19239e+08 (0.000580587) uni=2.84771e+08 (-0.107449)
Step 4648 |A|=1000001 |Bwin|=500 T=300
  chamfer=3.20291e+08 qt=3.17262e+08 (-0.00945739) uni=2.83117e+08 (-0.116063)
Step 4814 |A|=1000001 |Bwin|=500 T=300
  chamfer=3.21117e+08 qt=3.23854e+08 (0.00852385) uni=2.86667e+08 (-0.10728)
Step 4980 |A|=1000001 |Bwin|=500 T=300
  chamfer=3.18723e+08 qt=3.32259e+08 (0.0424707) uni=2.82316e+08 (-0.114227)
Step 5146 |A|=1000001 |Bwin|=500 T=300
  chamfer=3.17604e+08 qt=3.28544e+08 (0.0344444) uni=2.78822e+08 (-0.122109)
Step 5312 |A|=1000001 |Bwin|=500 T=300
  chamfer=3.1915e+08 qt=3.32373e+08 (0.0414338) uni=2.85327e+08 (-0.105977)
Step 5478 |A|=1000001 |Bwin|=500 T=300
  chamfer=3.20647e+08 qt=3.27638e+08 (0.0218015) uni=2.86562e+08 (-0.106301)
Step 5644 |A|=1000001 |Bwin|=500 T=300
  chamfer=3.21955e+08 qt=3.34735e+08 (0.0396935) uni=2.89057e+08 (-0.102183)
Step 5810 |A|=1000001 |Bwin|=500 T=300
  chamfer=3.2075e+08 qt=3.12654e+08 (-0.0252408) uni=2.88601e+08 (-0.10023)
Step 5976 |A|=1000001 |Bwin|=500 T=300
  chamfer=3.21587e+08 qt=3.29229e+08 (0.0237618) uni=2.88098e+08 (-0.104137)
Step 6142 |A|=1000001 |Bwin|=500 T=300
  chamfer=3.21821e+08 qt=3.21901e+08 (0.0002482) uni=2.85524e+08 (-0.112786)
Step 6308 |A|=1000001 |Bwin|=500 T=300
  chamfer=3.20446e+08 qt=3.28134e+08 (0.0239919) uni=2.85116e+08 (-0.110252)
Step 6474 |A|=1000001 |Bwin|=500 T=300
  chamfer=3.22557e+08 qt=3.28779e+08 (0.0192901) uni=2.93415e+08 (-0.0903477)
Step 6640 |A|=1000001 |Bwin|=500 T=300
  chamfer=3.21159e+08 qt=3.26889e+08 (0.0178415) uni=2.85831e+08 (-0.110003)
Step 6806 |A|=1000001 |Bwin|=500 T=300
  chamfer=3.20831e+08 qt=3.4068e+08 (0.0618688) uni=2.88267e+08 (-0.101498)
Step 6972 |A|=1000001 |Bwin|=500 T=300
  chamfer=3.18739e+08 qt=3.17034e+08 (-0.00534698) uni=2.79037e+08 (-0.124558)
Step 7138 |A|=1000001 |Bwin|=500 T=300
  chamfer=3.20015e+08 qt=3.27881e+08 (0.0245803) uni=2.85723e+08 (-0.107157)
Step 7304 |A|=1000001 |Bwin|=500 T=300
  chamfer=3.22e+08 qt=3.08055e+08 (-0.0433086) uni=2.88112e+08 (-0.105242)
Step 7470 |A|=1000001 |Bwin|=500 T=300
  chamfer=3.21457e+08 qt=3.22222e+08 (0.00237935) uni=2.86565e+08 (-0.108544)
Step 7636 |A|=1000001 |Bwin|=500 T=300
  chamfer=3.20743e+08 qt=3.27914e+08 (0.0223583) uni=2.89641e+08 (-0.0969675)
Step 7802 |A|=1000001 |Bwin|=500 T=300
  chamfer=3.1956e+08 qt=3.22021e+08 (0.00770044) uni=2.78e+08 (-0.130054)
Step 7968 |A|=1000001 |Bwin|=500 T=300
  chamfer=3.19243e+08 qt=3.18031e+08 (-0.00379643) uni=2.85423e+08 (-0.105938)
Step 8134 |A|=1000001 |Bwin|=500 T=300
  chamfer=3.19891e+08 qt=3.1016e+08 (-0.0304201) uni=2.86297e+08 (-0.105019)
Step 8300 |A|=1000001 |Bwin|=500 T=300
  chamfer=3.20332e+08 qt=3.34465e+08 (0.0441201) uni=2.83833e+08 (-0.11394)
Step 8466 |A|=1000001 |Bwin|=500 T=300
  chamfer=3.18576e+08 qt=3.14893e+08 (-0.0115619) uni=2.85569e+08 (-0.103607)
Step 8632 |A|=1000001 |Bwin|=500 T=300
  chamfer=3.18869e+08 qt=3.11325e+08 (-0.0236603) uni=2.84015e+08 (-0.109306)
Step 8798 |A|=1000001 |Bwin|=500 T=300
  chamfer=3.19895e+08 qt=3.21968e+08 (0.00648141) uni=2.84881e+08 (-0.109455)
Step 8964 |A|=1000001 |Bwin|=500 T=300
  chamfer=3.21954e+08 qt=3.24099e+08 (0.0066621) uni=2.86035e+08 (-0.111568)
Step 9130 |A|=1000001 |Bwin|=500 T=300
  chamfer=3.21025e+08 qt=3.12297e+08 (-0.0271862) uni=2.84167e+08 (-0.114813)
Step 9296 |A|=1000001 |Bwin|=500 T=300
  chamfer=3.20858e+08 qt=3.22618e+08 (0.00548308) uni=2.88939e+08 (-0.0994807)
Step 9462 |A|=1000001 |Bwin|=500 T=300
  chamfer=3.22078e+08 qt=3.30064e+08 (0.0247953) uni=2.80799e+08 (-0.128165)
Step 9628 |A|=1000001 |Bwin|=500 T=300
  chamfer=3.2385e+08 qt=3.18921e+08 (-0.0152193) uni=2.89052e+08 (-0.107451)
Step 9794 |A|=1000001 |Bwin|=500 T=300
  chamfer=3.21881e+08 qt=3.26319e+08 (0.0137863) uni=2.88608e+08 (-0.103371)
Step 9960 |A|=1000001 |Bwin|=500 T=300
  chamfer=3.20103e+08 qt=3.15774e+08 (-0.0135237) uni=2.82276e+08 (-0.118169)

========== TIMING SUMMARY (ms) ==========
E2LSH K=25 L_final=0 queries=57 update_ops=10000 mode=quadtree-only
wall_ms_total=55557.260
per_update_ms e2lsh=0.000 quadtree=0.196 uniform=0.065 benchmark=0.000
--- QuadTree ---
  init_insert_A_ms=48128.853
  update_ms_total=1133.768  update_ms_avg=0.113
  query_ms_total=826.624  query_ms_avg=14.502
--- E2LSH structure ---
  init_insert_A_ms=0.000
  update_ms_total=0.000  update_ms_avg=0.000
--- E2LSH stratified ---
  query_ms_total=0.000  query_ms_avg=0.000
--- Optional ---
  uniform_query_ms_total=646.046  uniform_query_ms_avg=11.334
  exact_chamfer mode=cache update_ms_total=0.000 update_ms_avg=0.000 query_ms_total=0.066 query_ms_avg=0.001 path=D:\Develop\native-l2-e2lsh-chamfer\output\paper_uni\sift\exact_out\exact_cache.csv
=========================================
Done. queries=57 wrote D:\Develop\native-l2-e2lsh-chamfer\output\paper_uni\sift\out_qt_seed1\compare_cost_log.csv
Wrote timing summary to D:\Develop\native-l2-e2lsh-chamfer\output\paper_uni\sift\out_qt_seed1\timing_summary.json

========== E2LSH BREAKDOWN (ms) ==========
insertA total=0.00 (h0=0.00 hash=0.00 exact=0.00 map=0.00 coord_io=0.00 posting=0.00 resolve=0.00 sampler=0.00 other=0.00)
insertB total=0.00 (h0=0.00 resolve=0.00 exact+sampler=0.00 other=0.00)
deleteB total=0.00 (membership=0.00 exact+sampler=0.00 other=0.00)
expandTop total=0.00 count=0
query total=0.00 (sample=0.00 Da=0.00 NN=0.00 overhead=0.00 io=0.00 reads=0)
==========================================
