seed=5 quadtree_only=1 estimator=queryStratified T_override=300
loading D:\Develop\native-l2-e2lsh-chamfer\data\SIFT/base_with_outlier.f32bin
loading D:\Develop\native-l2-e2lsh-chamfer\data\SIFT/query.f32bin
window_size=500 query_interval=166 |A|=1000001 |B|=10000 dim=128
exact=cache hit path=D:\Develop\native-l2-e2lsh-chamfer\output\paper_uni\sift\exact_out\exact_cache.csv entries=57
omp_threads=1
7.01379e+07 0.0001
diameter=7.01379e+07 aspect=7.01379e+11 depth=40
QuadTree A insert done in 48581.5 ms
QuadTree-only mode: skipping E2LSH insertA
Step 664 |A|=1000001 |Bwin|=500 T=300
  chamfer=3.21147e+08 qt=3.23659e+08 (0.00782262) uni=2.90919e+08 (-0.0941253)
Step 830 |A|=1000001 |Bwin|=500 T=300
  chamfer=3.19172e+08 qt=3.19504e+08 (0.00104087) uni=2.89083e+08 (-0.0942727)
Step 996 |A|=1000001 |Bwin|=500 T=300
  chamfer=3.2028e+08 qt=3.01829e+08 (-0.0576087) uni=2.84046e+08 (-0.113132)
Step 1162 |A|=1000001 |Bwin|=500 T=300
  chamfer=3.20468e+08 qt=3.18179e+08 (-0.0071436) uni=2.86425e+08 (-0.10623)
Step 1328 |A|=1000001 |Bwin|=500 T=300
  chamfer=3.22114e+08 qt=3.13683e+08 (-0.0261727) uni=2.84359e+08 (-0.117208)
Step 1494 |A|=1000001 |Bwin|=500 T=300
  chamfer=3.19682e+08 qt=3.298e+08 (0.0316521) uni=2.86089e+08 (-0.105081)
Step 1660 |A|=1000001 |Bwin|=500 T=300
  chamfer=3.20633e+08 qt=3.26881e+08 (0.0194879) uni=2.89166e+08 (-0.0981394)
Step 1826 |A|=1000001 |Bwin|=500 T=300
  chamfer=3.23014e+08 qt=3.15941e+08 (-0.0218963) uni=2.8611e+08 (-0.114247)
Step 1992 |A|=1000001 |Bwin|=500 T=300
  chamfer=3.23018e+08 qt=3.26564e+08 (0.0109788) uni=2.86274e+08 (-0.11375)
Step 2158 |A|=1000001 |Bwin|=500 T=300
  chamfer=3.21116e+08 qt=3.24022e+08 (0.00904779) uni=2.85586e+08 (-0.110646)
Step 2324 |A|=1000001 |Bwin|=500 T=300
  chamfer=3.19201e+08 qt=3.16527e+08 (-0.00837661) uni=2.84117e+08 (-0.109913)
Step 2490 |A|=1000001 |Bwin|=500 T=300
  chamfer=3.20775e+08 qt=3.14319e+08 (-0.0201264) uni=2.85859e+08 (-0.10885)
Step 2656 |A|=1000001 |Bwin|=500 T=300
  chamfer=3.22251e+08 qt=3.30374e+08 (0.0252071) uni=2.87695e+08 (-0.107235)
Step 2822 |A|=1000001 |Bwin|=500 T=300
  chamfer=3.21702e+08 qt=3.04709e+08 (-0.0528213) uni=2.86452e+08 (-0.109573)
Step 2988 |A|=1000001 |Bwin|=500 T=300
  chamfer=3.2167e+08 qt=3.0127e+08 (-0.0634203) uni=2.83467e+08 (-0.118765)
Step 3154 |A|=1000001 |Bwin|=500 T=300
  chamfer=3.21689e+08 qt=3.07916e+08 (-0.0428137) uni=2.86114e+08 (-0.11059)
Step 3320 |A|=1000001 |Bwin|=500 T=300
  chamfer=3.20946e+08 qt=3.19786e+08 (-0.00361422) uni=2.91577e+08 (-0.0915077)
Step 3486 |A|=1000001 |Bwin|=500 T=300
  chamfer=3.19296e+08 qt=3.17683e+08 (-0.00505351) uni=2.89387e+08 (-0.0936725)
Step 3652 |A|=1000001 |Bwin|=500 T=300
  chamfer=3.19129e+08 qt=3.16517e+08 (-0.00818719) uni=2.84801e+08 (-0.10757)
Step 3818 |A|=1000001 |Bwin|=500 T=300
  chamfer=3.19181e+08 qt=3.28954e+08 (0.0306183) uni=2.86232e+08 (-0.10323)
Step 3984 |A|=1000001 |Bwin|=500 T=300
  chamfer=3.18145e+08 qt=3.2882e+08 (0.0335539) uni=2.81624e+08 (-0.114795)
Step 4150 |A|=1000001 |Bwin|=500 T=300
  chamfer=3.18606e+08 qt=3.15078e+08 (-0.0110743) uni=2.80477e+08 (-0.119674)
Step 4316 |A|=1000001 |Bwin|=500 T=300
  chamfer=3.1861e+08 qt=3.30658e+08 (0.037816) uni=2.86112e+08 (-0.101997)
Step 4482 |A|=1000001 |Bwin|=500 T=300
  chamfer=3.19053e+08 qt=3.14969e+08 (-0.0128002) uni=2.83279e+08 (-0.112127)
Step 4648 |A|=1000001 |Bwin|=500 T=300
  chamfer=3.20291e+08 qt=3.2931e+08 (0.028159) uni=2.88737e+08 (-0.098515)
Step 4814 |A|=1000001 |Bwin|=500 T=300
  chamfer=3.21117e+08 qt=3.07701e+08 (-0.0417782) uni=2.87763e+08 (-0.103868)
Step 4980 |A|=1000001 |Bwin|=500 T=300
  chamfer=3.18723e+08 qt=3.18849e+08 (0.000397058) uni=2.83982e+08 (-0.108999)
Step 5146 |A|=1000001 |Bwin|=500 T=300
  chamfer=3.17604e+08 qt=3.16197e+08 (-0.00443216) uni=2.82576e+08 (-0.110288)
Step 5312 |A|=1000001 |Bwin|=500 T=300
  chamfer=3.1915e+08 qt=3.1995e+08 (0.00250799) uni=2.83487e+08 (-0.111743)
Step 5478 |A|=1000001 |Bwin|=500 T=300
  chamfer=3.20647e+08 qt=3.24414e+08 (0.011746) uni=2.85925e+08 (-0.108289)
Step 5644 |A|=1000001 |Bwin|=500 T=300
  chamfer=3.21955e+08 qt=3.29922e+08 (0.0247465) uni=2.84716e+08 (-0.115665)
Step 5810 |A|=1000001 |Bwin|=500 T=300
  chamfer=3.2075e+08 qt=3.37436e+08 (0.0520211) uni=2.89802e+08 (-0.0964867)
Step 5976 |A|=1000001 |Bwin|=500 T=300
  chamfer=3.21587e+08 qt=3.16542e+08 (-0.0156879) uni=2.87455e+08 (-0.106136)
Step 6142 |A|=1000001 |Bwin|=500 T=300
  chamfer=3.21821e+08 qt=3.14958e+08 (-0.0213244) uni=2.84086e+08 (-0.117254)
Step 6308 |A|=1000001 |Bwin|=500 T=300
  chamfer=3.20446e+08 qt=3.2373e+08 (0.010251) uni=2.93052e+08 (-0.0854844)
Step 6474 |A|=1000001 |Bwin|=500 T=300
  chamfer=3.22557e+08 qt=3.11342e+08 (-0.0347691) uni=2.86241e+08 (-0.112589)
Step 6640 |A|=1000001 |Bwin|=500 T=300
  chamfer=3.21159e+08 qt=3.29031e+08 (0.0245111) uni=2.88804e+08 (-0.100743)
Step 6806 |A|=1000001 |Bwin|=500 T=300
  chamfer=3.20831e+08 qt=3.46582e+08 (0.0802657) uni=2.83104e+08 (-0.117591)
Step 6972 |A|=1000001 |Bwin|=500 T=300
  chamfer=3.18739e+08 qt=3.02527e+08 (-0.0508626) uni=2.83366e+08 (-0.110977)
Step 7138 |A|=1000001 |Bwin|=500 T=300
  chamfer=3.20015e+08 qt=3.27549e+08 (0.0235442) uni=2.83482e+08 (-0.114158)
Step 7304 |A|=1000001 |Bwin|=500 T=300
  chamfer=3.22e+08 qt=3.17732e+08 (-0.0132534) uni=2.8064e+08 (-0.128447)
Step 7470 |A|=1000001 |Bwin|=500 T=300
  chamfer=3.21457e+08 qt=3.13912e+08 (-0.0234732) uni=2.86768e+08 (-0.107912)
Step 7636 |A|=1000001 |Bwin|=500 T=300
  chamfer=3.20743e+08 qt=3.13618e+08 (-0.0222121) uni=2.85187e+08 (-0.110855)
Step 7802 |A|=1000001 |Bwin|=500 T=300
  chamfer=3.1956e+08 qt=3.01073e+08 (-0.0578512) uni=2.86019e+08 (-0.104962)
Step 7968 |A|=1000001 |Bwin|=500 T=300
  chamfer=3.19243e+08 qt=3.16176e+08 (-0.00960794) uni=2.83526e+08 (-0.111879)
Step 8134 |A|=1000001 |Bwin|=500 T=300
  chamfer=3.19891e+08 qt=3.30865e+08 (0.0343036) uni=2.85507e+08 (-0.107487)
Step 8300 |A|=1000001 |Bwin|=500 T=300
  chamfer=3.20332e+08 qt=3.12901e+08 (-0.023195) uni=2.85139e+08 (-0.109863)
Step 8466 |A|=1000001 |Bwin|=500 T=300
  chamfer=3.18576e+08 qt=3.17011e+08 (-0.0049112) uni=2.91027e+08 (-0.0864747)
Step 8632 |A|=1000001 |Bwin|=500 T=300
  chamfer=3.18869e+08 qt=3.05751e+08 (-0.0411416) uni=2.85554e+08 (-0.104481)
Step 8798 |A|=1000001 |Bwin|=500 T=300
  chamfer=3.19895e+08 qt=3.14049e+08 (-0.0182744) uni=2.85016e+08 (-0.109032)
Step 8964 |A|=1000001 |Bwin|=500 T=300
  chamfer=3.21954e+08 qt=3.30447e+08 (0.0263793) uni=2.92872e+08 (-0.0903295)
Step 9130 |A|=1000001 |Bwin|=500 T=300
  chamfer=3.21025e+08 qt=3.22647e+08 (0.00505329) uni=2.83723e+08 (-0.116195)
Step 9296 |A|=1000001 |Bwin|=500 T=300
  chamfer=3.20858e+08 qt=3.17538e+08 (-0.0103498) uni=2.87671e+08 (-0.103434)
Step 9462 |A|=1000001 |Bwin|=500 T=300
  chamfer=3.22078e+08 qt=2.96753e+08 (-0.0786301) uni=2.88445e+08 (-0.104424)
Step 9628 |A|=1000001 |Bwin|=500 T=300
  chamfer=3.2385e+08 qt=3.19581e+08 (-0.0131819) uni=2.90635e+08 (-0.102562)
Step 9794 |A|=1000001 |Bwin|=500 T=300
  chamfer=3.21881e+08 qt=3.16175e+08 (-0.0177272) uni=2.84928e+08 (-0.114804)
Step 9960 |A|=1000001 |Bwin|=500 T=300
  chamfer=3.20103e+08 qt=3.17465e+08 (-0.00823928) uni=2.91024e+08 (-0.0908401)

========== TIMING SUMMARY (ms) ==========
E2LSH K=25 L_final=0 queries=57 update_ops=10000 mode=quadtree-only
wall_ms_total=55981.395
per_update_ms e2lsh=0.000 quadtree=0.225 uniform=0.069 benchmark=0.000
--- QuadTree ---
  init_insert_A_ms=48581.491
  update_ms_total=1177.697  update_ms_avg=0.118
  query_ms_total=1076.664  query_ms_avg=18.889
--- E2LSH structure ---
  init_insert_A_ms=0.000
  update_ms_total=0.000  update_ms_avg=0.000
--- E2LSH stratified ---
  query_ms_total=0.000  query_ms_avg=0.000
--- Optional ---
  uniform_query_ms_total=694.255  uniform_query_ms_avg=12.180
  exact_chamfer mode=cache update_ms_total=0.000 update_ms_avg=0.000 query_ms_total=0.056 query_ms_avg=0.001 path=D:\Develop\native-l2-e2lsh-chamfer\output\paper_uni\sift\exact_out\exact_cache.csv
=========================================
Done. queries=57 wrote D:\Develop\native-l2-e2lsh-chamfer\output\paper_uni\sift\out_qt_seed5\compare_cost_log.csv
Wrote timing summary to D:\Develop\native-l2-e2lsh-chamfer\output\paper_uni\sift\out_qt_seed5\timing_summary.json

========== E2LSH BREAKDOWN (ms) ==========
insertA total=0.00 (h0=0.00 hash=0.00 exact=0.00 map=0.00 coord_io=0.00 posting=0.00 resolve=0.00 sampler=0.00 other=0.00)
insertB total=0.00 (h0=0.00 resolve=0.00 exact+sampler=0.00 other=0.00)
deleteB total=0.00 (membership=0.00 exact+sampler=0.00 other=0.00)
expandTop total=0.00 count=0
query total=0.00 (sample=0.00 Da=0.00 NN=0.00 overhead=0.00 io=0.00 reads=0)
==========================================
