omp_threads=1
exact_cache_f32 |A|=1881 |B|=1178 dim=300 window=100 query_interval=20 a=base_with_outlier.f32bin
exact-cache step 100 chamfer=5067.69
exact-cache step 120 chamfer=5128.82
exact-cache step 140 chamfer=5298.95
exact-cache step 160 chamfer=5480.34
exact-cache step 180 chamfer=5575.53
exact-cache step 200 chamfer=5652.03
exact-cache step 220 chamfer=5619.42
exact-cache step 240 chamfer=5773.93
exact-cache step 260 chamfer=5592.82
exact-cache step 280 chamfer=5641.32
exact-cache step 300 chamfer=5505.37
exact-cache step 320 chamfer=5501.05
exact-cache step 340 chamfer=5419.61
exact-cache step 360 chamfer=5440.51
exact-cache step 380 chamfer=5444.01
exact-cache step 400 chamfer=5637.63
exact-cache step 420 chamfer=5531.33
exact-cache step 440 chamfer=5834.67
exact-cache step 460 chamfer=5727.72
exact-cache step 480 chamfer=5633.88
exact-cache step 500 chamfer=5534.33
exact-cache step 520 chamfer=5488.87
exact-cache step 540 chamfer=5445.8
exact-cache step 560 chamfer=5447.73
exact-cache step 580 chamfer=5499
exact-cache step 600 chamfer=5544.98
exact-cache step 620 chamfer=5648.84
exact-cache step 640 chamfer=5613.87
exact-cache step 660 chamfer=5436.44
exact-cache step 680 chamfer=5275.62
exact-cache step 700 chamfer=5190.28
exact-cache step 720 chamfer=5190.57
exact-cache step 740 chamfer=5303.49
exact-cache step 760 chamfer=5358.65
exact-cache step 780 chamfer=5468.79
exact-cache step 800 chamfer=5607.79
exact-cache step 820 chamfer=5602.71
exact-cache step 840 chamfer=5435.07
exact-cache step 860 chamfer=5455.67
exact-cache step 880 chamfer=5447.26
exact-cache step 900 chamfer=5510.38
exact-cache step 920 chamfer=5312.14
exact-cache step 940 chamfer=5250.08
exact-cache step 960 chamfer=5298.11
exact-cache step 980 chamfer=5210.53
exact-cache step 1000 chamfer=5140.97
exact-cache step 1020 chamfer=5218.36
exact-cache step 1040 chamfer=5352.95
exact-cache step 1060 chamfer=5381.47
exact-cache step 1080 chamfer=5501.36
exact-cache step 1100 chamfer=5465.63
exact-cache step 1120 chamfer=5475.88
exact-cache step 1140 chamfer=5424.72
exact-cache step 1160 chamfer=5540.6
Wrote D:\Develop\native-l2-e2lsh-chamfer\output\paper_uni\textemb\exact_out\exact_cache.csv entries=54 update_ms_total=159.72 update_ms_avg=0.135586 per_update_ms benchmark=0.135587 wall_ms=161.05
Wrote D:\Develop\native-l2-e2lsh-chamfer\output\paper_uni\textemb\exact_out\exact_cache.csv.timing.json
