seed=5 e2lsh_only=1 estimator=queryStratified with_is=1 T_override=200
loading D:\Develop\native-l2-e2lsh-chamfer\data\Fashion-MNIST/train_with_outlier.f32bin (flat f32 stream for e2lsh-only)
loading D:\Develop\native-l2-e2lsh-chamfer\data\Fashion-MNIST/query.f32bin
window_size=500 query_interval=166 |A|=60001 |B|=10000 dim=784 (flat-A)
exact=cache hit path=output/sampling_ablation/fashion/exact_out/exact_cache.csv entries=57
omp_threads=1
E2LSH-only mode: skipping QuadTree and Uniform
E2LSH K=98 rho=0.0001 n_max=70000 (formula: K=max(1,ceil(4*ln(8*n_max^2)))) backend=ram
E2LSH insertA progress 60001/60001
E2LSH A insert done in 2072.21 ms L=39 D=6.59718e+12
strata invariant OK sumN=60001 pos=60001
Step 664 |A|=60001 |Bwin|=500 T=200 L=39
  chamfer=9.0815e+07 strat=9.3663e+07 (0.0313604) is=9.86613e+07 (0.0863981)
Step 830 |A|=60001 |Bwin|=500 T=200 L=39
  chamfer=9.06615e+07 strat=9.21255e+07 (0.0161478) is=1.10952e+08 (0.223808)
Step 996 |A|=60001 |Bwin|=500 T=200 L=39
  chamfer=9.07047e+07 strat=8.54789e+07 (-0.0576129) is=1.11617e+08 (0.230554)
Step 1162 |A|=60001 |Bwin|=500 T=200 L=39
  chamfer=9.06471e+07 strat=9.99939e+07 (0.103112) is=1.04835e+08 (0.156519)
Step 1328 |A|=60001 |Bwin|=500 T=200 L=39
  chamfer=9.07805e+07 strat=8.5419e+07 (-0.0590593) is=9.25243e+07 (0.0192091)
Step 1494 |A|=60001 |Bwin|=500 T=200 L=39
  chamfer=9.02496e+07 strat=8.70013e+07 (-0.0359923) is=9.21283e+07 (0.0208163)
Step 1660 |A|=60001 |Bwin|=500 T=200 L=39
  chamfer=9.01113e+07 strat=9.35556e+07 (0.0382231) is=9.22142e+07 (0.0233368)
Step 1826 |A|=60001 |Bwin|=500 T=200 L=39
  chamfer=8.97467e+07 strat=8.93812e+07 (-0.00407198) is=9.61228e+07 (0.071046)
Step 1992 |A|=60001 |Bwin|=500 T=200 L=39
  chamfer=8.98534e+07 strat=9.14347e+07 (0.0175982) is=1.03043e+08 (0.146791)
Step 2158 |A|=60001 |Bwin|=500 T=200 L=39
  chamfer=8.98752e+07 strat=8.85779e+07 (-0.0144343) is=1.1398e+08 (0.268203)
Step 2324 |A|=60001 |Bwin|=500 T=200 L=39
  chamfer=9.07672e+07 strat=8.82819e+07 (-0.0273806) is=1.16495e+08 (0.28345)
Step 2490 |A|=60001 |Bwin|=500 T=200 L=39
  chamfer=9.07742e+07 strat=8.98731e+07 (-0.00992605) is=1.04802e+08 (0.154537)
Step 2656 |A|=60001 |Bwin|=500 T=200 L=39
  chamfer=9.05214e+07 strat=8.85536e+07 (-0.0217387) is=1.07336e+08 (0.185748)
Step 2822 |A|=60001 |Bwin|=500 T=200 L=39
  chamfer=9.00425e+07 strat=8.91596e+07 (-0.00980535) is=8.7837e+07 (-0.0244936)
Step 2988 |A|=60001 |Bwin|=500 T=200 L=39
  chamfer=9.04269e+07 strat=9.32765e+07 (0.0315134) is=7.63633e+07 (-0.155525)
Step 3154 |A|=60001 |Bwin|=500 T=200 L=39
  chamfer=9.07186e+07 strat=9.29896e+07 (0.0250334) is=8.72151e+07 (-0.0386199)
Step 3320 |A|=60001 |Bwin|=500 T=200 L=39
  chamfer=9.07808e+07 strat=8.92478e+07 (-0.0168872) is=9.99866e+07 (0.101406)
Step 3486 |A|=60001 |Bwin|=500 T=200 L=39
  chamfer=9.05093e+07 strat=8.93897e+07 (-0.0123703) is=8.75148e+07 (-0.0330852)
Step 3652 |A|=60001 |Bwin|=500 T=200 L=39
  chamfer=9.0514e+07 strat=8.98071e+07 (-0.00781014) is=8.56114e+07 (-0.0541634)
Step 3818 |A|=60001 |Bwin|=500 T=200 L=39
  chamfer=9.04842e+07 strat=9.45385e+07 (0.0448061) is=8.27652e+07 (-0.0853081)
Step 3984 |A|=60001 |Bwin|=500 T=200 L=39
  chamfer=9.05173e+07 strat=8.67853e+07 (-0.0412292) is=8.66714e+07 (-0.042488)
Step 4150 |A|=60001 |Bwin|=500 T=200 L=39
  chamfer=9.06807e+07 strat=9.048e+07 (-0.00221371) is=9.18789e+07 (0.0132138)
Step 4316 |A|=60001 |Bwin|=500 T=200 L=39
  chamfer=9.06944e+07 strat=8.68427e+07 (-0.0424699) is=8.64855e+07 (-0.046408)
Step 4482 |A|=60001 |Bwin|=500 T=200 L=39
  chamfer=9.05766e+07 strat=9.36015e+07 (0.0333963) is=9.19111e+07 (0.0147339)
Step 4648 |A|=60001 |Bwin|=500 T=200 L=39
  chamfer=9.06517e+07 strat=9.47145e+07 (0.0448182) is=8.3723e+07 (-0.0764315)
Step 4814 |A|=60001 |Bwin|=500 T=200 L=39
  chamfer=9.04283e+07 strat=9.27521e+07 (0.0256972) is=8.64683e+07 (-0.0437922)
Step 4980 |A|=60001 |Bwin|=500 T=200 L=39
  chamfer=9.0376e+07 strat=9.34596e+07 (0.034119) is=9.12901e+07 (0.0101141)
Step 5146 |A|=60001 |Bwin|=500 T=200 L=39
  chamfer=9.0807e+07 strat=9.61263e+07 (0.0585778) is=9.10186e+07 (0.0023296)
Step 5312 |A|=60001 |Bwin|=500 T=200 L=39
  chamfer=9.05717e+07 strat=8.83263e+07 (-0.0247912) is=8.58903e+07 (-0.0516876)
Step 5478 |A|=60001 |Bwin|=500 T=200 L=39
  chamfer=9.04283e+07 strat=9.34805e+07 (0.0337526) is=9.4055e+07 (0.0401063)
Step 5644 |A|=60001 |Bwin|=500 T=200 L=39
  chamfer=9.02276e+07 strat=9.07947e+07 (0.00628512) is=9.66018e+07 (0.0706464)
Step 5810 |A|=60001 |Bwin|=500 T=200 L=39
  chamfer=9.03303e+07 strat=8.69334e+07 (-0.0376056) is=9.13531e+07 (0.0113233)
Step 5976 |A|=60001 |Bwin|=500 T=200 L=39
  chamfer=9.05253e+07 strat=8.98605e+07 (-0.00734445) is=8.71966e+07 (-0.0367713)
Step 6142 |A|=60001 |Bwin|=500 T=200 L=39
  chamfer=9.08657e+07 strat=9.17899e+07 (0.0101715) is=9.71295e+07 (0.0689344)
Step 6308 |A|=60001 |Bwin|=500 T=200 L=39
  chamfer=9.08967e+07 strat=9.18127e+07 (0.010077) is=8.3201e+07 (-0.0846647)
Step 6474 |A|=60001 |Bwin|=500 T=200 L=39
  chamfer=9.08067e+07 strat=9.27808e+07 (0.0217389) is=8.07242e+07 (-0.111032)
Step 6640 |A|=60001 |Bwin|=500 T=200 L=39
  chamfer=9.08014e+07 strat=8.75465e+07 (-0.0358465) is=9.48828e+07 (0.0449489)
Step 6806 |A|=60001 |Bwin|=500 T=200 L=39
  chamfer=9.09887e+07 strat=9.54895e+07 (0.0494648) is=8.82989e+07 (-0.0295623)
Step 6972 |A|=60001 |Bwin|=500 T=200 L=39
  chamfer=9.13e+07 strat=8.91583e+07 (-0.0234571) is=8.13504e+07 (-0.108976)
Step 7138 |A|=60001 |Bwin|=500 T=200 L=39
  chamfer=9.06062e+07 strat=8.80734e+07 (-0.0279536) is=8.16289e+07 (-0.0990797)
Step 7304 |A|=60001 |Bwin|=500 T=200 L=39
  chamfer=9.0574e+07 strat=9.29457e+07 (0.0261856) is=8.27624e+07 (-0.0862458)
Step 7470 |A|=60001 |Bwin|=500 T=200 L=39
  chamfer=9.03013e+07 strat=8.86339e+07 (-0.0184648) is=8.30639e+07 (-0.0801468)
Step 7636 |A|=60001 |Bwin|=500 T=200 L=39
  chamfer=9.05825e+07 strat=8.84915e+07 (-0.023084) is=6.66029e+07 (-0.264726)
Step 7802 |A|=60001 |Bwin|=500 T=200 L=39
  chamfer=9.03603e+07 strat=8.55066e+07 (-0.053715) is=7.9206e+07 (-0.123442)
Step 7968 |A|=60001 |Bwin|=500 T=200 L=39
  chamfer=9.06712e+07 strat=9.15237e+07 (0.00940265) is=8.59588e+07 (-0.0519722)
Step 8134 |A|=60001 |Bwin|=500 T=200 L=39
  chamfer=9.05898e+07 strat=9.11022e+07 (0.00565588) is=9.42005e+07 (0.0398578)
Step 8300 |A|=60001 |Bwin|=500 T=200 L=39
  chamfer=9.1011e+07 strat=9.02367e+07 (-0.00850733) is=8.44402e+07 (-0.0721977)
Step 8466 |A|=60001 |Bwin|=500 T=200 L=39
  chamfer=9.06051e+07 strat=9.16298e+07 (0.0113097) is=1.01694e+08 (0.122389)
Step 8632 |A|=60001 |Bwin|=500 T=200 L=39
  chamfer=9.05349e+07 strat=8.93557e+07 (-0.0130253) is=9.04349e+07 (-0.00110515)
Step 8798 |A|=60001 |Bwin|=500 T=200 L=39
  chamfer=9.02685e+07 strat=8.83732e+07 (-0.020996) is=9.69034e+07 (0.0735018)
Step 8964 |A|=60001 |Bwin|=500 T=200 L=39
  chamfer=9.03301e+07 strat=9.13608e+07 (0.01141) is=9.60163e+07 (0.0629487)
Step 9130 |A|=60001 |Bwin|=500 T=200 L=39
  chamfer=9.05576e+07 strat=8.94974e+07 (-0.0117074) is=8.77597e+07 (-0.030896)
Step 9296 |A|=60001 |Bwin|=500 T=200 L=39
  chamfer=9.06694e+07 strat=9.29316e+07 (0.02495) is=8.87602e+07 (-0.0210568)
Step 9462 |A|=60001 |Bwin|=500 T=200 L=39
  chamfer=9.08549e+07 strat=9.09602e+07 (0.00115917) is=7.87432e+07 (-0.133308)
Step 9628 |A|=60001 |Bwin|=500 T=200 L=39
  chamfer=9.08611e+07 strat=9.36047e+07 (0.0301951) is=8.37882e+07 (-0.0778434)
Step 9794 |A|=60001 |Bwin|=500 T=200 L=39
  chamfer=9.05871e+07 strat=9.23759e+07 (0.0197474) is=8.9554e+07 (-0.0114043)
Step 9960 |A|=60001 |Bwin|=500 T=200 L=39
  chamfer=9.05078e+07 strat=8.45962e+07 (-0.0653152) is=9.1193e+07 (0.00757064)

========== TIMING SUMMARY (ms) ==========
E2LSH K=98 L_final=39 queries=57 update_ops=10000 mode=e2lsh-only
wall_ms_total=3056.405
per_update_ms e2lsh=0.069 quadtree=0.000 uniform=0.000 benchmark=0.000
--- E2LSH structure ---
  init_insert_A_ms=2072.215
  update_ms_total=463.096  update_ms_avg=0.046
--- E2LSH stratified ---
  query_ms_total=230.693  query_ms_avg=4.047
--- E2LSH importance ---
  query_ms_total=219.154  query_ms_avg=3.845
--- Optional ---
  exact_chamfer mode=cache update_ms_total=0.000 update_ms_avg=0.000 query_ms_total=0.035 query_ms_avg=0.001 path=output/sampling_ablation/fashion/exact_out/exact_cache.csv
=========================================
Done. queries=57 wrote D:\Develop\native-l2-e2lsh-chamfer\output\sampling_ablation\fashion\out_seed5\compare_cost_log.csv
Wrote timing summary to D:\Develop\native-l2-e2lsh-chamfer\output\sampling_ablation\fashion\out_seed5\timing_summary.json

========== E2LSH BREAKDOWN (ms) ==========
insertA total=1562.72 (h0=657.69 hash=48.69 exact=124.83 map=0.00 coord_io=0.00 posting=0.00 resolve=530.24 sampler=63.91 other=137.36)
insertB total=392.89 (h0=122.00 resolve=93.30 exact+sampler=172.09 other=5.50)
deleteB total=64.73 (membership=58.80 exact+sampler=2.44 other=3.49)
expandTop total=360.10 count=39
query total=448.31 (sample=28.61 Da=0.00 NN=419.60 overhead=0.10 io=0.00 reads=0)
fractions of profiled E2LSH (2828.75 ms): NN=14.83% sample=1.01% Da=0.00% structure=84.15%
==========================================
