omp_threads=1
exact_cache_f32 |A|=1000000 |B|=1000 dim=960 window=50 query_interval=17 a=base.f32bin
exact-cache step 51 chamfer=1.42972e+06
exact-cache step 68 chamfer=1.44857e+06
exact-cache step 85 chamfer=1.44056e+06
exact-cache step 102 chamfer=1.43864e+06
exact-cache step 119 chamfer=1.43112e+06
exact-cache step 136 chamfer=1.42304e+06
exact-cache step 153 chamfer=1.39699e+06
exact-cache step 170 chamfer=1.3857e+06
exact-cache step 187 chamfer=1.38659e+06
exact-cache step 204 chamfer=1.38833e+06
exact-cache step 221 chamfer=1.3861e+06
exact-cache step 238 chamfer=1.38997e+06
exact-cache step 255 chamfer=1.4651e+06
exact-cache step 272 chamfer=1.44209e+06
exact-cache step 289 chamfer=1.37974e+06
exact-cache step 306 chamfer=1.37993e+06
exact-cache step 323 chamfer=1.39054e+06
exact-cache step 340 chamfer=1.3963e+06
exact-cache step 357 chamfer=1.40095e+06
exact-cache step 374 chamfer=1.40023e+06
exact-cache step 391 chamfer=1.40165e+06
exact-cache step 408 chamfer=1.38552e+06
exact-cache step 425 chamfer=1.39709e+06
exact-cache step 442 chamfer=1.41795e+06
exact-cache step 459 chamfer=1.40294e+06
exact-cache step 476 chamfer=1.39401e+06
exact-cache step 493 chamfer=1.37989e+06
exact-cache step 510 chamfer=1.38209e+06
exact-cache step 527 chamfer=1.38231e+06
exact-cache step 544 chamfer=1.37425e+06
exact-cache step 561 chamfer=1.3649e+06
exact-cache step 578 chamfer=1.35968e+06
exact-cache step 595 chamfer=1.36353e+06
exact-cache step 612 chamfer=1.3771e+06
exact-cache step 629 chamfer=1.41491e+06
exact-cache step 646 chamfer=1.39789e+06
exact-cache step 663 chamfer=1.42283e+06
exact-cache step 680 chamfer=1.39849e+06
exact-cache step 697 chamfer=1.3961e+06
exact-cache step 714 chamfer=1.38645e+06
exact-cache step 731 chamfer=1.38795e+06
exact-cache step 748 chamfer=1.3895e+06
exact-cache step 765 chamfer=1.38568e+06
exact-cache step 782 chamfer=1.38438e+06
exact-cache step 799 chamfer=1.3816e+06
exact-cache step 816 chamfer=1.384e+06
exact-cache step 833 chamfer=1.39102e+06
exact-cache step 850 chamfer=1.41782e+06
exact-cache step 867 chamfer=1.40072e+06
exact-cache step 884 chamfer=1.39604e+06
exact-cache step 901 chamfer=1.42594e+06
exact-cache step 918 chamfer=1.42707e+06
exact-cache step 935 chamfer=1.41379e+06
exact-cache step 952 chamfer=1.40195e+06
exact-cache step 969 chamfer=1.38909e+06
exact-cache step 986 chamfer=1.40591e+06
Wrote D:\Develop\native-l2-e2lsh-chamfer\output\sampling_ablation\gist\exact_no\exact_cache.csv entries=56 update_ms_total=320502 update_ms_avg=320.502 per_update_ms benchmark=320.502 wall_ms=320507
Wrote D:\Develop\native-l2-e2lsh-chamfer\output\sampling_ablation\gist\exact_no\exact_cache.csv.timing.json
