omp_threads=1
exact_cache_f32 |A|=60000 |B|=10000 dim=784 window=500 query_interval=166 a=train.f32bin
exact-cache step 664 chamfer=7.6214e+07
exact-cache step 830 chamfer=7.60605e+07
exact-cache step 996 chamfer=7.61033e+07
exact-cache step 1162 chamfer=7.6046e+07
exact-cache step 1328 chamfer=7.61793e+07
exact-cache step 1494 chamfer=7.56485e+07
exact-cache step 1660 chamfer=7.55099e+07
exact-cache step 1826 chamfer=7.51453e+07
exact-cache step 1992 chamfer=7.5252e+07
exact-cache step 2158 chamfer=7.52739e+07
exact-cache step 2324 chamfer=7.61659e+07
exact-cache step 2490 chamfer=7.61729e+07
exact-cache step 2656 chamfer=7.59201e+07
exact-cache step 2822 chamfer=7.5441e+07
exact-cache step 2988 chamfer=7.58256e+07
exact-cache step 3154 chamfer=7.61174e+07
exact-cache step 3320 chamfer=7.61798e+07
exact-cache step 3486 chamfer=7.59083e+07
exact-cache step 3652 chamfer=7.59131e+07
exact-cache step 3818 chamfer=7.58834e+07
exact-cache step 3984 chamfer=7.59164e+07
exact-cache step 4150 chamfer=7.60795e+07
exact-cache step 4316 chamfer=7.60934e+07
exact-cache step 4482 chamfer=7.59757e+07
exact-cache step 4648 chamfer=7.60508e+07
exact-cache step 4814 chamfer=7.58275e+07
exact-cache step 4980 chamfer=7.5775e+07
exact-cache step 5146 chamfer=7.6206e+07
exact-cache step 5312 chamfer=7.59706e+07
exact-cache step 5478 chamfer=7.58271e+07
exact-cache step 5644 chamfer=7.56264e+07
exact-cache step 5810 chamfer=7.57292e+07
exact-cache step 5976 chamfer=7.59242e+07
exact-cache step 6142 chamfer=7.62646e+07
exact-cache step 6308 chamfer=7.62956e+07
exact-cache step 6474 chamfer=7.62056e+07
exact-cache step 6640 chamfer=7.62003e+07
exact-cache step 6806 chamfer=7.63876e+07
exact-cache step 6972 chamfer=7.66988e+07
exact-cache step 7138 chamfer=7.6005e+07
exact-cache step 7304 chamfer=7.59728e+07
exact-cache step 7470 chamfer=7.57001e+07
exact-cache step 7636 chamfer=7.59814e+07
exact-cache step 7802 chamfer=7.57592e+07
exact-cache step 7968 chamfer=7.60701e+07
exact-cache step 8134 chamfer=7.59887e+07
exact-cache step 8300 chamfer=7.64099e+07
exact-cache step 8466 chamfer=7.60042e+07
exact-cache step 8632 chamfer=7.5934e+07
exact-cache step 8798 chamfer=7.56676e+07
exact-cache step 8964 chamfer=7.57289e+07
exact-cache step 9130 chamfer=7.59564e+07
exact-cache step 9296 chamfer=7.60682e+07
exact-cache step 9462 chamfer=7.62539e+07
exact-cache step 9628 chamfer=7.62601e+07
exact-cache step 9794 chamfer=7.59861e+07
exact-cache step 9960 chamfer=7.59066e+07
Wrote D:\Develop\native-l2-e2lsh-chamfer\output\paper_uni\fashion\exact_no\exact_cache.csv entries=57 update_ms_total=160696 update_ms_avg=16.0696 per_update_ms benchmark=16.0696 wall_ms=160717
Wrote D:\Develop\native-l2-e2lsh-chamfer\output\paper_uni\fashion\exact_no\exact_cache.csv.timing.json
