seed=3 estimator=queryStratified T_override=200
loading D:\Develop\native-l2-e2lsh-chamfer\data\Fashion-MNIST/train_with_outlier.f32bin
loading D:\Develop\native-l2-e2lsh-chamfer\data\Fashion-MNIST/query.f32bin
window_size=500 query_interval=166 |A|=60001 |B|=10000 dim=784
exact=cache hit path=D:\Develop\native-l2-e2lsh-chamfer\output\paper_uni\fashion\exact_out\exact_cache.csv entries=57
omp_threads=1
2.92015e+07 0.0001
diameter=2.92015e+07 aspect=2.92015e+11 depth=39
QuadTree A insert done in 10249.3 ms
E2LSH K=98 rho=0.0001 n_max=70000 (formula: K=max(1,ceil(4*ln(8*n_max^2)))) backend=ram
E2LSH A insert done in 1340.05 ms L=39 D=6.59718e+12
strata invariant OK sumN=60001 pos=60001
Step 664 |A|=60001 |Bwin|=500 T=200 L=39
NN_MICROBENCH reps=256 e2_ms=14.6924 flat_ms=15.4718 ratio_slow_over_fast=1.05305 e2_nB=500 flat_nB=500 e2_align=0 flat_align=0 note=timed status=OK sink=1.23756e+06
  chamfer=9.0815e+07 qt=8.86057e+07 (-0.0243279) e2(strat)=9.1056e+07 (0.00265328) uni=7.76951e+07 (-0.144468)
Step 830 |A|=60001 |Bwin|=500 T=200 L=39
  chamfer=9.06615e+07 qt=9.56198e+07 (0.0546901) e2(strat)=8.99887e+07 (-0.00742073) uni=7.50413e+07 (-0.172292)
Step 996 |A|=60001 |Bwin|=500 T=200 L=39
  chamfer=9.07047e+07 qt=9.21644e+07 (0.0160934) e2(strat)=9.18709e+07 (0.0128576) uni=7.5627e+07 (-0.166229)
Step 1162 |A|=60001 |Bwin|=500 T=200 L=39
  chamfer=9.06471e+07 qt=9.30101e+07 (0.0260674) e2(strat)=8.60579e+07 (-0.0506273) uni=7.73356e+07 (-0.14685)
Step 1328 |A|=60001 |Bwin|=500 T=200 L=39
  chamfer=9.07805e+07 qt=8.60961e+07 (-0.0516008) e2(strat)=8.87501e+07 (-0.0223654) uni=7.50061e+07 (-0.173764)
Step 1494 |A|=60001 |Bwin|=500 T=200 L=39
  chamfer=9.02496e+07 qt=8.81995e+07 (-0.0227165) e2(strat)=9.03994e+07 (0.00165954) uni=7.60882e+07 (-0.156914)
Step 1660 |A|=60001 |Bwin|=500 T=200 L=39
  chamfer=9.01113e+07 qt=8.86494e+07 (-0.0162233) e2(strat)=9.00055e+07 (-0.00117329) uni=7.60014e+07 (-0.156583)
Step 1826 |A|=60001 |Bwin|=500 T=200 L=39
  chamfer=8.97467e+07 qt=8.32722e+07 (-0.0721417) e2(strat)=8.73941e+07 (-0.0262134) uni=7.45887e+07 (-0.168898)
Step 1992 |A|=60001 |Bwin|=500 T=200 L=39
  chamfer=8.98534e+07 qt=8.96621e+07 (-0.0021297) e2(strat)=8.89129e+07 (-0.0104675) uni=7.35089e+07 (-0.181902)
Step 2158 |A|=60001 |Bwin|=500 T=200 L=39
  chamfer=8.98752e+07 qt=9.44778e+07 (0.0512117) e2(strat)=9.10209e+07 (0.0127487) uni=7.23831e+07 (-0.194626)
Step 2324 |A|=60001 |Bwin|=500 T=200 L=39
  chamfer=9.07672e+07 qt=9.51091e+07 (0.0478356) e2(strat)=8.80786e+07 (-0.0296203) uni=7.55169e+07 (-0.168015)
Step 2490 |A|=60001 |Bwin|=500 T=200 L=39
  chamfer=9.07742e+07 qt=8.78699e+07 (-0.0319941) e2(strat)=9.01194e+07 (-0.00721252) uni=7.51056e+07 (-0.17261)
Step 2656 |A|=60001 |Bwin|=500 T=200 L=39
  chamfer=9.05214e+07 qt=9.2505e+07 (0.0219134) e2(strat)=9.04931e+07 (-0.000313049) uni=7.68281e+07 (-0.151271)
Step 2822 |A|=60001 |Bwin|=500 T=200 L=39
  chamfer=9.00425e+07 qt=8.79391e+07 (-0.0233596) e2(strat)=9.30668e+07 (0.0335874) uni=7.51824e+07 (-0.165034)
Step 2988 |A|=60001 |Bwin|=500 T=200 L=39
  chamfer=9.04269e+07 qt=8.90666e+07 (-0.0150429) e2(strat)=8.95294e+07 (-0.00992535) uni=7.3388e+07 (-0.188427)
Step 3154 |A|=60001 |Bwin|=500 T=200 L=39
  chamfer=9.07186e+07 qt=9.20973e+07 (0.0151972) e2(strat)=8.82755e+07 (-0.0269306) uni=7.54268e+07 (-0.168563)
Step 3320 |A|=60001 |Bwin|=500 T=200 L=39
  chamfer=9.07808e+07 qt=8.72876e+07 (-0.0384795) e2(strat)=8.84699e+07 (-0.0254555) uni=7.76345e+07 (-0.144814)
Step 3486 |A|=60001 |Bwin|=500 T=200 L=39
  chamfer=9.05093e+07 qt=9.03751e+07 (-0.00148356) e2(strat)=9.06605e+07 (0.00166983) uni=7.71198e+07 (-0.147935)
Step 3652 |A|=60001 |Bwin|=500 T=200 L=39
  chamfer=9.0514e+07 qt=8.88452e+07 (-0.0184365) e2(strat)=8.66226e+07 (-0.0429924) uni=7.55407e+07 (-0.165425)
Step 3818 |A|=60001 |Bwin|=500 T=200 L=39
  chamfer=9.04842e+07 qt=8.81261e+07 (-0.0260613) e2(strat)=8.78525e+07 (-0.0290851) uni=7.52282e+07 (-0.168604)
Step 3984 |A|=60001 |Bwin|=500 T=200 L=39
  chamfer=9.05173e+07 qt=9.14878e+07 (0.0107213) e2(strat)=9.22675e+07 (0.0193355) uni=7.58346e+07 (-0.162209)
Step 4150 |A|=60001 |Bwin|=500 T=200 L=39
  chamfer=9.06807e+07 qt=8.91182e+07 (-0.0172313) e2(strat)=9.01807e+07 (-0.00551369) uni=7.64898e+07 (-0.156493)
Step 4316 |A|=60001 |Bwin|=500 T=200 L=39
  chamfer=9.06944e+07 qt=9.93225e+07 (0.0951336) e2(strat)=9.13531e+07 (0.00726217) uni=7.54946e+07 (-0.167594)
Step 4482 |A|=60001 |Bwin|=500 T=200 L=39
  chamfer=9.05766e+07 qt=9.16215e+07 (0.0115362) e2(strat)=9.02357e+07 (-0.00376305) uni=7.58085e+07 (-0.163045)
Step 4648 |A|=60001 |Bwin|=500 T=200 L=39
  chamfer=9.06517e+07 qt=8.60758e+07 (-0.0504773) e2(strat)=8.88098e+07 (-0.020318) uni=7.65184e+07 (-0.155908)
Step 4814 |A|=60001 |Bwin|=500 T=200 L=39
  chamfer=9.04283e+07 qt=8.73876e+07 (-0.0336261) e2(strat)=8.68172e+07 (-0.0399341) uni=7.57552e+07 (-0.162263)
Step 4980 |A|=60001 |Bwin|=500 T=200 L=39
  chamfer=9.0376e+07 qt=9.02858e+07 (-0.000998574) e2(strat)=9.11757e+07 (0.00884805) uni=7.63258e+07 (-0.155464)
Step 5146 |A|=60001 |Bwin|=500 T=200 L=39
  chamfer=9.0807e+07 qt=9.59416e+07 (0.0565435) e2(strat)=9.00426e+07 (-0.00841873) uni=7.63552e+07 (-0.159149)
Step 5312 |A|=60001 |Bwin|=500 T=200 L=39
  chamfer=9.05717e+07 qt=8.79955e+07 (-0.0284433) e2(strat)=9.10697e+07 (0.00549841) uni=7.67721e+07 (-0.152361)
Step 5478 |A|=60001 |Bwin|=500 T=200 L=39
  chamfer=9.04283e+07 qt=9.61269e+07 (0.0630177) e2(strat)=9.23165e+07 (0.0208803) uni=7.58572e+07 (-0.161134)
Step 5644 |A|=60001 |Bwin|=500 T=200 L=39
  chamfer=9.02276e+07 qt=9.59622e+07 (0.0635572) e2(strat)=8.76051e+07 (-0.0290646) uni=7.84517e+07 (-0.130513)
Step 5810 |A|=60001 |Bwin|=500 T=200 L=39
  chamfer=9.03303e+07 qt=9.14473e+07 (0.0123661) e2(strat)=8.77777e+07 (-0.0282587) uni=7.43237e+07 (-0.177201)
Step 5976 |A|=60001 |Bwin|=500 T=200 L=39
  chamfer=9.05253e+07 qt=8.72167e+07 (-0.0365485) e2(strat)=8.90766e+07 (-0.0160037) uni=7.58656e+07 (-0.161941)
Step 6142 |A|=60001 |Bwin|=500 T=200 L=39
  chamfer=9.08657e+07 qt=9.55905e+07 (0.0519979) e2(strat)=9.12408e+07 (0.00412827) uni=7.55461e+07 (-0.168596)
Step 6308 |A|=60001 |Bwin|=500 T=200 L=39
  chamfer=9.08967e+07 qt=9.39734e+07 (0.0338486) e2(strat)=9.15583e+07 (0.0072781) uni=7.75289e+07 (-0.147066)
Step 6474 |A|=60001 |Bwin|=500 T=200 L=39
  chamfer=9.08067e+07 qt=9.13521e+07 (0.00600597) e2(strat)=8.99377e+07 (-0.00957033) uni=7.68918e+07 (-0.153237)
Step 6640 |A|=60001 |Bwin|=500 T=200 L=39
  chamfer=9.08014e+07 qt=9.11272e+07 (0.00358805) e2(strat)=9.04444e+07 (-0.00393133) uni=7.71139e+07 (-0.150741)
Step 6806 |A|=60001 |Bwin|=500 T=200 L=39
  chamfer=9.09887e+07 qt=9.31435e+07 (0.0236812) e2(strat)=9.27239e+07 (0.0190697) uni=7.70658e+07 (-0.153018)
Step 6972 |A|=60001 |Bwin|=500 T=200 L=39
  chamfer=9.13e+07 qt=9.13123e+07 (0.000134828) e2(strat)=9.23292e+07 (0.011273) uni=7.61032e+07 (-0.166448)
Step 7138 |A|=60001 |Bwin|=500 T=200 L=39
  chamfer=9.06062e+07 qt=9.18466e+07 (0.0136899) e2(strat)=9.18911e+07 (0.0141816) uni=7.5783e+07 (-0.1636)
Step 7304 |A|=60001 |Bwin|=500 T=200 L=39
  chamfer=9.0574e+07 qt=8.02136e+07 (-0.114386) e2(strat)=9.06447e+07 (0.000780723) uni=7.57253e+07 (-0.16394)
Step 7470 |A|=60001 |Bwin|=500 T=200 L=39
  chamfer=9.03013e+07 qt=8.54079e+07 (-0.0541897) e2(strat)=9.00224e+07 (-0.00308829) uni=7.50398e+07 (-0.169006)
Step 7636 |A|=60001 |Bwin|=500 T=200 L=39
  chamfer=9.05825e+07 qt=8.75089e+07 (-0.0339321) e2(strat)=8.87933e+07 (-0.0197522) uni=7.68015e+07 (-0.152138)
Step 7802 |A|=60001 |Bwin|=500 T=200 L=39
  chamfer=9.03603e+07 qt=8.65555e+07 (-0.0421075) e2(strat)=8.84034e+07 (-0.0216568) uni=7.50244e+07 (-0.16972)
Step 7968 |A|=60001 |Bwin|=500 T=200 L=39
  chamfer=9.06712e+07 qt=9.13254e+07 (0.0072153) e2(strat)=9.07099e+07 (0.000427332) uni=7.58529e+07 (-0.163429)
Step 8134 |A|=60001 |Bwin|=500 T=200 L=39
  chamfer=9.05898e+07 qt=8.96627e+07 (-0.0102343) e2(strat)=9.15082e+07 (0.010138) uni=7.61435e+07 (-0.159469)
Step 8300 |A|=60001 |Bwin|=500 T=200 L=39
  chamfer=9.1011e+07 qt=9.86183e+07 (0.0835865) e2(strat)=9.16897e+07 (0.00745783) uni=7.57553e+07 (-0.167625)
Step 8466 |A|=60001 |Bwin|=500 T=200 L=39
  chamfer=9.06051e+07 qt=8.61812e+07 (-0.0488263) e2(strat)=9.11626e+07 (0.00615334) uni=7.70906e+07 (-0.149159)
Step 8632 |A|=60001 |Bwin|=500 T=200 L=39
  chamfer=9.05349e+07 qt=9.65919e+07 (0.0669023) e2(strat)=8.81137e+07 (-0.0267437) uni=7.77175e+07 (-0.141574)
Step 8798 |A|=60001 |Bwin|=500 T=200 L=39
  chamfer=9.02685e+07 qt=9.02698e+07 (1.3745e-05) e2(strat)=9.03241e+07 (0.000615418) uni=7.67563e+07 (-0.149689)
Step 8964 |A|=60001 |Bwin|=500 T=200 L=39
  chamfer=9.03301e+07 qt=8.79912e+07 (-0.0258933) e2(strat)=9.29339e+07 (0.0288247) uni=7.56653e+07 (-0.162347)
Step 9130 |A|=60001 |Bwin|=500 T=200 L=39
  chamfer=9.05576e+07 qt=8.23068e+07 (-0.0911106) e2(strat)=8.95157e+07 (-0.0115048) uni=7.5464e+07 (-0.166674)
Step 9296 |A|=60001 |Bwin|=500 T=200 L=39
  chamfer=9.06694e+07 qt=9.05532e+07 (-0.00128214) e2(strat)=9.03919e+07 (-0.00306089) uni=7.50802e+07 (-0.171935)
Step 9462 |A|=60001 |Bwin|=500 T=200 L=39
  chamfer=9.08549e+07 qt=8.57242e+07 (-0.0564718) e2(strat)=8.84328e+07 (-0.0266594) uni=7.50019e+07 (-0.174487)
Step 9628 |A|=60001 |Bwin|=500 T=200 L=39
  chamfer=9.08611e+07 qt=8.91363e+07 (-0.0189831) e2(strat)=9.02916e+07 (-0.00626793) uni=7.60563e+07 (-0.162939)
Step 9794 |A|=60001 |Bwin|=500 T=200 L=39
  chamfer=9.05871e+07 qt=9.50378e+07 (0.0491323) e2(strat)=9.21657e+07 (0.0174261) uni=7.52595e+07 (-0.169203)
Step 9960 |A|=60001 |Bwin|=500 T=200 L=39
  chamfer=9.05078e+07 qt=9.4412e+07 (0.0431366) e2(strat)=9.37708e+07 (0.0360528) uni=7.60898e+07 (-0.159301)

========== TIMING SUMMARY (ms) ==========
E2LSH K=98 L_final=39 queries=57 update_ops=10000
wall_ms_total=17898.979
per_update_ms e2lsh=0.096 quadtree=0.406 uniform=0.065 benchmark=0.000
--- QuadTree ---
  init_insert_A_ms=10249.252
  update_ms_total=3375.662  update_ms_avg=0.338
  query_ms_total=684.165  query_ms_avg=12.003
--- E2LSH structure ---
  init_insert_A_ms=1340.053
  update_ms_total=489.184  update_ms_avg=0.049
--- E2LSH stratified ---
  query_ms_total=470.229  query_ms_avg=8.250
--- Optional ---
  uniform_query_ms_total=645.642  uniform_query_ms_avg=11.327
  exact_chamfer mode=cache update_ms_total=0.000 update_ms_avg=0.000 query_ms_total=0.037 query_ms_avg=0.001 path=D:\Develop\native-l2-e2lsh-chamfer\output\paper_uni\fashion\exact_out\exact_cache.csv
=========================================
Done. queries=57 wrote D:\Develop\native-l2-e2lsh-chamfer\output\paper_uni\fashion\out_seed3\compare_cost_log.csv
Wrote timing summary to D:\Develop\native-l2-e2lsh-chamfer\output\paper_uni\fashion\out_seed3\timing_summary.json

========== E2LSH BREAKDOWN (ms) ==========
insertA total=1323.66 (h0=601.65 hash=42.01 exact=108.28 map=0.00 coord_io=0.00 posting=0.00 resolve=487.90 sampler=20.60 other=63.23)
insertB total=417.20 (h0=108.60 resolve=97.92 exact+sampler=204.47 other=6.21)
deleteB total=66.62 (membership=58.31 exact+sampler=2.94 other=5.37)
expandTop total=0.29 count=39
query total=468.89 (sample=29.59 Da=0.00 NN=439.20 overhead=0.10 io=0.00 reads=0)
fractions of profiled E2LSH (2276.66 ms): NN=19.29% sample=1.30% Da=0.00% structure=79.40%
==========================================
