omp_threads=1
exact_cache_f32 |A|=1000001 |B|=10000 dim=128 window=500 query_interval=166 a=base_with_outlier.f32bin
exact-cache step 664 chamfer=3.21147e+08
exact-cache step 830 chamfer=3.19172e+08
exact-cache step 996 chamfer=3.2028e+08
exact-cache step 1162 chamfer=3.20468e+08
exact-cache step 1328 chamfer=3.22114e+08
exact-cache step 1494 chamfer=3.19682e+08
exact-cache step 1660 chamfer=3.20633e+08
exact-cache step 1826 chamfer=3.23014e+08
exact-cache step 1992 chamfer=3.23018e+08
exact-cache step 2158 chamfer=3.21116e+08
exact-cache step 2324 chamfer=3.19201e+08
exact-cache step 2490 chamfer=3.20775e+08
exact-cache step 2656 chamfer=3.22251e+08
exact-cache step 2822 chamfer=3.21702e+08
exact-cache step 2988 chamfer=3.2167e+08
exact-cache step 3154 chamfer=3.21689e+08
exact-cache step 3320 chamfer=3.20946e+08
exact-cache step 3486 chamfer=3.19296e+08
exact-cache step 3652 chamfer=3.19129e+08
exact-cache step 3818 chamfer=3.19181e+08
exact-cache step 3984 chamfer=3.18145e+08
exact-cache step 4150 chamfer=3.18606e+08
exact-cache step 4316 chamfer=3.1861e+08
exact-cache step 4482 chamfer=3.19053e+08
exact-cache step 4648 chamfer=3.20291e+08
exact-cache step 4814 chamfer=3.21117e+08
exact-cache step 4980 chamfer=3.18723e+08
exact-cache step 5146 chamfer=3.17604e+08
exact-cache step 5312 chamfer=3.1915e+08
exact-cache step 5478 chamfer=3.20647e+08
exact-cache step 5644 chamfer=3.21955e+08
exact-cache step 5810 chamfer=3.2075e+08
exact-cache step 5976 chamfer=3.21587e+08
exact-cache step 6142 chamfer=3.21821e+08
exact-cache step 6308 chamfer=3.20446e+08
exact-cache step 6474 chamfer=3.22557e+08
exact-cache step 6640 chamfer=3.21159e+08
exact-cache step 6806 chamfer=3.20831e+08
exact-cache step 6972 chamfer=3.18739e+08
exact-cache step 7138 chamfer=3.20015e+08
exact-cache step 7304 chamfer=3.22e+08
exact-cache step 7470 chamfer=3.21457e+08
exact-cache step 7636 chamfer=3.20743e+08
exact-cache step 7802 chamfer=3.1956e+08
exact-cache step 7968 chamfer=3.19243e+08
exact-cache step 8134 chamfer=3.19891e+08
exact-cache step 8300 chamfer=3.20332e+08
exact-cache step 8466 chamfer=3.18576e+08
exact-cache step 8632 chamfer=3.18869e+08
exact-cache step 8798 chamfer=3.19895e+08
exact-cache step 8964 chamfer=3.21954e+08
exact-cache step 9130 chamfer=3.21025e+08
exact-cache step 9296 chamfer=3.20858e+08
exact-cache step 9462 chamfer=3.22078e+08
exact-cache step 9628 chamfer=3.2385e+08
exact-cache step 9794 chamfer=3.21881e+08
exact-cache step 9960 chamfer=3.20103e+08
Wrote D:\Develop\native-l2-e2lsh-chamfer\output\paper_uni\sift\exact_out\exact_cache.csv entries=57 update_ms_total=439632 update_ms_avg=43.9632 per_update_ms benchmark=43.9632 wall_ms=439647
Wrote D:\Develop\native-l2-e2lsh-chamfer\output\paper_uni\sift\exact_out\exact_cache.csv.timing.json
