seed=2 e2lsh_only=1 estimator=queryStratified with_is=1 T_override=300 storage_dir=D:\Develop\native-l2-e2lsh-chamfer\output\sampling_ablation\gist\out_seed2\store
loading D:\Develop\native-l2-e2lsh-chamfer\data\GIST_1M/base_with_outlier.f32bin (flat f32 stream for e2lsh-only)
loading D:\Develop\native-l2-e2lsh-chamfer\data\GIST_1M/query.f32bin
window_size=50 query_interval=17 |A|=1000001 |B|=1000 dim=960 (flat-A)
exact=cache hit path=output/sampling_ablation/gist/exact_out/exact_cache.csv entries=56
omp_threads=1
E2LSH-only mode: skipping QuadTree and Uniform
E2LSH K=119 rho=0.0001 n_max=1001075 (formula: K=max(1,ceil(4*ln(8*n_max^2)))) backend=external
storage_dir=D:\Develop\native-l2-e2lsh-chamfer\output\sampling_ablation\gist\out_seed2\store O_DIRECT=1 async=1
E2LSH insertA progress 114688/1000001
E2LSH insertA progress 212992/1000001
E2LSH insertA progress 311296/1000001
E2LSH insertA progress 409600/1000001
E2LSH insertA progress 507904/1000001
E2LSH insertA progress 606208/1000001
E2LSH insertA progress 704512/1000001
E2LSH insertA progress 802816/1000001
E2LSH insertA progress 901120/1000001
E2LSH insertA progress 1000001/1000001
E2LSH A insert done in 32598.7 ms L=32 D=8.58994e+11
strata invariant OK sumN=1000001 pos=1000001
Step 51 |A|=1000001 |Bwin|=50 T=300 L=32
  chamfer=1.60053e+06 strat=1.58149e+06 (-0.011896) is=1.65118e+06 (0.0316483)
Step 68 |A|=1000001 |Bwin|=50 T=300 L=32
  chamfer=1.61937e+06 strat=1.61446e+06 (-0.00303253) is=1.6226e+06 (0.00199298)
Step 85 |A|=1000001 |Bwin|=50 T=300 L=32
  chamfer=1.61137e+06 strat=1.614e+06 (0.00163606) is=1.4874e+06 (-0.0769353)
Step 102 |A|=1000001 |Bwin|=50 T=300 L=32
  chamfer=1.60944e+06 strat=1.63205e+06 (0.0140441) is=1.64033e+06 (0.0191914)
Step 119 |A|=1000001 |Bwin|=50 T=300 L=32
  chamfer=1.60192e+06 strat=1.6497e+06 (0.0298262) is=1.57161e+06 (-0.0189217)
Step 136 |A|=1000001 |Bwin|=50 T=300 L=32
  chamfer=1.59384e+06 strat=1.55867e+06 (-0.0220644) is=1.57203e+06 (-0.0136842)
Step 153 |A|=1000001 |Bwin|=50 T=300 L=32
  chamfer=1.5678e+06 strat=1.53126e+06 (-0.0233055) is=1.51595e+06 (-0.0330703)
Step 170 |A|=1000001 |Bwin|=50 T=300 L=32
  chamfer=1.5565e+06 strat=1.56677e+06 (0.00659724) is=1.57941e+06 (0.0147168)
Step 187 |A|=1000001 |Bwin|=50 T=300 L=32
  chamfer=1.5574e+06 strat=1.52592e+06 (-0.0202077) is=1.5283e+06 (-0.0186827)
Step 204 |A|=1000001 |Bwin|=50 T=300 L=32
  chamfer=1.55913e+06 strat=1.61187e+06 (0.0338235) is=1.4738e+06 (-0.0547299)
Step 221 |A|=1000001 |Bwin|=50 T=300 L=32
  chamfer=1.55691e+06 strat=1.56168e+06 (0.00306646) is=1.55742e+06 (0.000327421)
Step 238 |A|=1000001 |Bwin|=50 T=300 L=32
  chamfer=1.56077e+06 strat=1.56925e+06 (0.00542921) is=1.5388e+06 (-0.0140762)
Step 255 |A|=1000001 |Bwin|=50 T=300 L=32
  chamfer=1.63591e+06 strat=1.62906e+06 (-0.0041884) is=1.56672e+06 (-0.0422908)
Step 272 |A|=1000001 |Bwin|=50 T=300 L=32
  chamfer=1.61289e+06 strat=1.6427e+06 (0.0184795) is=1.54536e+06 (-0.0418711)
Step 289 |A|=1000001 |Bwin|=50 T=300 L=32
  chamfer=1.55055e+06 strat=1.54006e+06 (-0.00676037) is=1.61926e+06 (0.0443159)
Step 306 |A|=1000001 |Bwin|=50 T=300 L=32
  chamfer=1.55073e+06 strat=1.53518e+06 (-0.0100306) is=1.56011e+06 (0.00604436)
Step 323 |A|=1000001 |Bwin|=50 T=300 L=32
  chamfer=1.56135e+06 strat=1.55864e+06 (-0.00173267) is=1.44948e+06 (-0.0716483)
Step 340 |A|=1000001 |Bwin|=50 T=300 L=32
  chamfer=1.5671e+06 strat=1.62216e+06 (0.0351361) is=1.58118e+06 (0.00898598)
Step 357 |A|=1000001 |Bwin|=50 T=300 L=32
  chamfer=1.57175e+06 strat=1.55237e+06 (-0.0123298) is=1.53275e+06 (-0.0248164)
Step 374 |A|=1000001 |Bwin|=50 T=300 L=32
  chamfer=1.57104e+06 strat=1.6158e+06 (0.0284925) is=1.56041e+06 (-0.00676374)
Step 391 |A|=1000001 |Bwin|=50 T=300 L=32
  chamfer=1.57245e+06 strat=1.59231e+06 (0.0126284) is=1.53048e+06 (-0.026691)
Step 408 |A|=1000001 |Bwin|=50 T=300 L=32
  chamfer=1.55632e+06 strat=1.56775e+06 (0.00734221) is=1.57428e+06 (0.0115395)
Step 425 |A|=1000001 |Bwin|=50 T=300 L=32
  chamfer=1.56789e+06 strat=1.50734e+06 (-0.0386234) is=1.60926e+06 (0.0263806)
Step 442 |A|=1000001 |Bwin|=50 T=300 L=32
  chamfer=1.58875e+06 strat=1.57638e+06 (-0.00779147) is=1.46469e+06 (-0.0780892)
Step 459 |A|=1000001 |Bwin|=50 T=300 L=32
  chamfer=1.57375e+06 strat=1.59933e+06 (0.0162546) is=1.54e+06 (-0.0214458)
Step 476 |A|=1000001 |Bwin|=50 T=300 L=32
  chamfer=1.56481e+06 strat=1.57761e+06 (0.00817826) is=1.56711e+06 (0.00146967)
Step 493 |A|=1000001 |Bwin|=50 T=300 L=32
  chamfer=1.5507e+06 strat=1.55843e+06 (0.00498625) is=1.61516e+06 (0.0415701)
Step 510 |A|=1000001 |Bwin|=50 T=300 L=32
  chamfer=1.5529e+06 strat=1.55273e+06 (-0.000105254) is=1.64971e+06 (0.0623458)
Step 527 |A|=1000001 |Bwin|=50 T=300 L=32
  chamfer=1.55311e+06 strat=1.54066e+06 (-0.00801687) is=1.51856e+06 (-0.0222469)
Step 544 |A|=1000001 |Bwin|=50 T=300 L=32
  chamfer=1.54506e+06 strat=1.55001e+06 (0.00320579) is=1.57268e+06 (0.0178749)
Step 561 |A|=1000001 |Bwin|=50 T=300 L=32
  chamfer=1.53571e+06 strat=1.56675e+06 (0.0202169) is=1.45279e+06 (-0.053992)
Step 578 |A|=1000001 |Bwin|=50 T=300 L=32
  chamfer=1.53048e+06 strat=1.53854e+06 (0.00526496) is=1.57484e+06 (0.0289806)
Step 595 |A|=1000001 |Bwin|=50 T=300 L=32
  chamfer=1.53434e+06 strat=1.54271e+06 (0.00545529) is=1.54476e+06 (0.00679271)
Step 612 |A|=1000001 |Bwin|=50 T=300 L=32
  chamfer=1.5479e+06 strat=1.51102e+06 (-0.0238289) is=1.51306e+06 (-0.022511)
Step 629 |A|=1000001 |Bwin|=50 T=300 L=32
  chamfer=1.58571e+06 strat=1.60397e+06 (0.0115118) is=1.56093e+06 (-0.0156317)
Step 646 |A|=1000001 |Bwin|=50 T=300 L=32
  chamfer=1.5687e+06 strat=1.57376e+06 (0.0032275) is=1.37591e+06 (-0.122894)
Step 663 |A|=1000001 |Bwin|=50 T=300 L=32
  chamfer=1.59363e+06 strat=1.60041e+06 (0.00425573) is=1.56251e+06 (-0.0195297)
Step 680 |A|=1000001 |Bwin|=50 T=300 L=32
  chamfer=1.5693e+06 strat=1.52356e+06 (-0.0291471) is=1.61998e+06 (0.0322981)
Step 697 |A|=1000001 |Bwin|=50 T=300 L=32
  chamfer=1.5669e+06 strat=1.52717e+06 (-0.0253575) is=1.50113e+06 (-0.0419717)
Step 714 |A|=1000001 |Bwin|=50 T=300 L=32
  chamfer=1.55726e+06 strat=1.54034e+06 (-0.0108647) is=1.52636e+06 (-0.0198426)
Step 731 |A|=1000001 |Bwin|=50 T=300 L=32
  chamfer=1.55875e+06 strat=1.54016e+06 (-0.0119286) is=1.49492e+06 (-0.0409517)
Step 748 |A|=1000001 |Bwin|=50 T=300 L=32
  chamfer=1.5603e+06 strat=1.54519e+06 (-0.00968263) is=1.52133e+06 (-0.0249783)
Step 765 |A|=1000001 |Bwin|=50 T=300 L=32
  chamfer=1.55648e+06 strat=1.54904e+06 (-0.00478381) is=1.54808e+06 (-0.00540092)
Step 782 |A|=1000001 |Bwin|=50 T=300 L=32
  chamfer=1.55519e+06 strat=1.58115e+06 (0.016692) is=1.59927e+06 (0.0283475)
Step 799 |A|=1000001 |Bwin|=50 T=300 L=32
  chamfer=1.55241e+06 strat=1.50129e+06 (-0.0329262) is=1.499e+06 (-0.0344045)
Step 816 |A|=1000001 |Bwin|=50 T=300 L=32
  chamfer=1.5548e+06 strat=1.5687e+06 (0.00893758) is=1.56595e+06 (0.0071745)
Step 833 |A|=1000001 |Bwin|=50 T=300 L=32
  chamfer=1.56182e+06 strat=1.55747e+06 (-0.00278424) is=1.54107e+06 (-0.0132847)
Step 850 |A|=1000001 |Bwin|=50 T=300 L=32
  chamfer=1.58862e+06 strat=1.58903e+06 (0.000259952) is=1.67282e+06 (0.0530012)
Step 867 |A|=1000001 |Bwin|=50 T=300 L=32
  chamfer=1.57152e+06 strat=1.57424e+06 (0.00172587) is=1.55022e+06 (-0.0135562)
Step 884 |A|=1000001 |Bwin|=50 T=300 L=32
  chamfer=1.56685e+06 strat=1.57528e+06 (0.00538111) is=1.62053e+06 (0.0342607)
Step 901 |A|=1000001 |Bwin|=50 T=300 L=32
  chamfer=1.59674e+06 strat=1.60764e+06 (0.00682441) is=1.59717e+06 (0.000271998)
Step 918 |A|=1000001 |Bwin|=50 T=300 L=32
  chamfer=1.59787e+06 strat=1.59458e+06 (-0.00206257) is=1.56492e+06 (-0.0206243)
Step 935 |A|=1000001 |Bwin|=50 T=300 L=32
  chamfer=1.58459e+06 strat=1.59152e+06 (0.00437291) is=1.59396e+06 (0.0059129)
Step 952 |A|=1000001 |Bwin|=50 T=300 L=32
  chamfer=1.57275e+06 strat=1.56737e+06 (-0.00342603) is=1.62523e+06 (0.0333658)
Step 969 |A|=1000001 |Bwin|=50 T=300 L=32
  chamfer=1.55989e+06 strat=1.54859e+06 (-0.00724861) is=1.51936e+06 (-0.025988)
Step 986 |A|=1000001 |Bwin|=50 T=300 L=32
  chamfer=1.57671e+06 strat=1.6071e+06 (0.0192717) is=1.67152e+06 (0.0601286)

========== TIMING SUMMARY (ms) ==========
E2LSH K=119 L_final=32 queries=56 update_ops=1000 mode=e2lsh-only
wall_ms_total=34155.013
per_update_ms e2lsh=1.024 quadtree=0.000 uniform=0.000 benchmark=0.000
--- E2LSH structure ---
  init_insert_A_ms=32598.708
  update_ms_total=422.240  update_ms_avg=0.422
--- E2LSH stratified ---
  query_ms_total=601.277  query_ms_avg=10.737
--- E2LSH importance ---
  query_ms_total=489.124  query_ms_avg=8.734
--- Optional ---
  exact_chamfer mode=cache update_ms_total=0.000 update_ms_avg=0.000 query_ms_total=0.033 query_ms_avg=0.001 path=output/sampling_ablation/gist/exact_out/exact_cache.csv
=========================================
Done. queries=56 wrote D:\Develop\native-l2-e2lsh-chamfer\output\sampling_ablation\gist\out_seed2\compare_cost_log.csv
Wrote timing summary to D:\Develop\native-l2-e2lsh-chamfer\output\sampling_ablation\gist\out_seed2\timing_summary.json

========== E2LSH BREAKDOWN (ms) ==========
insertA total=27874.42 (h0=15399.36 hash=827.73 exact=0.00 map=0.00 coord_io=6641.91 posting=1083.68 resolve=3404.03 sampler=6.29 other=511.41)
insertB total=244.88 (h0=21.38 resolve=40.61 exact+sampler=181.90 other=0.99)
deleteB total=176.63 (membership=176.07 exact+sampler=0.15 other=0.41)
expandTop total=0.57 count=32
query total=1032.55 (sample=352.12 Da=0.00 NN=132.57 overhead=0.12 io=547.73 reads=54975)
fractions of profiled E2LSH (29329.05 ms): NN=0.45% sample=1.20% Da=0.00% structure=96.48%
==========================================
