seed=2 e2lsh_only=1 no_outlier=1 estimator=queryStratified T_override=300
loading D:\Develop\native-l2-e2lsh-chamfer\data\GIST_1M/base.f32bin (flat f32)
loading D:\Develop\native-l2-e2lsh-chamfer\data\GIST_1M/query.f32bin
window_size=50 query_interval=26 |A|=1000000 |B|=1000 dim=960 (flat-A)
exact=cache hit path=D:\Develop\native-l2-e2lsh-chamfer\output\paper_uni\gist\exact_no\exact_cache.csv entries=37
omp_threads=1
E2LSH-only mode: skipping QuadTree and Uniform
E2LSH K=120 rho=0.0001 n_max=1100000 (formula: K=max(1,ceil(4*ln(8*n_max^2)))) backend=ram
E2LSH insertA progress 114688/1000000
E2LSH insertA progress 212992/1000000
E2LSH insertA progress 311296/1000000
E2LSH insertA progress 409600/1000000
E2LSH insertA progress 507904/1000000
E2LSH insertA progress 606208/1000000
E2LSH insertA progress 704512/1000000
E2LSH insertA progress 802816/1000000
E2LSH insertA progress 901120/1000000
E2LSH insertA progress 1000000/1000000
E2LSH A insert done in 48613.8 ms L=18 D=5.24288e+07
strata invariant OK sumN=1000000 pos=1000000
Step 52 |A|=1000000 |Bwin|=50 T=300 L=18
  chamfer=1.43068e+06 strat=1.44687e+06 (0.0113167)
Step 78 |A|=1000000 |Bwin|=50 T=300 L=18
  chamfer=1.43764e+06 strat=1.43744e+06 (-0.000135132)
Step 104 |A|=1000000 |Bwin|=50 T=300 L=18
  chamfer=1.43964e+06 strat=1.4384e+06 (-0.000857321)
Step 130 |A|=1000000 |Bwin|=50 T=300 L=18
  chamfer=1.4244e+06 strat=1.42709e+06 (0.0018829)
Step 156 |A|=1000000 |Bwin|=50 T=300 L=18
  chamfer=1.38854e+06 strat=1.39219e+06 (0.00262425)
Step 182 |A|=1000000 |Bwin|=50 T=300 L=18
  chamfer=1.39161e+06 strat=1.39322e+06 (0.00115908)
Step 208 |A|=1000000 |Bwin|=50 T=300 L=18
  chamfer=1.39431e+06 strat=1.39234e+06 (-0.00141185)
Step 234 |A|=1000000 |Bwin|=50 T=300 L=18
  chamfer=1.38742e+06 strat=1.40973e+06 (0.0160816)
Step 260 |A|=1000000 |Bwin|=50 T=300 L=18
  chamfer=1.46081e+06 strat=1.41863e+06 (-0.028877)
Step 286 |A|=1000000 |Bwin|=50 T=300 L=18
  chamfer=1.38259e+06 strat=1.3981e+06 (0.011216)
Step 312 |A|=1000000 |Bwin|=50 T=300 L=18
  chamfer=1.38159e+06 strat=1.37508e+06 (-0.00470623)
Step 338 |A|=1000000 |Bwin|=50 T=300 L=18
  chamfer=1.40078e+06 strat=1.38415e+06 (-0.0118678)
Step 364 |A|=1000000 |Bwin|=50 T=300 L=18
  chamfer=1.39257e+06 strat=1.4385e+06 (0.0329837)
Step 390 |A|=1000000 |Bwin|=50 T=300 L=18
  chamfer=1.40099e+06 strat=1.36324e+06 (-0.0269427)
Step 416 |A|=1000000 |Bwin|=50 T=300 L=18
  chamfer=1.39635e+06 strat=1.3848e+06 (-0.00826924)
Step 442 |A|=1000000 |Bwin|=50 T=300 L=18
  chamfer=1.41795e+06 strat=1.39593e+06 (-0.0155318)
Step 468 |A|=1000000 |Bwin|=50 T=300 L=18
  chamfer=1.40323e+06 strat=1.43606e+06 (0.0233956)
Step 494 |A|=1000000 |Bwin|=50 T=300 L=18
  chamfer=1.38008e+06 strat=1.36052e+06 (-0.0141769)
Step 520 |A|=1000000 |Bwin|=50 T=300 L=18
  chamfer=1.38524e+06 strat=1.35007e+06 (-0.0253859)
Step 546 |A|=1000000 |Bwin|=50 T=300 L=18
  chamfer=1.37496e+06 strat=1.36775e+06 (-0.00524621)
Step 572 |A|=1000000 |Bwin|=50 T=300 L=18
  chamfer=1.36314e+06 strat=1.37462e+06 (0.00842562)
Step 598 |A|=1000000 |Bwin|=50 T=300 L=18
  chamfer=1.3641e+06 strat=1.34136e+06 (-0.0166644)
Step 624 |A|=1000000 |Bwin|=50 T=300 L=18
  chamfer=1.41717e+06 strat=1.3889e+06 (-0.0199488)
Step 650 |A|=1000000 |Bwin|=50 T=300 L=18
  chamfer=1.39889e+06 strat=1.40096e+06 (0.00148304)
Step 676 |A|=1000000 |Bwin|=50 T=300 L=18
  chamfer=1.4e+06 strat=1.33229e+06 (-0.0483696)
Step 702 |A|=1000000 |Bwin|=50 T=300 L=18
  chamfer=1.38996e+06 strat=1.39083e+06 (0.000626109)
Step 728 |A|=1000000 |Bwin|=50 T=300 L=18
  chamfer=1.38452e+06 strat=1.39093e+06 (0.00463018)
Step 754 |A|=1000000 |Bwin|=50 T=300 L=18
  chamfer=1.39187e+06 strat=1.39333e+06 (0.00104535)
Step 780 |A|=1000000 |Bwin|=50 T=300 L=18
  chamfer=1.38574e+06 strat=1.35635e+06 (-0.0212152)
Step 806 |A|=1000000 |Bwin|=50 T=300 L=18
  chamfer=1.38234e+06 strat=1.34376e+06 (-0.0279056)
Step 832 |A|=1000000 |Bwin|=50 T=300 L=18
  chamfer=1.3913e+06 strat=1.40675e+06 (0.0111113)
Step 858 |A|=1000000 |Bwin|=50 T=300 L=18
  chamfer=1.40652e+06 strat=1.38201e+06 (-0.0174271)
Step 884 |A|=1000000 |Bwin|=50 T=300 L=18
  chamfer=1.39604e+06 strat=1.40025e+06 (0.003017)
Step 910 |A|=1000000 |Bwin|=50 T=300 L=18
  chamfer=1.44517e+06 strat=1.43688e+06 (-0.00574095)
Step 936 |A|=1000000 |Bwin|=50 T=300 L=18
  chamfer=1.41385e+06 strat=1.42484e+06 (0.00776718)
Step 962 |A|=1000000 |Bwin|=50 T=300 L=18
  chamfer=1.38431e+06 strat=1.3796e+06 (-0.0034009)
Step 988 |A|=1000000 |Bwin|=50 T=300 L=18
  chamfer=1.40988e+06 strat=1.36323e+06 (-0.0330897)

========== TIMING SUMMARY (ms) ==========
E2LSH K=120 L_final=18 queries=37 update_ops=1000 mode=e2lsh-only
wall_ms_total=48975.491
per_update_ms e2lsh=0.319 quadtree=0.000 uniform=0.000 benchmark=0.000
--- E2LSH structure ---
  init_insert_A_ms=48613.766
  update_ms_total=209.784  update_ms_avg=0.210
--- E2LSH stratified ---
  query_ms_total=108.965  query_ms_avg=2.945
--- Optional ---
  exact_chamfer mode=cache update_ms_total=0.000 update_ms_avg=0.000 query_ms_total=0.024 query_ms_avg=0.001 path=D:\Develop\native-l2-e2lsh-chamfer\output\paper_uni\gist\exact_no\exact_cache.csv
=========================================
Done. queries=37 wrote D:\Develop\native-l2-e2lsh-chamfer\output\paper_uni\gist\no_e2_seed2\compare_cost_log.csv
Wrote timing summary to D:\Develop\native-l2-e2lsh-chamfer\output\paper_uni\gist\no_e2_seed2\timing_summary.json

========== E2LSH BREAKDOWN (ms) ==========
insertA total=45129.53 (h0=10710.98 hash=907.12 exact=2222.77 map=0.00 coord_io=0.00 posting=0.00 resolve=6976.22 sampler=8284.05 other=16028.39)
insertB total=110.45 (h0=14.33 resolve=7.96 exact+sampler=86.97 other=1.20)
deleteB total=98.41 (membership=97.21 exact+sampler=0.35 other=0.85)
expandTop total=17.31 count=18
query total=105.82 (sample=35.30 Da=0.00 NN=70.49 overhead=0.03 io=0.00 reads=0)
fractions of profiled E2LSH (45461.52 ms): NN=0.16% sample=0.08% Da=0.00% structure=99.77%
==========================================
