seed=1 e2lsh_only=1 estimator=queryStratified with_is=1 T_override=200
loading D:\Develop\native-l2-e2lsh-chamfer\data\Fashion-MNIST/train_with_outlier.f32bin (flat f32 stream for e2lsh-only)
loading D:\Develop\native-l2-e2lsh-chamfer\data\Fashion-MNIST/query.f32bin
window_size=500 query_interval=166 |A|=60001 |B|=10000 dim=784 (flat-A)
exact=cache hit path=output/sampling_ablation/fashion/exact_out/exact_cache.csv entries=57
omp_threads=1
E2LSH-only mode: skipping QuadTree and Uniform
E2LSH K=98 rho=0.0001 n_max=70000 (formula: K=max(1,ceil(4*ln(8*n_max^2)))) backend=ram
E2LSH insertA progress 60001/60001
E2LSH A insert done in 2183.42 ms L=39 D=6.59718e+12
strata invariant OK sumN=60001 pos=60001
Step 664 |A|=60001 |Bwin|=500 T=200 L=39
  chamfer=9.0815e+07 strat=9.40946e+07 (0.036113) is=9.08357e+07 (0.000227811)
Step 830 |A|=60001 |Bwin|=500 T=200 L=39
  chamfer=9.06615e+07 strat=9.30882e+07 (0.0267672) is=8.49097e+07 (-0.0634427)
Step 996 |A|=60001 |Bwin|=500 T=200 L=39
  chamfer=9.07047e+07 strat=9.02876e+07 (-0.00459896) is=9.66411e+07 (0.0654479)
Step 1162 |A|=60001 |Bwin|=500 T=200 L=39
  chamfer=9.06471e+07 strat=9.14874e+07 (0.00926968) is=8.8895e+07 (-0.0193296)
Step 1328 |A|=60001 |Bwin|=500 T=200 L=39
  chamfer=9.07805e+07 strat=9.05185e+07 (-0.00288506) is=9.05768e+07 (-0.0022431)
Step 1494 |A|=60001 |Bwin|=500 T=200 L=39
  chamfer=9.02496e+07 strat=9.2158e+07 (0.0211452) is=1.06121e+08 (0.175859)
Step 1660 |A|=60001 |Bwin|=500 T=200 L=39
  chamfer=9.01113e+07 strat=8.62274e+07 (-0.0431009) is=9.79574e+07 (0.0870711)
Step 1826 |A|=60001 |Bwin|=500 T=200 L=39
  chamfer=8.97467e+07 strat=8.69175e+07 (-0.0315241) is=9.8751e+07 (0.10033)
Step 1992 |A|=60001 |Bwin|=500 T=200 L=39
  chamfer=8.98534e+07 strat=9.27913e+07 (0.0326961) is=9.43364e+07 (0.0498917)
Step 2158 |A|=60001 |Bwin|=500 T=200 L=39
  chamfer=8.98752e+07 strat=8.79739e+07 (-0.0211542) is=9.44743e+07 (0.051173)
Step 2324 |A|=60001 |Bwin|=500 T=200 L=39
  chamfer=9.07672e+07 strat=9.43339e+07 (0.0392956) is=8.94061e+07 (-0.0149953)
Step 2490 |A|=60001 |Bwin|=500 T=200 L=39
  chamfer=9.07742e+07 strat=9.40355e+07 (0.0359284) is=9.33398e+07 (0.0282636)
Step 2656 |A|=60001 |Bwin|=500 T=200 L=39
  chamfer=9.05214e+07 strat=8.97917e+07 (-0.00806068) is=8.26215e+07 (-0.087271)
Step 2822 |A|=60001 |Bwin|=500 T=200 L=39
  chamfer=9.00425e+07 strat=9.26394e+07 (0.0288406) is=9.89343e+07 (0.0987515)
Step 2988 |A|=60001 |Bwin|=500 T=200 L=39
  chamfer=9.04269e+07 strat=8.92816e+07 (-0.0126653) is=9.53822e+07 (0.054799)
Step 3154 |A|=60001 |Bwin|=500 T=200 L=39
  chamfer=9.07186e+07 strat=9.23354e+07 (0.0178213) is=9.06912e+07 (-0.000302289)
Step 3320 |A|=60001 |Bwin|=500 T=200 L=39
  chamfer=9.07808e+07 strat=9.30713e+07 (0.025231) is=8.18706e+07 (-0.0981511)
Step 3486 |A|=60001 |Bwin|=500 T=200 L=39
  chamfer=9.05093e+07 strat=9.18243e+07 (0.0145288) is=9.24368e+07 (0.0212958)
Step 3652 |A|=60001 |Bwin|=500 T=200 L=39
  chamfer=9.0514e+07 strat=8.87681e+07 (-0.0192892) is=8.49664e+07 (-0.0612901)
Step 3818 |A|=60001 |Bwin|=500 T=200 L=39
  chamfer=9.04842e+07 strat=9.42293e+07 (0.0413898) is=8.79351e+07 (-0.0281717)
Step 3984 |A|=60001 |Bwin|=500 T=200 L=39
  chamfer=9.05173e+07 strat=8.8897e+07 (-0.0179002) is=8.31107e+07 (-0.0818248)
Step 4150 |A|=60001 |Bwin|=500 T=200 L=39
  chamfer=9.06807e+07 strat=9.00514e+07 (-0.00693948) is=8.64084e+07 (-0.0471134)
Step 4316 |A|=60001 |Bwin|=500 T=200 L=39
  chamfer=9.06944e+07 strat=8.88494e+07 (-0.0203438) is=8.74348e+07 (-0.0359414)
Step 4482 |A|=60001 |Bwin|=500 T=200 L=39
  chamfer=9.05766e+07 strat=8.74465e+07 (-0.0345575) is=8.24394e+07 (-0.089837)
Step 4648 |A|=60001 |Bwin|=500 T=200 L=39
  chamfer=9.06517e+07 strat=8.92031e+07 (-0.0159794) is=9.57141e+07 (0.0558456)
Step 4814 |A|=60001 |Bwin|=500 T=200 L=39
  chamfer=9.04283e+07 strat=8.95739e+07 (-0.00944825) is=9.25265e+07 (0.0232022)
Step 4980 |A|=60001 |Bwin|=500 T=200 L=39
  chamfer=9.0376e+07 strat=9.15096e+07 (0.0125423) is=8.29669e+07 (-0.081981)
Step 5146 |A|=60001 |Bwin|=500 T=200 L=39
  chamfer=9.0807e+07 strat=9.05416e+07 (-0.00292282) is=8.6762e+07 (-0.044545)
Step 5312 |A|=60001 |Bwin|=500 T=200 L=39
  chamfer=9.05717e+07 strat=8.84495e+07 (-0.0234311) is=9.11066e+07 (0.00590643)
Step 5478 |A|=60001 |Bwin|=500 T=200 L=39
  chamfer=9.04283e+07 strat=8.88383e+07 (-0.0175828) is=9.71385e+07 (0.0742041)
Step 5644 |A|=60001 |Bwin|=500 T=200 L=39
  chamfer=9.02276e+07 strat=9.42415e+07 (0.0444872) is=8.88776e+07 (-0.0149614)
Step 5810 |A|=60001 |Bwin|=500 T=200 L=39
  chamfer=9.03303e+07 strat=9.01224e+07 (-0.00230139) is=9.49189e+07 (0.0507975)
Step 5976 |A|=60001 |Bwin|=500 T=200 L=39
  chamfer=9.05253e+07 strat=9.05896e+07 (0.000710181) is=9.82642e+07 (0.0854885)
Step 6142 |A|=60001 |Bwin|=500 T=200 L=39
  chamfer=9.08657e+07 strat=8.96999e+07 (-0.0128301) is=9.07127e+07 (-0.00168412)
Step 6308 |A|=60001 |Bwin|=500 T=200 L=39
  chamfer=9.08967e+07 strat=9.17564e+07 (0.00945817) is=8.76889e+07 (-0.0352907)
Step 6474 |A|=60001 |Bwin|=500 T=200 L=39
  chamfer=9.08067e+07 strat=8.90881e+07 (-0.0189263) is=8.88517e+07 (-0.0215299)
Step 6640 |A|=60001 |Bwin|=500 T=200 L=39
  chamfer=9.08014e+07 strat=9.11237e+07 (0.00354969) is=7.73174e+07 (-0.1485)
Step 6806 |A|=60001 |Bwin|=500 T=200 L=39
  chamfer=9.09887e+07 strat=9.02679e+07 (-0.00792199) is=9.24989e+07 (0.0165977)
Step 6972 |A|=60001 |Bwin|=500 T=200 L=39
  chamfer=9.13e+07 strat=9.46436e+07 (0.0366228) is=9.63231e+07 (0.0550183)
Step 7138 |A|=60001 |Bwin|=500 T=200 L=39
  chamfer=9.06062e+07 strat=9.53728e+07 (0.0526077) is=9.57911e+07 (0.0572252)
Step 7304 |A|=60001 |Bwin|=500 T=200 L=39
  chamfer=9.0574e+07 strat=8.87214e+07 (-0.0204536) is=8.39045e+07 (-0.0736362)
Step 7470 |A|=60001 |Bwin|=500 T=200 L=39
  chamfer=9.03013e+07 strat=9.31873e+07 (0.0319592) is=8.79416e+07 (-0.0261318)
Step 7636 |A|=60001 |Bwin|=500 T=200 L=39
  chamfer=9.05825e+07 strat=8.67467e+07 (-0.0423461) is=9.98632e+07 (0.102456)
Step 7802 |A|=60001 |Bwin|=500 T=200 L=39
  chamfer=9.03603e+07 strat=9.0782e+07 (0.00466705) is=9.79605e+07 (0.0841099)
Step 7968 |A|=60001 |Bwin|=500 T=200 L=39
  chamfer=9.06712e+07 strat=9.13727e+07 (0.00773692) is=9.15677e+07 (0.00988715)
Step 8134 |A|=60001 |Bwin|=500 T=200 L=39
  chamfer=9.05898e+07 strat=8.98134e+07 (-0.00856991) is=8.68616e+07 (-0.0411547)
Step 8300 |A|=60001 |Bwin|=500 T=200 L=39
  chamfer=9.1011e+07 strat=9.06685e+07 (-0.00376353) is=8.36073e+07 (-0.0813489)
Step 8466 |A|=60001 |Bwin|=500 T=200 L=39
  chamfer=9.06051e+07 strat=9.12871e+07 (0.00752645) is=9.01347e+07 (-0.00519218)
Step 8632 |A|=60001 |Bwin|=500 T=200 L=39
  chamfer=9.05349e+07 strat=9.11676e+07 (0.00698775) is=8.53645e+07 (-0.0571097)
Step 8798 |A|=60001 |Bwin|=500 T=200 L=39
  chamfer=9.02685e+07 strat=9.08723e+07 (0.00668873) is=8.68894e+07 (-0.0374336)
Step 8964 |A|=60001 |Bwin|=500 T=200 L=39
  chamfer=9.03301e+07 strat=8.77613e+07 (-0.0284388) is=1.01599e+08 (0.124748)
Step 9130 |A|=60001 |Bwin|=500 T=200 L=39
  chamfer=9.05576e+07 strat=8.91198e+07 (-0.0158767) is=9.32994e+07 (0.0302766)
Step 9296 |A|=60001 |Bwin|=500 T=200 L=39
  chamfer=9.06694e+07 strat=8.73766e+07 (-0.0363175) is=8.85279e+07 (-0.0236191)
Step 9462 |A|=60001 |Bwin|=500 T=200 L=39
  chamfer=9.08549e+07 strat=9.04537e+07 (-0.00441602) is=9.37844e+07 (0.0322437)
Step 9628 |A|=60001 |Bwin|=500 T=200 L=39
  chamfer=9.08611e+07 strat=8.8155e+07 (-0.0297833) is=9.35441e+07 (0.0295281)
Step 9794 |A|=60001 |Bwin|=500 T=200 L=39
  chamfer=9.05871e+07 strat=9.5389e+07 (0.0530089) is=8.95998e+07 (-0.0108987)
Step 9960 |A|=60001 |Bwin|=500 T=200 L=39
  chamfer=9.05078e+07 strat=9.18259e+07 (0.0145632) is=9.11796e+07 (0.00742293)

========== TIMING SUMMARY (ms) ==========
E2LSH K=98 L_final=39 queries=57 update_ops=10000 mode=e2lsh-only
wall_ms_total=3907.113
per_update_ms e2lsh=0.110 quadtree=0.000 uniform=0.000 benchmark=0.000
--- E2LSH structure ---
  init_insert_A_ms=2183.417
  update_ms_total=550.890  update_ms_avg=0.055
--- E2LSH stratified ---
  query_ms_total=549.453  query_ms_avg=9.640
--- E2LSH importance ---
  query_ms_total=536.666  query_ms_avg=9.415
--- Optional ---
  exact_chamfer mode=cache update_ms_total=0.000 update_ms_avg=0.000 query_ms_total=0.046 query_ms_avg=0.001 path=output/sampling_ablation/fashion/exact_out/exact_cache.csv
=========================================
Done. queries=57 wrote D:\Develop\native-l2-e2lsh-chamfer\output\sampling_ablation\fashion\out_seed1\compare_cost_log.csv
Wrote timing summary to D:\Develop\native-l2-e2lsh-chamfer\output\sampling_ablation\fashion\out_seed1\timing_summary.json

========== E2LSH BREAKDOWN (ms) ==========
insertA total=1543.33 (h0=650.23 hash=44.44 exact=122.37 map=0.00 coord_io=0.00 posting=0.00 resolve=531.58 sampler=60.96 other=133.76)
insertB total=467.84 (h0=128.27 resolve=109.90 exact+sampler=223.14 other=6.53)
deleteB total=77.18 (membership=69.96 exact+sampler=3.07 other=4.15)
expandTop total=341.53 count=39
query total=1083.25 (sample=70.39 Da=0.00 NN=1012.73 overhead=0.13 io=0.00 reads=0)
fractions of profiled E2LSH (3513.13 ms): NN=28.83% sample=2.00% Da=0.00% structure=69.17%
==========================================
