seed=5 e2lsh_only=1 no_outlier=1 estimator=queryStratified with_is=1 T_override=200
loading D:\Develop\native-l2-e2lsh-chamfer\data\Fashion-MNIST/train.f32bin (flat f32 stream for e2lsh-only)
loading D:\Develop\native-l2-e2lsh-chamfer\data\Fashion-MNIST/query.f32bin
window_size=500 query_interval=166 |A|=60000 |B|=10000 dim=784 (flat-A)
exact=cache hit path=output/sampling_ablation/fashion/exact_no/exact_cache.csv entries=57
omp_threads=1
E2LSH-only mode: skipping QuadTree and Uniform
E2LSH K=98 rho=0.0001 n_max=70000 (formula: K=max(1,ceil(4*ln(8*n_max^2)))) backend=ram
E2LSH insertA progress 60000/60000
E2LSH A insert done in 1717.92 ms L=27 D=1.61061e+09
strata invariant OK sumN=60000 pos=60000
Step 664 |A|=60000 |Bwin|=500 T=200 L=27
  chamfer=7.6214e+07 strat=7.55754e+07 (-0.00837842) is=8.21596e+07 (0.0780118)
Step 830 |A|=60000 |Bwin|=500 T=200 L=27
  chamfer=7.60605e+07 strat=7.8208e+07 (0.028235) is=7.35824e+07 (-0.0325806)
Step 996 |A|=60000 |Bwin|=500 T=200 L=27
  chamfer=7.61033e+07 strat=7.70365e+07 (0.0122625) is=7.51732e+07 (-0.0122216)
Step 1162 |A|=60000 |Bwin|=500 T=200 L=27
  chamfer=7.6046e+07 strat=7.79811e+07 (0.025447) is=7.51439e+07 (-0.0118625)
Step 1328 |A|=60000 |Bwin|=500 T=200 L=27
  chamfer=7.61793e+07 strat=7.48757e+07 (-0.0171118) is=7.59902e+07 (-0.00248185)
Step 1494 |A|=60000 |Bwin|=500 T=200 L=27
  chamfer=7.56485e+07 strat=7.41947e+07 (-0.019218) is=7.26234e+07 (-0.0399891)
Step 1660 |A|=60000 |Bwin|=500 T=200 L=27
  chamfer=7.55099e+07 strat=7.55632e+07 (0.000705861) is=7.43934e+07 (-0.0147859)
Step 1826 |A|=60000 |Bwin|=500 T=200 L=27
  chamfer=7.51453e+07 strat=7.46923e+07 (-0.00602884) is=7.55774e+07 (0.00574962)
Step 1992 |A|=60000 |Bwin|=500 T=200 L=27
  chamfer=7.5252e+07 strat=7.61985e+07 (0.0125779) is=7.42333e+07 (-0.0135373)
Step 2158 |A|=60000 |Bwin|=500 T=200 L=27
  chamfer=7.52739e+07 strat=7.42571e+07 (-0.0135073) is=7.95459e+07 (0.0567533)
Step 2324 |A|=60000 |Bwin|=500 T=200 L=27
  chamfer=7.61659e+07 strat=7.48597e+07 (-0.0171488) is=6.86497e+07 (-0.0986816)
Step 2490 |A|=60000 |Bwin|=500 T=200 L=27
  chamfer=7.61729e+07 strat=7.76299e+07 (0.0191286) is=7.81364e+07 (0.0257772)
Step 2656 |A|=60000 |Bwin|=500 T=200 L=27
  chamfer=7.59201e+07 strat=7.55814e+07 (-0.0044614) is=8.22909e+07 (0.0839149)
Step 2822 |A|=60000 |Bwin|=500 T=200 L=27
  chamfer=7.5441e+07 strat=7.60101e+07 (0.00754283) is=7.40184e+07 (-0.0188581)
Step 2988 |A|=60000 |Bwin|=500 T=200 L=27
  chamfer=7.58256e+07 strat=7.53983e+07 (-0.00563561) is=7.54251e+07 (-0.00528223)
Step 3154 |A|=60000 |Bwin|=500 T=200 L=27
  chamfer=7.61174e+07 strat=7.65293e+07 (0.00541204) is=7.62631e+07 (0.00191393)
Step 3320 |A|=60000 |Bwin|=500 T=200 L=27
  chamfer=7.61798e+07 strat=7.6458e+07 (0.00365104) is=7.37039e+07 (-0.0325014)
Step 3486 |A|=60000 |Bwin|=500 T=200 L=27
  chamfer=7.59083e+07 strat=7.77751e+07 (0.0245928) is=7.4285e+07 (-0.0213856)
Step 3652 |A|=60000 |Bwin|=500 T=200 L=27
  chamfer=7.59131e+07 strat=7.62054e+07 (0.00385009) is=7.7815e+07 (0.0250534)
Step 3818 |A|=60000 |Bwin|=500 T=200 L=27
  chamfer=7.58834e+07 strat=7.77343e+07 (0.0243923) is=7.78566e+07 (0.0260033)
Step 3984 |A|=60000 |Bwin|=500 T=200 L=27
  chamfer=7.59164e+07 strat=7.69837e+07 (0.0140582) is=7.78749e+07 (0.0257971)
Step 4150 |A|=60000 |Bwin|=500 T=200 L=27
  chamfer=7.60795e+07 strat=7.72404e+07 (0.0152592) is=8.30791e+07 (0.0920035)
Step 4316 |A|=60000 |Bwin|=500 T=200 L=27
  chamfer=7.60934e+07 strat=7.6726e+07 (0.008313) is=7.78614e+07 (0.0232336)
Step 4482 |A|=60000 |Bwin|=500 T=200 L=27
  chamfer=7.59757e+07 strat=7.60019e+07 (0.000345228) is=7.85678e+07 (0.034117)
Step 4648 |A|=60000 |Bwin|=500 T=200 L=27
  chamfer=7.60508e+07 strat=7.63934e+07 (0.00450442) is=7.38467e+07 (-0.0289816)
Step 4814 |A|=60000 |Bwin|=500 T=200 L=27
  chamfer=7.58275e+07 strat=7.61466e+07 (0.00420836) is=7.54469e+07 (-0.00501891)
Step 4980 |A|=60000 |Bwin|=500 T=200 L=27
  chamfer=7.5775e+07 strat=7.29238e+07 (-0.0376261) is=7.73501e+07 (0.0207869)
Step 5146 |A|=60000 |Bwin|=500 T=200 L=27
  chamfer=7.6206e+07 strat=7.68473e+07 (0.00841641) is=7.4384e+07 (-0.0239083)
Step 5312 |A|=60000 |Bwin|=500 T=200 L=27
  chamfer=7.59706e+07 strat=7.77882e+07 (0.0239252) is=7.36736e+07 (-0.030235)
Step 5478 |A|=60000 |Bwin|=500 T=200 L=27
  chamfer=7.58271e+07 strat=7.27586e+07 (-0.0404671) is=7.95557e+07 (0.0491717)
Step 5644 |A|=60000 |Bwin|=500 T=200 L=27
  chamfer=7.56264e+07 strat=7.58516e+07 (0.00297834) is=6.90524e+07 (-0.086927)
Step 5810 |A|=60000 |Bwin|=500 T=200 L=27
  chamfer=7.57292e+07 strat=7.56387e+07 (-0.0011954) is=7.65897e+07 (0.0113626)
Step 5976 |A|=60000 |Bwin|=500 T=200 L=27
  chamfer=7.59242e+07 strat=7.605e+07 (0.00165695) is=7.43995e+07 (-0.0200826)
Step 6142 |A|=60000 |Bwin|=500 T=200 L=27
  chamfer=7.62646e+07 strat=7.61489e+07 (-0.00151774) is=7.39758e+07 (-0.030012)
Step 6308 |A|=60000 |Bwin|=500 T=200 L=27
  chamfer=7.62956e+07 strat=7.67553e+07 (0.00602468) is=7.71555e+07 (0.0112711)
Step 6474 |A|=60000 |Bwin|=500 T=200 L=27
  chamfer=7.62056e+07 strat=7.56612e+07 (-0.0071437) is=7.2525e+07 (-0.0482991)
Step 6640 |A|=60000 |Bwin|=500 T=200 L=27
  chamfer=7.62003e+07 strat=7.64436e+07 (0.00319366) is=7.17042e+07 (-0.0590033)
Step 6806 |A|=60000 |Bwin|=500 T=200 L=27
  chamfer=7.63876e+07 strat=7.73709e+07 (0.0128737) is=7.31654e+07 (-0.0421815)
Step 6972 |A|=60000 |Bwin|=500 T=200 L=27
  chamfer=7.66988e+07 strat=7.5766e+07 (-0.0121617) is=7.32965e+07 (-0.0443595)
Step 7138 |A|=60000 |Bwin|=500 T=200 L=27
  chamfer=7.6005e+07 strat=7.79735e+07 (0.0259001) is=7.896e+07 (0.0388793)
Step 7304 |A|=60000 |Bwin|=500 T=200 L=27
  chamfer=7.59728e+07 strat=7.67046e+07 (0.00963329) is=7.34695e+07 (-0.0329503)
Step 7470 |A|=60000 |Bwin|=500 T=200 L=27
  chamfer=7.57001e+07 strat=7.65074e+07 (0.010665) is=7.97732e+07 (0.0538061)
Step 7636 |A|=60000 |Bwin|=500 T=200 L=27
  chamfer=7.59814e+07 strat=7.89938e+07 (0.0396459) is=7.21148e+07 (-0.0508894)
Step 7802 |A|=60000 |Bwin|=500 T=200 L=27
  chamfer=7.57592e+07 strat=7.66984e+07 (0.0123971) is=7.42945e+07 (-0.0193346)
Step 7968 |A|=60000 |Bwin|=500 T=200 L=27
  chamfer=7.60701e+07 strat=7.74041e+07 (0.0175358) is=7.38698e+07 (-0.0289248)
Step 8134 |A|=60000 |Bwin|=500 T=200 L=27
  chamfer=7.59887e+07 strat=7.45984e+07 (-0.0182964) is=7.7476e+07 (0.0195732)
Step 8300 |A|=60000 |Bwin|=500 T=200 L=27
  chamfer=7.64099e+07 strat=7.48419e+07 (-0.0205209) is=7.45995e+07 (-0.0236926)
Step 8466 |A|=60000 |Bwin|=500 T=200 L=27
  chamfer=7.60042e+07 strat=7.74842e+07 (0.0194733) is=7.50627e+07 (-0.0123866)
Step 8632 |A|=60000 |Bwin|=500 T=200 L=27
  chamfer=7.5934e+07 strat=7.55453e+07 (-0.00511899) is=7.39373e+07 (-0.026295)
Step 8798 |A|=60000 |Bwin|=500 T=200 L=27
  chamfer=7.56676e+07 strat=7.85294e+07 (0.0378217) is=7.3551e+07 (-0.0279712)
Step 8964 |A|=60000 |Bwin|=500 T=200 L=27
  chamfer=7.57289e+07 strat=7.3844e+07 (-0.0248911) is=7.50148e+07 (-0.00942991)
Step 9130 |A|=60000 |Bwin|=500 T=200 L=27
  chamfer=7.59564e+07 strat=7.52468e+07 (-0.00934186) is=7.92854e+07 (0.0438281)
Step 9296 |A|=60000 |Bwin|=500 T=200 L=27
  chamfer=7.60682e+07 strat=7.54205e+07 (-0.00851378) is=6.62839e+07 (-0.128624)
Step 9462 |A|=60000 |Bwin|=500 T=200 L=27
  chamfer=7.62539e+07 strat=7.45498e+07 (-0.0223481) is=7.77469e+07 (0.0195796)
Step 9628 |A|=60000 |Bwin|=500 T=200 L=27
  chamfer=7.62601e+07 strat=7.63995e+07 (0.00182848) is=7.41165e+07 (-0.0281085)
Step 9794 |A|=60000 |Bwin|=500 T=200 L=27
  chamfer=7.59861e+07 strat=7.42702e+07 (-0.0225816) is=8.12814e+07 (0.0696886)
Step 9960 |A|=60000 |Bwin|=500 T=200 L=27
  chamfer=7.59066e+07 strat=7.40493e+07 (-0.0244694) is=7.90597e+07 (0.0415388)

========== TIMING SUMMARY (ms) ==========
E2LSH K=98 L_final=27 queries=57 update_ops=10000 mode=e2lsh-only
wall_ms_total=3674.416
per_update_ms e2lsh=0.114 quadtree=0.000 uniform=0.000 benchmark=0.000
--- E2LSH structure ---
  init_insert_A_ms=1717.920
  update_ms_total=389.063  update_ms_avg=0.039
--- E2LSH stratified ---
  query_ms_total=752.547  query_ms_avg=13.203
--- E2LSH importance ---
  query_ms_total=738.737  query_ms_avg=12.960
--- Optional ---
  exact_chamfer mode=cache update_ms_total=0.000 update_ms_avg=0.000 query_ms_total=0.040 query_ms_avg=0.001 path=output/sampling_ablation/fashion/exact_no/exact_cache.csv
=========================================
Done. queries=57 wrote D:\Develop\native-l2-e2lsh-chamfer\output\sampling_ablation\fashion\no_seed5\compare_cost_log.csv
Wrote timing summary to D:\Develop\native-l2-e2lsh-chamfer\output\sampling_ablation\fashion\no_seed5\timing_summary.json

========== E2LSH BREAKDOWN (ms) ==========
insertA total=1562.20 (h0=654.03 hash=47.39 exact=125.21 map=0.00 coord_io=0.00 posting=0.00 resolve=536.22 sampler=64.06 other=135.30)
insertB total=310.98 (h0=126.61 resolve=101.88 exact+sampler=75.83 other=6.65)
deleteB total=72.30 (membership=65.79 exact+sampler=2.75 other=3.76)
expandTop total=0.40 count=27
query total=1487.97 (sample=91.20 Da=0.00 NN=1396.65 overhead=0.12 io=0.00 reads=0)
fractions of profiled E2LSH (3433.84 ms): NN=40.67% sample=2.66% Da=0.00% structure=56.67%
==========================================
