seed=2 e2lsh_only=1 no_outlier=1 estimator=queryStratified with_is=1 T_override=200
loading D:\Develop\native-l2-e2lsh-chamfer\data\Fashion-MNIST/train.f32bin (flat f32 stream for e2lsh-only)
loading D:\Develop\native-l2-e2lsh-chamfer\data\Fashion-MNIST/query.f32bin
window_size=500 query_interval=166 |A|=60000 |B|=10000 dim=784 (flat-A)
exact=cache hit path=output/sampling_ablation/fashion/exact_no/exact_cache.csv entries=57
omp_threads=1
E2LSH-only mode: skipping QuadTree and Uniform
E2LSH K=98 rho=0.0001 n_max=70000 (formula: K=max(1,ceil(4*ln(8*n_max^2)))) backend=ram
E2LSH insertA progress 60000/60000
E2LSH A insert done in 1695.38 ms L=27 D=1.61061e+09
strata invariant OK sumN=60000 pos=60000
Step 664 |A|=60000 |Bwin|=500 T=200 L=27
  chamfer=7.6214e+07 strat=7.85832e+07 (0.0310867) is=8.05474e+07 (0.0568582)
Step 830 |A|=60000 |Bwin|=500 T=200 L=27
  chamfer=7.60605e+07 strat=7.61861e+07 (0.00165198) is=7.46611e+07 (-0.0183983)
Step 996 |A|=60000 |Bwin|=500 T=200 L=27
  chamfer=7.61033e+07 strat=7.66441e+07 (0.0071053) is=7.76554e+07 (0.0203938)
Step 1162 |A|=60000 |Bwin|=500 T=200 L=27
  chamfer=7.6046e+07 strat=7.53251e+07 (-0.0094792) is=7.55823e+07 (-0.00609742)
Step 1328 |A|=60000 |Bwin|=500 T=200 L=27
  chamfer=7.61793e+07 strat=7.73553e+07 (0.0154378) is=7.46852e+07 (-0.0196123)
Step 1494 |A|=60000 |Bwin|=500 T=200 L=27
  chamfer=7.56485e+07 strat=7.62716e+07 (0.00823742) is=7.01658e+07 (-0.0724756)
Step 1660 |A|=60000 |Bwin|=500 T=200 L=27
  chamfer=7.55099e+07 strat=7.35586e+07 (-0.0258411) is=7.81053e+07 (0.0343721)
Step 1826 |A|=60000 |Bwin|=500 T=200 L=27
  chamfer=7.51453e+07 strat=7.54718e+07 (0.00434458) is=7.67302e+07 (0.0210909)
Step 1992 |A|=60000 |Bwin|=500 T=200 L=27
  chamfer=7.5252e+07 strat=7.50237e+07 (-0.00303368) is=7.27844e+07 (-0.0327915)
Step 2158 |A|=60000 |Bwin|=500 T=200 L=27
  chamfer=7.52739e+07 strat=7.58912e+07 (0.0082008) is=7.59399e+07 (0.00884804)
Step 2324 |A|=60000 |Bwin|=500 T=200 L=27
  chamfer=7.61659e+07 strat=7.49662e+07 (-0.0157503) is=7.10733e+07 (-0.066862)
Step 2490 |A|=60000 |Bwin|=500 T=200 L=27
  chamfer=7.61729e+07 strat=7.83306e+07 (0.0283269) is=7.75973e+07 (0.0186998)
Step 2656 |A|=60000 |Bwin|=500 T=200 L=27
  chamfer=7.59201e+07 strat=7.66377e+07 (0.00945292) is=7.88531e+07 (0.0386332)
Step 2822 |A|=60000 |Bwin|=500 T=200 L=27
  chamfer=7.5441e+07 strat=7.59983e+07 (0.00738634) is=7.52884e+07 (-0.00202362)
Step 2988 |A|=60000 |Bwin|=500 T=200 L=27
  chamfer=7.58256e+07 strat=7.42773e+07 (-0.02042) is=7.71061e+07 (0.016887)
Step 3154 |A|=60000 |Bwin|=500 T=200 L=27
  chamfer=7.61174e+07 strat=7.60166e+07 (-0.00132452) is=7.32947e+07 (-0.0370827)
Step 3320 |A|=60000 |Bwin|=500 T=200 L=27
  chamfer=7.61798e+07 strat=7.44174e+07 (-0.0231354) is=7.61978e+07 (0.000236298)
Step 3486 |A|=60000 |Bwin|=500 T=200 L=27
  chamfer=7.59083e+07 strat=7.49157e+07 (-0.0130766) is=7.50474e+07 (-0.0113422)
Step 3652 |A|=60000 |Bwin|=500 T=200 L=27
  chamfer=7.59131e+07 strat=7.58584e+07 (-0.000721202) is=7.26384e+07 (-0.043138)
Step 3818 |A|=60000 |Bwin|=500 T=200 L=27
  chamfer=7.58834e+07 strat=7.40557e+07 (-0.0240857) is=7.36232e+07 (-0.0297842)
Step 3984 |A|=60000 |Bwin|=500 T=200 L=27
  chamfer=7.59164e+07 strat=7.83962e+07 (0.032664) is=7.50596e+07 (-0.0112864)
Step 4150 |A|=60000 |Bwin|=500 T=200 L=27
  chamfer=7.60795e+07 strat=7.36489e+07 (-0.0319473) is=7.64117e+07 (0.00436688)
Step 4316 |A|=60000 |Bwin|=500 T=200 L=27
  chamfer=7.60934e+07 strat=7.44431e+07 (-0.021688) is=7.97021e+07 (0.0474242)
Step 4482 |A|=60000 |Bwin|=500 T=200 L=27
  chamfer=7.59757e+07 strat=7.56875e+07 (-0.00379282) is=7.66659e+07 (0.00908491)
Step 4648 |A|=60000 |Bwin|=500 T=200 L=27
  chamfer=7.60508e+07 strat=7.36845e+07 (-0.0311144) is=7.34896e+07 (-0.033678)
Step 4814 |A|=60000 |Bwin|=500 T=200 L=27
  chamfer=7.58275e+07 strat=7.70672e+07 (0.0163492) is=7.89263e+07 (0.0408669)
Step 4980 |A|=60000 |Bwin|=500 T=200 L=27
  chamfer=7.5775e+07 strat=7.56365e+07 (-0.00182703) is=7.5628e+07 (-0.00193967)
Step 5146 |A|=60000 |Bwin|=500 T=200 L=27
  chamfer=7.6206e+07 strat=7.72358e+07 (0.0135144) is=7.53281e+07 (-0.0115196)
Step 5312 |A|=60000 |Bwin|=500 T=200 L=27
  chamfer=7.59706e+07 strat=7.5686e+07 (-0.00374626) is=7.06543e+07 (-0.0699787)
Step 5478 |A|=60000 |Bwin|=500 T=200 L=27
  chamfer=7.58271e+07 strat=7.54975e+07 (-0.00434718) is=7.75338e+07 (0.022507)
Step 5644 |A|=60000 |Bwin|=500 T=200 L=27
  chamfer=7.56264e+07 strat=7.32531e+07 (-0.0313822) is=7.82545e+07 (0.0347516)
Step 5810 |A|=60000 |Bwin|=500 T=200 L=27
  chamfer=7.57292e+07 strat=7.87701e+07 (0.0401545) is=7.37739e+07 (-0.0258204)
Step 5976 |A|=60000 |Bwin|=500 T=200 L=27
  chamfer=7.59242e+07 strat=7.26669e+07 (-0.0429021) is=7.35011e+07 (-0.0319153)
Step 6142 |A|=60000 |Bwin|=500 T=200 L=27
  chamfer=7.62646e+07 strat=7.74776e+07 (0.0159048) is=7.45848e+07 (-0.0220259)
Step 6308 |A|=60000 |Bwin|=500 T=200 L=27
  chamfer=7.62956e+07 strat=7.61504e+07 (-0.00190361) is=7.35539e+07 (-0.0359356)
Step 6474 |A|=60000 |Bwin|=500 T=200 L=27
  chamfer=7.62056e+07 strat=7.67466e+07 (0.00709938) is=7.47613e+07 (-0.0189534)
Step 6640 |A|=60000 |Bwin|=500 T=200 L=27
  chamfer=7.62003e+07 strat=7.5755e+07 (-0.00584401) is=7.66191e+07 (0.00549606)
Step 6806 |A|=60000 |Bwin|=500 T=200 L=27
  chamfer=7.63876e+07 strat=7.4131e+07 (-0.0295403) is=7.61478e+07 (-0.00313849)
Step 6972 |A|=60000 |Bwin|=500 T=200 L=27
  chamfer=7.66988e+07 strat=7.80816e+07 (0.0180293) is=7.52238e+07 (-0.0192308)
Step 7138 |A|=60000 |Bwin|=500 T=200 L=27
  chamfer=7.6005e+07 strat=7.67766e+07 (0.0101524) is=7.97964e+07 (0.0498838)
Step 7304 |A|=60000 |Bwin|=500 T=200 L=27
  chamfer=7.59728e+07 strat=7.54264e+07 (-0.00719121) is=7.71776e+07 (0.0158588)
Step 7470 |A|=60000 |Bwin|=500 T=200 L=27
  chamfer=7.57001e+07 strat=7.51632e+07 (-0.00709209) is=7.7506e+07 (0.0238557)
Step 7636 |A|=60000 |Bwin|=500 T=200 L=27
  chamfer=7.59814e+07 strat=7.64637e+07 (0.00634682) is=7.61171e+07 (0.00178485)
Step 7802 |A|=60000 |Bwin|=500 T=200 L=27
  chamfer=7.57592e+07 strat=7.80333e+07 (0.0300174) is=7.68672e+07 (0.0146244)
Step 7968 |A|=60000 |Bwin|=500 T=200 L=27
  chamfer=7.60701e+07 strat=7.7722e+07 (0.0217158) is=7.35278e+07 (-0.0334211)
Step 8134 |A|=60000 |Bwin|=500 T=200 L=27
  chamfer=7.59887e+07 strat=7.65387e+07 (0.00723856) is=7.5666e+07 (-0.00424646)
Step 8300 |A|=60000 |Bwin|=500 T=200 L=27
  chamfer=7.64099e+07 strat=7.58599e+07 (-0.00719779) is=7.19385e+07 (-0.058519)
Step 8466 |A|=60000 |Bwin|=500 T=200 L=27
  chamfer=7.60042e+07 strat=7.29786e+07 (-0.0398077) is=7.67759e+07 (0.0101537)
Step 8632 |A|=60000 |Bwin|=500 T=200 L=27
  chamfer=7.5934e+07 strat=7.44215e+07 (-0.0199177) is=7.63182e+07 (0.0050596)
Step 8798 |A|=60000 |Bwin|=500 T=200 L=27
  chamfer=7.56676e+07 strat=7.69051e+07 (0.0163545) is=7.17165e+07 (-0.0522161)
Step 8964 |A|=60000 |Bwin|=500 T=200 L=27
  chamfer=7.57289e+07 strat=7.90253e+07 (0.0435289) is=6.98712e+07 (-0.0773512)
Step 9130 |A|=60000 |Bwin|=500 T=200 L=27
  chamfer=7.59564e+07 strat=7.55116e+07 (-0.00585519) is=7.76442e+07 (0.0222213)
Step 9296 |A|=60000 |Bwin|=500 T=200 L=27
  chamfer=7.60682e+07 strat=7.74313e+07 (0.0179205) is=7.81474e+07 (0.0273342)
Step 9462 |A|=60000 |Bwin|=500 T=200 L=27
  chamfer=7.62539e+07 strat=7.51537e+07 (-0.0144283) is=7.76915e+07 (0.0188535)
Step 9628 |A|=60000 |Bwin|=500 T=200 L=27
  chamfer=7.62601e+07 strat=7.59395e+07 (-0.00420451) is=7.82582e+07 (0.0262016)
Step 9794 |A|=60000 |Bwin|=500 T=200 L=27
  chamfer=7.59861e+07 strat=7.45102e+07 (-0.0194232) is=7.47514e+07 (-0.016249)
Step 9960 |A|=60000 |Bwin|=500 T=200 L=27
  chamfer=7.59066e+07 strat=7.64291e+07 (0.00688268) is=7.37687e+07 (-0.0281656)

========== TIMING SUMMARY (ms) ==========
E2LSH K=98 L_final=27 queries=57 update_ops=10000 mode=e2lsh-only
wall_ms_total=3649.055
per_update_ms e2lsh=0.113 quadtree=0.000 uniform=0.000 benchmark=0.000
--- E2LSH structure ---
  init_insert_A_ms=1695.381
  update_ms_total=373.238  update_ms_avg=0.037
--- E2LSH stratified ---
  query_ms_total=752.507  query_ms_avg=13.202
--- E2LSH importance ---
  query_ms_total=752.789  query_ms_avg=13.207
--- Optional ---
  exact_chamfer mode=cache update_ms_total=0.000 update_ms_avg=0.000 query_ms_total=0.042 query_ms_avg=0.001 path=output/sampling_ablation/fashion/exact_no/exact_cache.csv
=========================================
Done. queries=57 wrote D:\Develop\native-l2-e2lsh-chamfer\output\sampling_ablation\fashion\no_seed2\compare_cost_log.csv
Wrote timing summary to D:\Develop\native-l2-e2lsh-chamfer\output\sampling_ablation\fashion\no_seed2\timing_summary.json

========== E2LSH BREAKDOWN (ms) ==========
insertA total=1541.91 (h0=646.71 hash=47.14 exact=130.53 map=0.00 coord_io=0.00 posting=0.00 resolve=523.67 sampler=61.07 other=132.79)
insertB total=296.78 (h0=126.35 resolve=102.64 exact+sampler=61.51 other=6.27)
deleteB total=70.63 (membership=63.97 exact+sampler=2.84 other=3.81)
expandTop total=0.30 count=27
query total=1501.94 (sample=90.40 Da=0.00 NN=1411.42 overhead=0.13 io=0.00 reads=0)
fractions of profiled E2LSH (3411.57 ms): NN=41.37% sample=2.65% Da=0.00% structure=55.97%
==========================================
