seed=3 quadtree_only=1 no_outlier=1 estimator=queryStratified T_override=300
loading D:\Develop\native-l2-e2lsh-chamfer\data\GIST_1M/base.f32bin (flat f32)
loading D:\Develop\native-l2-e2lsh-chamfer\data\GIST_1M/query.f32bin
window_size=50 query_interval=26 |A|=1000000 |B|=1000 dim=960 (flat-A)
exact=cache hit path=D:\Develop\native-l2-e2lsh-chamfer\output\paper_uni\gist\exact_no\exact_cache.csv entries=37
omp_threads=1
14.2725 0.0001
diameter=14.2725 aspect=142725 depth=18
qt_insert_A i=0 nodes=1 multis=0
qt_insert_A i=200000 nodes=3207824 multis=35385
qt_insert_A i=400000 nodes=6357435 multis=68511
qt_insert_A i=600000 nodes=9479952 multis=100603
qt_insert_A i=800000 nodes=12579900 multis=131920
QuadTree A insert done in 176723 ms
QuadTree-only mode: skipping E2LSH insertA
Step 52 |A|=1000000 |Bwin|=50 T=300
  chamfer=1.43068e+06 qt=1.41359e+06 (-0.0119458) uni=1.43668e+06 (0.00418894)
Step 78 |A|=1000000 |Bwin|=50 T=300
  chamfer=1.43764e+06 qt=1.40649e+06 (-0.0216675) uni=1.42414e+06 (-0.00938905)
Step 104 |A|=1000000 |Bwin|=50 T=300
  chamfer=1.43964e+06 qt=1.44358e+06 (0.00273785) uni=1.42789e+06 (-0.00815725)
Step 130 |A|=1000000 |Bwin|=50 T=300
  chamfer=1.4244e+06 qt=1.37158e+06 (-0.0370849) uni=1.40914e+06 (-0.0107174)
Step 156 |A|=1000000 |Bwin|=50 T=300
  chamfer=1.38854e+06 qt=1.39059e+06 (0.00147297) uni=1.3749e+06 (-0.00982968)
Step 182 |A|=1000000 |Bwin|=50 T=300
  chamfer=1.39161e+06 qt=1.35698e+06 (-0.0248816) uni=1.3989e+06 (0.00524039)
Step 208 |A|=1000000 |Bwin|=50 T=300
  chamfer=1.39431e+06 qt=1.42008e+06 (0.018487) uni=1.39236e+06 (-0.00139713)
Step 234 |A|=1000000 |Bwin|=50 T=300
  chamfer=1.38742e+06 qt=1.37825e+06 (-0.00660779) uni=1.35226e+06 (-0.0253426)
Step 260 |A|=1000000 |Bwin|=50 T=300
  chamfer=1.46081e+06 qt=1.45563e+06 (-0.00354755) uni=1.44579e+06 (-0.0102852)
Step 286 |A|=1000000 |Bwin|=50 T=300
  chamfer=1.38259e+06 qt=1.30947e+06 (-0.0528839) uni=1.40429e+06 (0.0156924)
Step 312 |A|=1000000 |Bwin|=50 T=300
  chamfer=1.38159e+06 qt=1.4186e+06 (0.0267879) uni=1.39015e+06 (0.00619468)
Step 338 |A|=1000000 |Bwin|=50 T=300
  chamfer=1.40078e+06 qt=1.38547e+06 (-0.0109312) uni=1.44494e+06 (0.0315238)
Step 364 |A|=1000000 |Bwin|=50 T=300
  chamfer=1.39257e+06 qt=1.3759e+06 (-0.0119693) uni=1.44189e+06 (0.0354137)
Step 390 |A|=1000000 |Bwin|=50 T=300
  chamfer=1.40099e+06 qt=1.38105e+06 (-0.0142329) uni=1.3632e+06 (-0.0269728)
Step 416 |A|=1000000 |Bwin|=50 T=300
  chamfer=1.39635e+06 qt=1.36453e+06 (-0.0227862) uni=1.37179e+06 (-0.0175907)
Step 442 |A|=1000000 |Bwin|=50 T=300
  chamfer=1.41795e+06 qt=1.37008e+06 (-0.0337589) uni=1.43193e+06 (0.00986197)
Step 468 |A|=1000000 |Bwin|=50 T=300
  chamfer=1.40323e+06 qt=1.4158e+06 (0.00895483) uni=1.37323e+06 (-0.0213803)
Step 494 |A|=1000000 |Bwin|=50 T=300
  chamfer=1.38008e+06 qt=1.45345e+06 (0.0531623) uni=1.38653e+06 (0.00467042)
Step 520 |A|=1000000 |Bwin|=50 T=300
  chamfer=1.38524e+06 qt=1.33587e+06 (-0.0356399) uni=1.39196e+06 (0.00484906)
Step 546 |A|=1000000 |Bwin|=50 T=300
  chamfer=1.37496e+06 qt=1.28538e+06 (-0.0651488) uni=1.39446e+06 (0.0141837)
Step 572 |A|=1000000 |Bwin|=50 T=300
  chamfer=1.36314e+06 qt=1.37465e+06 (0.00844765) uni=1.33263e+06 (-0.0223818)
Step 598 |A|=1000000 |Bwin|=50 T=300
  chamfer=1.3641e+06 qt=1.37194e+06 (0.00574815) uni=1.42646e+06 (0.0457184)
Step 624 |A|=1000000 |Bwin|=50 T=300
  chamfer=1.41717e+06 qt=1.38139e+06 (-0.025246) uni=1.39391e+06 (-0.0164118)
Step 650 |A|=1000000 |Bwin|=50 T=300
  chamfer=1.39889e+06 qt=1.41187e+06 (0.0092847) uni=1.40727e+06 (0.00599543)
Step 676 |A|=1000000 |Bwin|=50 T=300
  chamfer=1.4e+06 qt=1.42954e+06 (0.0210993) uni=1.38553e+06 (-0.0103403)
Step 702 |A|=1000000 |Bwin|=50 T=300
  chamfer=1.38996e+06 qt=1.40776e+06 (0.0128123) uni=1.40352e+06 (0.00976056)
Step 728 |A|=1000000 |Bwin|=50 T=300
  chamfer=1.38452e+06 qt=1.3282e+06 (-0.0406779) uni=1.40939e+06 (0.0179648)
Step 754 |A|=1000000 |Bwin|=50 T=300
  chamfer=1.39187e+06 qt=1.35409e+06 (-0.027141) uni=1.38956e+06 (-0.00166431)
Step 780 |A|=1000000 |Bwin|=50 T=300
  chamfer=1.38574e+06 qt=1.35221e+06 (-0.0242008) uni=1.33872e+06 (-0.0339355)
Step 806 |A|=1000000 |Bwin|=50 T=300
  chamfer=1.38234e+06 qt=1.44649e+06 (0.0464104) uni=1.38987e+06 (0.00545109)
Step 832 |A|=1000000 |Bwin|=50 T=300
  chamfer=1.3913e+06 qt=1.36807e+06 (-0.0166901) uni=1.39774e+06 (0.00463228)
Step 858 |A|=1000000 |Bwin|=50 T=300
  chamfer=1.40652e+06 qt=1.41127e+06 (0.00337279) uni=1.3821e+06 (-0.0173641)
Step 884 |A|=1000000 |Bwin|=50 T=300
  chamfer=1.39604e+06 qt=1.44689e+06 (0.0364226) uni=1.40356e+06 (0.00538757)
Step 910 |A|=1000000 |Bwin|=50 T=300
  chamfer=1.44517e+06 qt=1.45225e+06 (0.00489652) uni=1.43814e+06 (-0.00486949)
Step 936 |A|=1000000 |Bwin|=50 T=300
  chamfer=1.41385e+06 qt=1.43018e+06 (0.0115447) uni=1.3816e+06 (-0.0228145)
Step 962 |A|=1000000 |Bwin|=50 T=300
  chamfer=1.38431e+06 qt=1.38491e+06 (0.000436389) uni=1.4003e+06 (0.0115554)
Step 988 |A|=1000000 |Bwin|=50 T=300
  chamfer=1.40988e+06 qt=1.41923e+06 (0.00663331) uni=1.39184e+06 (-0.0127965)

========== TIMING SUMMARY (ms) ==========
E2LSH K=25 L_final=0 queries=37 update_ops=1000 mode=quadtree-only
wall_ms_total=179769.885
per_update_ms e2lsh=0.000 quadtree=0.492 uniform=0.058 benchmark=0.000
--- QuadTree ---
  init_insert_A_ms=176722.758
  update_ms_total=401.876  update_ms_avg=0.402
  query_ms_total=89.708  query_ms_avg=2.425
--- E2LSH structure ---
  init_insert_A_ms=0.000
  update_ms_total=0.000  update_ms_avg=0.000
--- E2LSH stratified ---
  query_ms_total=0.000  query_ms_avg=0.000
--- Optional ---
  uniform_query_ms_total=58.412  uniform_query_ms_avg=1.579
  exact_chamfer mode=cache update_ms_total=0.000 update_ms_avg=0.000 query_ms_total=0.010 query_ms_avg=0.000 path=D:\Develop\native-l2-e2lsh-chamfer\output\paper_uni\gist\exact_no\exact_cache.csv
=========================================
Done. queries=37 wrote D:\Develop\native-l2-e2lsh-chamfer\output\paper_uni\gist\no_qt_seed3\compare_cost_log.csv
Wrote timing summary to D:\Develop\native-l2-e2lsh-chamfer\output\paper_uni\gist\no_qt_seed3\timing_summary.json

========== E2LSH BREAKDOWN (ms) ==========
insertA total=0.00 (h0=0.00 hash=0.00 exact=0.00 map=0.00 coord_io=0.00 posting=0.00 resolve=0.00 sampler=0.00 other=0.00)
insertB total=0.00 (h0=0.00 resolve=0.00 exact+sampler=0.00 other=0.00)
deleteB total=0.00 (membership=0.00 exact+sampler=0.00 other=0.00)
expandTop total=0.00 count=0
query total=0.00 (sample=0.00 Da=0.00 NN=0.00 overhead=0.00 io=0.00 reads=0)
==========================================
