seed=2 e2lsh_only=1 no_outlier=1 estimator=queryStratified with_is=1 T_override=300
loading D:\Develop\native-l2-e2lsh-chamfer\data\SIFT/base.f32bin (flat f32 stream for e2lsh-only)
loading D:\Develop\native-l2-e2lsh-chamfer\data\SIFT/query.f32bin
window_size=500 query_interval=166 |A|=1000000 |B|=10000 dim=128 (flat-A)
exact=cache hit path=output/sampling_ablation/sift/exact_no/exact_cache.csv entries=57
omp_threads=1
E2LSH-only mode: skipping QuadTree and Uniform
E2LSH K=120 rho=0.0001 n_max=1100000 (formula: K=max(1,ceil(4*ln(8*n_max^2)))) backend=ram
E2LSH insertA progress 114688/1000000
E2LSH insertA progress 212992/1000000
E2LSH insertA progress 311296/1000000
E2LSH insertA progress 409600/1000000
E2LSH insertA progress 507904/1000000
E2LSH insertA progress 606208/1000000
E2LSH insertA progress 704512/1000000
E2LSH insertA progress 802816/1000000
E2LSH insertA progress 901120/1000000
E2LSH insertA progress 1000000/1000000
E2LSH A insert done in 43793.6 ms L=24 D=3.35544e+09
strata invariant OK sumN=1000000 pos=1000000
Step 664 |A|=1000000 |Bwin|=500 T=300 L=24
  chamfer=2.86078e+08 strat=2.83397e+08 (-0.00937015) is=3.08912e+08 (0.0798173)
Step 830 |A|=1000000 |Bwin|=500 T=300 L=24
  chamfer=2.84103e+08 strat=2.88683e+08 (0.0161223) is=2.66637e+08 (-0.0614751)
Step 996 |A|=1000000 |Bwin|=500 T=300 L=24
  chamfer=2.85211e+08 strat=2.87843e+08 (0.0092279) is=2.80431e+08 (-0.0167609)
Step 1162 |A|=1000000 |Bwin|=500 T=300 L=24
  chamfer=2.85399e+08 strat=2.86186e+08 (0.00275768) is=2.88887e+08 (0.0122213)
Step 1328 |A|=1000000 |Bwin|=500 T=300 L=24
  chamfer=2.87045e+08 strat=2.92224e+08 (0.0180442) is=2.9545e+08 (0.0292838)
Step 1494 |A|=1000000 |Bwin|=500 T=300 L=24
  chamfer=2.84613e+08 strat=2.85894e+08 (0.0045033) is=2.97804e+08 (0.046349)
Step 1660 |A|=1000000 |Bwin|=500 T=300 L=24
  chamfer=2.85564e+08 strat=2.84657e+08 (-0.00317585) is=2.90129e+08 (0.0159878)
Step 1826 |A|=1000000 |Bwin|=500 T=300 L=24
  chamfer=2.87945e+08 strat=2.91597e+08 (0.012684) is=3.00319e+08 (0.0429736)
Step 1992 |A|=1000000 |Bwin|=500 T=300 L=24
  chamfer=2.87949e+08 strat=2.88751e+08 (0.00278799) is=3.1214e+08 (0.0840136)
Step 2158 |A|=1000000 |Bwin|=500 T=300 L=24
  chamfer=2.86047e+08 strat=2.79475e+08 (-0.022977) is=2.89305e+08 (0.0113899)
Step 2324 |A|=1000000 |Bwin|=500 T=300 L=24
  chamfer=2.84132e+08 strat=2.85612e+08 (0.00520709) is=2.88538e+08 (0.0155075)
Step 2490 |A|=1000000 |Bwin|=500 T=300 L=24
  chamfer=2.85706e+08 strat=2.85992e+08 (0.00099936) is=2.75103e+08 (-0.0371112)
Step 2656 |A|=1000000 |Bwin|=500 T=300 L=24
  chamfer=2.87182e+08 strat=2.97729e+08 (0.0367229) is=3.07452e+08 (0.07058)
Step 2822 |A|=1000000 |Bwin|=500 T=300 L=24
  chamfer=2.86633e+08 strat=2.84647e+08 (-0.00692737) is=3.11584e+08 (0.0870498)
Step 2988 |A|=1000000 |Bwin|=500 T=300 L=24
  chamfer=2.86601e+08 strat=2.85288e+08 (-0.00458117) is=2.71419e+08 (-0.0529713)
Step 3154 |A|=1000000 |Bwin|=500 T=300 L=24
  chamfer=2.8662e+08 strat=2.89688e+08 (0.0107048) is=2.8061e+08 (-0.0209698)
Step 3320 |A|=1000000 |Bwin|=500 T=300 L=24
  chamfer=2.85877e+08 strat=2.93283e+08 (0.0259073) is=2.71065e+08 (-0.051814)
Step 3486 |A|=1000000 |Bwin|=500 T=300 L=24
  chamfer=2.84227e+08 strat=2.86894e+08 (0.0093829) is=3.07341e+08 (0.0813207)
Step 3652 |A|=1000000 |Bwin|=500 T=300 L=24
  chamfer=2.8406e+08 strat=2.82666e+08 (-0.00490918) is=2.55138e+08 (-0.101818)
Step 3818 |A|=1000000 |Bwin|=500 T=300 L=24
  chamfer=2.84112e+08 strat=2.81112e+08 (-0.0105596) is=2.85707e+08 (0.00561366)
Step 3984 |A|=1000000 |Bwin|=500 T=300 L=24
  chamfer=2.83076e+08 strat=2.82233e+08 (-0.00297793) is=2.99472e+08 (0.0579198)
Step 4150 |A|=1000000 |Bwin|=500 T=300 L=24
  chamfer=2.83537e+08 strat=2.87248e+08 (0.0130889) is=2.83881e+08 (0.00121181)
Step 4316 |A|=1000000 |Bwin|=500 T=300 L=24
  chamfer=2.83541e+08 strat=2.88066e+08 (0.01596) is=3.09619e+08 (0.091974)
Step 4482 |A|=1000000 |Bwin|=500 T=300 L=24
  chamfer=2.83984e+08 strat=2.82467e+08 (-0.00534272) is=3.0774e+08 (0.0836527)
Step 4648 |A|=1000000 |Bwin|=500 T=300 L=24
  chamfer=2.85222e+08 strat=2.81239e+08 (-0.0139635) is=2.8418e+08 (-0.00365346)
Step 4814 |A|=1000000 |Bwin|=500 T=300 L=24
  chamfer=2.86048e+08 strat=2.88903e+08 (0.00998202) is=2.72707e+08 (-0.0466396)
Step 4980 |A|=1000000 |Bwin|=500 T=300 L=24
  chamfer=2.83654e+08 strat=2.87132e+08 (0.0122602) is=2.7255e+08 (-0.039145)
Step 5146 |A|=1000000 |Bwin|=500 T=300 L=24
  chamfer=2.82535e+08 strat=2.80654e+08 (-0.00665762) is=2.84945e+08 (0.00852852)
Step 5312 |A|=1000000 |Bwin|=500 T=300 L=24
  chamfer=2.84081e+08 strat=2.90192e+08 (0.0215107) is=2.74061e+08 (-0.0352713)
Step 5478 |A|=1000000 |Bwin|=500 T=300 L=24
  chamfer=2.85578e+08 strat=2.82864e+08 (-0.00950545) is=2.73637e+08 (-0.041813)
Step 5644 |A|=1000000 |Bwin|=500 T=300 L=24
  chamfer=2.86886e+08 strat=2.87235e+08 (0.0012166) is=2.94915e+08 (0.0279855)
Step 5810 |A|=1000000 |Bwin|=500 T=300 L=24
  chamfer=2.85681e+08 strat=2.84187e+08 (-0.00523017) is=2.98335e+08 (0.0442951)
Step 5976 |A|=1000000 |Bwin|=500 T=300 L=24
  chamfer=2.86518e+08 strat=2.82975e+08 (-0.0123673) is=2.83062e+08 (-0.0120631)
Step 6142 |A|=1000000 |Bwin|=500 T=300 L=24
  chamfer=2.86752e+08 strat=2.88024e+08 (0.00443584) is=2.77246e+08 (-0.0331505)
Step 6308 |A|=1000000 |Bwin|=500 T=300 L=24
  chamfer=2.85377e+08 strat=2.82772e+08 (-0.0091279) is=2.87061e+08 (0.00590434)
Step 6474 |A|=1000000 |Bwin|=500 T=300 L=24
  chamfer=2.87488e+08 strat=2.84463e+08 (-0.0105213) is=2.8513e+08 (-0.008203)
Step 6640 |A|=1000000 |Bwin|=500 T=300 L=24
  chamfer=2.8609e+08 strat=2.85711e+08 (-0.00132338) is=2.89009e+08 (0.0102021)
Step 6806 |A|=1000000 |Bwin|=500 T=300 L=24
  chamfer=2.85762e+08 strat=2.91632e+08 (0.020543) is=2.60339e+08 (-0.0889662)
Step 6972 |A|=1000000 |Bwin|=500 T=300 L=24
  chamfer=2.83669e+08 strat=2.78278e+08 (-0.019006) is=2.90378e+08 (0.0236486)
Step 7138 |A|=1000000 |Bwin|=500 T=300 L=24
  chamfer=2.84946e+08 strat=2.88359e+08 (0.0119789) is=2.89314e+08 (0.0153306)
Step 7304 |A|=1000000 |Bwin|=500 T=300 L=24
  chamfer=2.86931e+08 strat=2.93478e+08 (0.0228183) is=2.82619e+08 (-0.0150283)
Step 7470 |A|=1000000 |Bwin|=500 T=300 L=24
  chamfer=2.86388e+08 strat=2.84744e+08 (-0.00574151) is=2.91881e+08 (0.01918)
Step 7636 |A|=1000000 |Bwin|=500 T=300 L=24
  chamfer=2.85674e+08 strat=2.86692e+08 (0.00356265) is=2.82967e+08 (-0.00947356)
Step 7802 |A|=1000000 |Bwin|=500 T=300 L=24
  chamfer=2.84491e+08 strat=2.80414e+08 (-0.0143301) is=2.97473e+08 (0.0456317)
Step 7968 |A|=1000000 |Bwin|=500 T=300 L=24
  chamfer=2.84174e+08 strat=2.82781e+08 (-0.00490195) is=2.74404e+08 (-0.0343814)
Step 8134 |A|=1000000 |Bwin|=500 T=300 L=24
  chamfer=2.84822e+08 strat=2.89458e+08 (0.0162775) is=2.77428e+08 (-0.0259597)
Step 8300 |A|=1000000 |Bwin|=500 T=300 L=24
  chamfer=2.85263e+08 strat=2.84776e+08 (-0.00170462) is=2.87886e+08 (0.00919656)
Step 8466 |A|=1000000 |Bwin|=500 T=300 L=24
  chamfer=2.83507e+08 strat=2.7983e+08 (-0.0129682) is=2.94123e+08 (0.0374453)
Step 8632 |A|=1000000 |Bwin|=500 T=300 L=24
  chamfer=2.838e+08 strat=2.8469e+08 (0.00313551) is=3.0024e+08 (0.0579286)
Step 8798 |A|=1000000 |Bwin|=500 T=300 L=24
  chamfer=2.84825e+08 strat=2.85266e+08 (0.00154687) is=2.94032e+08 (0.0323226)
Step 8964 |A|=1000000 |Bwin|=500 T=300 L=24
  chamfer=2.86885e+08 strat=2.90482e+08 (0.0125365) is=2.90753e+08 (0.0134815)
Step 9130 |A|=1000000 |Bwin|=500 T=300 L=24
  chamfer=2.85956e+08 strat=2.87393e+08 (0.00502562) is=3.03042e+08 (0.0597526)
Step 9296 |A|=1000000 |Bwin|=500 T=300 L=24
  chamfer=2.85789e+08 strat=2.87817e+08 (0.00709468) is=2.78238e+08 (-0.0264213)
Step 9462 |A|=1000000 |Bwin|=500 T=300 L=24
  chamfer=2.87009e+08 strat=2.88955e+08 (0.00677889) is=2.92441e+08 (0.0189257)
Step 9628 |A|=1000000 |Bwin|=500 T=300 L=24
  chamfer=2.88781e+08 strat=2.93523e+08 (0.0164189) is=2.86626e+08 (-0.00746441)
Step 9794 |A|=1000000 |Bwin|=500 T=300 L=24
  chamfer=2.86812e+08 strat=2.85909e+08 (-0.00314847) is=2.96304e+08 (0.0330947)
Step 9960 |A|=1000000 |Bwin|=500 T=300 L=24
  chamfer=2.85034e+08 strat=2.83308e+08 (-0.00605446) is=2.73284e+08 (-0.0412227)

========== TIMING SUMMARY (ms) ==========
E2LSH K=120 L_final=24 queries=57 update_ops=10000 mode=e2lsh-only
wall_ms_total=45292.416
per_update_ms e2lsh=0.125 quadtree=0.000 uniform=0.000 benchmark=0.000
--- E2LSH structure ---
  init_insert_A_ms=43793.589
  update_ms_total=1036.183  update_ms_avg=0.104
--- E2LSH stratified ---
  query_ms_total=212.814  query_ms_avg=3.734
--- E2LSH importance ---
  query_ms_total=212.063  query_ms_avg=3.720
--- Optional ---
  exact_chamfer mode=cache update_ms_total=0.000 update_ms_avg=0.000 query_ms_total=0.043 query_ms_avg=0.001 path=output/sampling_ablation/sift/exact_no/exact_cache.csv
=========================================
Done. queries=57 wrote D:\Develop\native-l2-e2lsh-chamfer\output\sampling_ablation\sift\no_seed2\compare_cost_log.csv
Wrote timing summary to D:\Develop\native-l2-e2lsh-chamfer\output\sampling_ablation\sift\no_seed2\timing_summary.json

========== E2LSH BREAKDOWN (ms) ==========
insertA total=43214.91 (h0=1418.40 hash=168.68 exact=918.67 map=0.00 coord_io=0.00 posting=0.00 resolve=9970.78 sampler=11395.14 other=19343.24)
insertB total=558.96 (h0=16.02 resolve=116.29 exact+sampler=424.12 other=2.53)
deleteB total=471.40 (membership=465.69 exact+sampler=3.54 other=2.17)
expandTop total=0.50 count=24
query total=420.59 (sample=227.45 Da=0.00 NN=192.98 overhead=0.16 io=0.00 reads=0)
fractions of profiled E2LSH (44666.36 ms): NN=0.43% sample=0.51% Da=0.00% structure=99.06%
==========================================
