seed=3 quadtree_only=1 estimator=queryStratified T_override=300
loading D:\Develop\native-l2-e2lsh-chamfer\data\SIFT/base_with_outlier.f32bin
loading D:\Develop\native-l2-e2lsh-chamfer\data\SIFT/query.f32bin
window_size=500 query_interval=166 |A|=1000001 |B|=10000 dim=128
exact=cache hit path=D:\Develop\native-l2-e2lsh-chamfer\output\paper_uni\sift\exact_out\exact_cache.csv entries=57
omp_threads=1
7.01379e+07 0.0001
diameter=7.01379e+07 aspect=7.01379e+11 depth=40
QuadTree A insert done in 49361.9 ms
QuadTree-only mode: skipping E2LSH insertA
Step 664 |A|=1000001 |Bwin|=500 T=300
  chamfer=3.21147e+08 qt=3.29618e+08 (0.0263771) uni=2.85044e+08 (-0.112418)
Step 830 |A|=1000001 |Bwin|=500 T=300
  chamfer=3.19172e+08 qt=3.25036e+08 (0.0183728) uni=2.8463e+08 (-0.108222)
Step 996 |A|=1000001 |Bwin|=500 T=300
  chamfer=3.2028e+08 qt=3.04161e+08 (-0.0503282) uni=2.85992e+08 (-0.107055)
Step 1162 |A|=1000001 |Bwin|=500 T=300
  chamfer=3.20468e+08 qt=3.02705e+08 (-0.0554292) uni=2.9043e+08 (-0.0937327)
Step 1328 |A|=1000001 |Bwin|=500 T=300
  chamfer=3.22114e+08 qt=3.24935e+08 (0.00876011) uni=2.89276e+08 (-0.101944)
Step 1494 |A|=1000001 |Bwin|=500 T=300
  chamfer=3.19682e+08 qt=3.28915e+08 (0.028883) uni=2.80589e+08 (-0.122288)
Step 1660 |A|=1000001 |Bwin|=500 T=300
  chamfer=3.20633e+08 qt=3.12996e+08 (-0.0238176) uni=2.87002e+08 (-0.104887)
Step 1826 |A|=1000001 |Bwin|=500 T=300
  chamfer=3.23014e+08 qt=3.23695e+08 (0.00210752) uni=2.91265e+08 (-0.0982881)
Step 1992 |A|=1000001 |Bwin|=500 T=300
  chamfer=3.23018e+08 qt=3.32784e+08 (0.0302352) uni=2.83792e+08 (-0.121436)
Step 2158 |A|=1000001 |Bwin|=500 T=300
  chamfer=3.21116e+08 qt=3.1382e+08 (-0.0227209) uni=2.8619e+08 (-0.108764)
Step 2324 |A|=1000001 |Bwin|=500 T=300
  chamfer=3.19201e+08 qt=3.12933e+08 (-0.0196357) uni=2.86236e+08 (-0.103273)
Step 2490 |A|=1000001 |Bwin|=500 T=300
  chamfer=3.20775e+08 qt=3.27215e+08 (0.0200751) uni=2.84345e+08 (-0.113569)
Step 2656 |A|=1000001 |Bwin|=500 T=300
  chamfer=3.22251e+08 qt=3.39764e+08 (0.0543441) uni=2.88931e+08 (-0.103399)
Step 2822 |A|=1000001 |Bwin|=500 T=300
  chamfer=3.21702e+08 qt=3.14054e+08 (-0.0237718) uni=2.86351e+08 (-0.109886)
Step 2988 |A|=1000001 |Bwin|=500 T=300
  chamfer=3.2167e+08 qt=2.99116e+08 (-0.0701143) uni=2.88301e+08 (-0.103737)
Step 3154 |A|=1000001 |Bwin|=500 T=300
  chamfer=3.21689e+08 qt=3.12087e+08 (-0.0298498) uni=2.94061e+08 (-0.0858836)
Step 3320 |A|=1000001 |Bwin|=500 T=300
  chamfer=3.20946e+08 qt=3.25167e+08 (0.0131526) uni=2.8842e+08 (-0.101345)
Step 3486 |A|=1000001 |Bwin|=500 T=300
  chamfer=3.19296e+08 qt=3.15324e+08 (-0.0124418) uni=2.82584e+08 (-0.114978)
Step 3652 |A|=1000001 |Bwin|=500 T=300
  chamfer=3.19129e+08 qt=3.22929e+08 (0.0119048) uni=2.85796e+08 (-0.10445)
Step 3818 |A|=1000001 |Bwin|=500 T=300
  chamfer=3.19181e+08 qt=3.23846e+08 (0.0146144) uni=2.87176e+08 (-0.100273)
Step 3984 |A|=1000001 |Bwin|=500 T=300
  chamfer=3.18145e+08 qt=3.25608e+08 (0.0234585) uni=2.85683e+08 (-0.102036)
Step 4150 |A|=1000001 |Bwin|=500 T=300
  chamfer=3.18606e+08 qt=3.18796e+08 (0.000596588) uni=2.83037e+08 (-0.111639)
Step 4316 |A|=1000001 |Bwin|=500 T=300
  chamfer=3.1861e+08 qt=2.98726e+08 (-0.0624077) uni=2.82708e+08 (-0.112682)
Step 4482 |A|=1000001 |Bwin|=500 T=300
  chamfer=3.19053e+08 qt=3.23497e+08 (0.0139289) uni=2.80531e+08 (-0.120741)
Step 4648 |A|=1000001 |Bwin|=500 T=300
  chamfer=3.20291e+08 qt=3.27332e+08 (0.0219833) uni=2.8847e+08 (-0.0993494)
Step 4814 |A|=1000001 |Bwin|=500 T=300
  chamfer=3.21117e+08 qt=3.12185e+08 (-0.0278139) uni=2.86146e+08 (-0.108904)
Step 4980 |A|=1000001 |Bwin|=500 T=300
  chamfer=3.18723e+08 qt=3.17434e+08 (-0.00404341) uni=2.82958e+08 (-0.112213)
Step 5146 |A|=1000001 |Bwin|=500 T=300
  chamfer=3.17604e+08 qt=3.17956e+08 (0.00110867) uni=2.79253e+08 (-0.120751)
Step 5312 |A|=1000001 |Bwin|=500 T=300
  chamfer=3.1915e+08 qt=3.31677e+08 (0.0392525) uni=2.83845e+08 (-0.11062)
Step 5478 |A|=1000001 |Bwin|=500 T=300
  chamfer=3.20647e+08 qt=3.24088e+08 (0.0107286) uni=2.87563e+08 (-0.103179)
Step 5644 |A|=1000001 |Bwin|=500 T=300
  chamfer=3.21955e+08 qt=3.34745e+08 (0.0397258) uni=2.86014e+08 (-0.111635)
Step 5810 |A|=1000001 |Bwin|=500 T=300
  chamfer=3.2075e+08 qt=3.23196e+08 (0.00762697) uni=2.8494e+08 (-0.111644)
Step 5976 |A|=1000001 |Bwin|=500 T=300
  chamfer=3.21587e+08 qt=3.18118e+08 (-0.0107867) uni=2.85412e+08 (-0.112489)
Step 6142 |A|=1000001 |Bwin|=500 T=300
  chamfer=3.21821e+08 qt=3.16436e+08 (-0.0167344) uni=2.85195e+08 (-0.113809)
Step 6308 |A|=1000001 |Bwin|=500 T=300
  chamfer=3.20446e+08 qt=3.05618e+08 (-0.0462719) uni=2.83895e+08 (-0.114061)
Step 6474 |A|=1000001 |Bwin|=500 T=300
  chamfer=3.22557e+08 qt=3.29228e+08 (0.0206817) uni=2.85476e+08 (-0.114961)
Step 6640 |A|=1000001 |Bwin|=500 T=300
  chamfer=3.21159e+08 qt=3.17579e+08 (-0.011149) uni=2.86176e+08 (-0.108927)
Step 6806 |A|=1000001 |Bwin|=500 T=300
  chamfer=3.20831e+08 qt=3.27465e+08 (0.0206782) uni=2.82466e+08 (-0.119579)
Step 6972 |A|=1000001 |Bwin|=500 T=300
  chamfer=3.18739e+08 qt=3.1668e+08 (-0.00645983) uni=2.85878e+08 (-0.103095)
Step 7138 |A|=1000001 |Bwin|=500 T=300
  chamfer=3.20015e+08 qt=3.31587e+08 (0.0361628) uni=2.88689e+08 (-0.09789)
Step 7304 |A|=1000001 |Bwin|=500 T=300
  chamfer=3.22e+08 qt=3.19193e+08 (-0.00871628) uni=2.86303e+08 (-0.110859)
Step 7470 |A|=1000001 |Bwin|=500 T=300
  chamfer=3.21457e+08 qt=3.36498e+08 (0.0467906) uni=2.87164e+08 (-0.106681)
Step 7636 |A|=1000001 |Bwin|=500 T=300
  chamfer=3.20743e+08 qt=3.27488e+08 (0.02103) uni=2.87205e+08 (-0.104565)
Step 7802 |A|=1000001 |Bwin|=500 T=300
  chamfer=3.1956e+08 qt=3.29765e+08 (0.0319348) uni=2.85536e+08 (-0.106472)
Step 7968 |A|=1000001 |Bwin|=500 T=300
  chamfer=3.19243e+08 qt=3.27357e+08 (0.0254167) uni=2.835e+08 (-0.111962)
Step 8134 |A|=1000001 |Bwin|=500 T=300
  chamfer=3.19891e+08 qt=3.34907e+08 (0.0469387) uni=2.87619e+08 (-0.100886)
Step 8300 |A|=1000001 |Bwin|=500 T=300
  chamfer=3.20332e+08 qt=3.25678e+08 (0.0166917) uni=2.80942e+08 (-0.122964)
Step 8466 |A|=1000001 |Bwin|=500 T=300
  chamfer=3.18576e+08 qt=3.23285e+08 (0.0147806) uni=2.80607e+08 (-0.119183)
Step 8632 |A|=1000001 |Bwin|=500 T=300
  chamfer=3.18869e+08 qt=3.05317e+08 (-0.0425011) uni=2.80159e+08 (-0.1214)
Step 8798 |A|=1000001 |Bwin|=500 T=300
  chamfer=3.19895e+08 qt=3.16611e+08 (-0.010263) uni=2.82631e+08 (-0.116486)
Step 8964 |A|=1000001 |Bwin|=500 T=300
  chamfer=3.21954e+08 qt=3.29307e+08 (0.022838) uni=2.82018e+08 (-0.124042)
Step 9130 |A|=1000001 |Bwin|=500 T=300
  chamfer=3.21025e+08 qt=3.2334e+08 (0.00721292) uni=2.91087e+08 (-0.0932559)
Step 9296 |A|=1000001 |Bwin|=500 T=300
  chamfer=3.20858e+08 qt=3.15648e+08 (-0.0162396) uni=2.85316e+08 (-0.110772)
Step 9462 |A|=1000001 |Bwin|=500 T=300
  chamfer=3.22078e+08 qt=3.29096e+08 (0.0217912) uni=2.85093e+08 (-0.114832)
Step 9628 |A|=1000001 |Bwin|=500 T=300
  chamfer=3.2385e+08 qt=3.38301e+08 (0.0446226) uni=2.87351e+08 (-0.112705)
Step 9794 |A|=1000001 |Bwin|=500 T=300
  chamfer=3.21881e+08 qt=3.23814e+08 (0.00600434) uni=2.87997e+08 (-0.105269)
Step 9960 |A|=1000001 |Bwin|=500 T=300
  chamfer=3.20103e+08 qt=3.26545e+08 (0.0201275) uni=2.79536e+08 (-0.12673)

========== TIMING SUMMARY (ms) ==========
E2LSH K=25 L_final=0 queries=57 update_ops=10000 mode=quadtree-only
wall_ms_total=54820.610
per_update_ms e2lsh=0.000 quadtree=0.163 uniform=0.056 benchmark=0.000
--- QuadTree ---
  init_insert_A_ms=49361.937
  update_ms_total=1018.814  update_ms_avg=0.102
  query_ms_total=614.880  query_ms_avg=10.787
--- E2LSH structure ---
  init_insert_A_ms=0.000
  update_ms_total=0.000  update_ms_avg=0.000
--- E2LSH stratified ---
  query_ms_total=0.000  query_ms_avg=0.000
--- Optional ---
  uniform_query_ms_total=562.283  uniform_query_ms_avg=9.865
  exact_chamfer mode=cache update_ms_total=0.000 update_ms_avg=0.000 query_ms_total=0.055 query_ms_avg=0.001 path=D:\Develop\native-l2-e2lsh-chamfer\output\paper_uni\sift\exact_out\exact_cache.csv
=========================================
Done. queries=57 wrote D:\Develop\native-l2-e2lsh-chamfer\output\paper_uni\sift\out_qt_seed3\compare_cost_log.csv
Wrote timing summary to D:\Develop\native-l2-e2lsh-chamfer\output\paper_uni\sift\out_qt_seed3\timing_summary.json

========== E2LSH BREAKDOWN (ms) ==========
insertA total=0.00 (h0=0.00 hash=0.00 exact=0.00 map=0.00 coord_io=0.00 posting=0.00 resolve=0.00 sampler=0.00 other=0.00)
insertB total=0.00 (h0=0.00 resolve=0.00 exact+sampler=0.00 other=0.00)
deleteB total=0.00 (membership=0.00 exact+sampler=0.00 other=0.00)
expandTop total=0.00 count=0
query total=0.00 (sample=0.00 Da=0.00 NN=0.00 overhead=0.00 io=0.00 reads=0)
==========================================
