omp_threads=1
exact_cache_f32 |A|=60001 |B|=10000 dim=784 window=500 query_interval=166 a=train_with_outlier.f32bin
exact-cache step 664 chamfer=9.0815e+07
exact-cache step 830 chamfer=9.06615e+07
exact-cache step 996 chamfer=9.07047e+07
exact-cache step 1162 chamfer=9.06471e+07
exact-cache step 1328 chamfer=9.07805e+07
exact-cache step 1494 chamfer=9.02496e+07
exact-cache step 1660 chamfer=9.01113e+07
exact-cache step 1826 chamfer=8.97467e+07
exact-cache step 1992 chamfer=8.98534e+07
exact-cache step 2158 chamfer=8.98752e+07
exact-cache step 2324 chamfer=9.07672e+07
exact-cache step 2490 chamfer=9.07742e+07
exact-cache step 2656 chamfer=9.05214e+07
exact-cache step 2822 chamfer=9.00425e+07
exact-cache step 2988 chamfer=9.04269e+07
exact-cache step 3154 chamfer=9.07186e+07
exact-cache step 3320 chamfer=9.07808e+07
exact-cache step 3486 chamfer=9.05093e+07
exact-cache step 3652 chamfer=9.0514e+07
exact-cache step 3818 chamfer=9.04842e+07
exact-cache step 3984 chamfer=9.05173e+07
exact-cache step 4150 chamfer=9.06807e+07
exact-cache step 4316 chamfer=9.06944e+07
exact-cache step 4482 chamfer=9.05766e+07
exact-cache step 4648 chamfer=9.06517e+07
exact-cache step 4814 chamfer=9.04283e+07
exact-cache step 4980 chamfer=9.0376e+07
exact-cache step 5146 chamfer=9.0807e+07
exact-cache step 5312 chamfer=9.05717e+07
exact-cache step 5478 chamfer=9.04283e+07
exact-cache step 5644 chamfer=9.02276e+07
exact-cache step 5810 chamfer=9.03303e+07
exact-cache step 5976 chamfer=9.05253e+07
exact-cache step 6142 chamfer=9.08657e+07
exact-cache step 6308 chamfer=9.08967e+07
exact-cache step 6474 chamfer=9.08067e+07
exact-cache step 6640 chamfer=9.08014e+07
exact-cache step 6806 chamfer=9.09887e+07
exact-cache step 6972 chamfer=9.13e+07
exact-cache step 7138 chamfer=9.06062e+07
exact-cache step 7304 chamfer=9.0574e+07
exact-cache step 7470 chamfer=9.03013e+07
exact-cache step 7636 chamfer=9.05825e+07
exact-cache step 7802 chamfer=9.03603e+07
exact-cache step 7968 chamfer=9.06712e+07
exact-cache step 8134 chamfer=9.05898e+07
exact-cache step 8300 chamfer=9.1011e+07
exact-cache step 8466 chamfer=9.06051e+07
exact-cache step 8632 chamfer=9.05349e+07
exact-cache step 8798 chamfer=9.02685e+07
exact-cache step 8964 chamfer=9.03301e+07
exact-cache step 9130 chamfer=9.05576e+07
exact-cache step 9296 chamfer=9.06694e+07
exact-cache step 9462 chamfer=9.08549e+07
exact-cache step 9628 chamfer=9.08611e+07
exact-cache step 9794 chamfer=9.05871e+07
exact-cache step 9960 chamfer=9.05078e+07
Wrote D:\Develop\native-l2-e2lsh-chamfer\output\paper_uni\fashion\exact_out\exact_cache.csv entries=57 update_ms_total=157975 update_ms_avg=15.7975 per_update_ms benchmark=15.7975 wall_ms=157993
Wrote D:\Develop\native-l2-e2lsh-chamfer\output\paper_uni\fashion\exact_out\exact_cache.csv.timing.json
