seed=2 no_outlier=1 estimator=queryStratified T_override=200
loading D:\Develop\native-l2-e2lsh-chamfer\data\Fashion-MNIST/train.f32bin
loading D:\Develop\native-l2-e2lsh-chamfer\data\Fashion-MNIST/query.f32bin
window_size=500 query_interval=166 |A|=60000 |B|=10000 dim=784
exact=cache hit path=D:\Develop\native-l2-e2lsh-chamfer\output\paper_uni\fashion\exact_no\exact_cache.csv entries=57
omp_threads=1
9084.99 0.0001
diameter=9084.99 aspect=9.08499e+07 depth=27
QuadTree A insert done in 7936.63 ms
E2LSH K=98 rho=0.0001 n_max=70000 (formula: K=max(1,ceil(4*ln(8*n_max^2)))) backend=ram
E2LSH A insert done in 1462.49 ms L=27 D=1.61061e+09
strata invariant OK sumN=60000 pos=60000
Step 664 |A|=60000 |Bwin|=500 T=200 L=27
NN_MICROBENCH reps=256 e2_ms=14.9452 flat_ms=15.9946 ratio_slow_over_fast=1.07022 e2_nB=500 flat_nB=500 e2_align=0 flat_align=0 note=timed status=OK sink=1.23756e+06
  chamfer=7.6214e+07 qt=7.24281e+07 (-0.0496747) e2(strat)=7.85832e+07 (0.0310867) uni=7.53482e+07 (-0.0113599)
Step 830 |A|=60000 |Bwin|=500 T=200 L=27
  chamfer=7.60605e+07 qt=7.64434e+07 (0.00503432) e2(strat)=7.61861e+07 (0.00165198) uni=7.50953e+07 (-0.0126899)
Step 996 |A|=60000 |Bwin|=500 T=200 L=27
  chamfer=7.61033e+07 qt=7.85024e+07 (0.0315242) e2(strat)=7.66441e+07 (0.0071053) uni=7.65302e+07 (0.0056088)
Step 1162 |A|=60000 |Bwin|=500 T=200 L=27
  chamfer=7.6046e+07 qt=7.82384e+07 (0.0288304) e2(strat)=7.53251e+07 (-0.0094792) uni=7.53364e+07 (-0.00933151)
Step 1328 |A|=60000 |Bwin|=500 T=200 L=27
  chamfer=7.61793e+07 qt=7.58953e+07 (-0.00372783) e2(strat)=7.73553e+07 (0.0154378) uni=7.70134e+07 (0.010949)
Step 1494 |A|=60000 |Bwin|=500 T=200 L=27
  chamfer=7.56485e+07 qt=7.62738e+07 (0.00826543) e2(strat)=7.62716e+07 (0.00823742) uni=7.79062e+07 (0.0298448)
Step 1660 |A|=60000 |Bwin|=500 T=200 L=27
  chamfer=7.55099e+07 qt=7.39912e+07 (-0.0201116) e2(strat)=7.35586e+07 (-0.0258411) uni=7.67999e+07 (0.0170841)
Step 1826 |A|=60000 |Bwin|=500 T=200 L=27
  chamfer=7.51453e+07 qt=7.52633e+07 (0.00156973) e2(strat)=7.54718e+07 (0.00434458) uni=7.46513e+07 (-0.00657374)
Step 1992 |A|=60000 |Bwin|=500 T=200 L=27
  chamfer=7.5252e+07 qt=7.6841e+07 (0.0211147) e2(strat)=7.50237e+07 (-0.00303368) uni=7.36788e+07 (-0.0209067)
Step 2158 |A|=60000 |Bwin|=500 T=200 L=27
  chamfer=7.52739e+07 qt=7.33992e+07 (-0.024904) e2(strat)=7.58912e+07 (0.0082008) uni=7.60755e+07 (0.0106491)
Step 2324 |A|=60000 |Bwin|=500 T=200 L=27
  chamfer=7.61659e+07 qt=7.65365e+07 (0.00486574) e2(strat)=7.49662e+07 (-0.0157503) uni=7.50402e+07 (-0.0147799)
Step 2490 |A|=60000 |Bwin|=500 T=200 L=27
  chamfer=7.61729e+07 qt=7.45951e+07 (-0.0207131) e2(strat)=7.83306e+07 (0.0283269) uni=7.72809e+07 (0.0145468)
Step 2656 |A|=60000 |Bwin|=500 T=200 L=27
  chamfer=7.59201e+07 qt=7.63034e+07 (0.00504893) e2(strat)=7.66377e+07 (0.00945292) uni=7.60587e+07 (0.00182557)
Step 2822 |A|=60000 |Bwin|=500 T=200 L=27
  chamfer=7.5441e+07 qt=7.28038e+07 (-0.0349573) e2(strat)=7.59983e+07 (0.00738634) uni=7.39554e+07 (-0.0196931)
Step 2988 |A|=60000 |Bwin|=500 T=200 L=27
  chamfer=7.58256e+07 qt=7.65136e+07 (0.0090733) e2(strat)=7.42773e+07 (-0.02042) uni=7.66708e+07 (0.0111464)
Step 3154 |A|=60000 |Bwin|=500 T=200 L=27
  chamfer=7.61174e+07 qt=7.89484e+07 (0.0371923) e2(strat)=7.60166e+07 (-0.00132452) uni=7.71502e+07 (0.0135688)
Step 3320 |A|=60000 |Bwin|=500 T=200 L=27
  chamfer=7.61798e+07 qt=7.80302e+07 (0.0242891) e2(strat)=7.44174e+07 (-0.0231354) uni=7.82852e+07 (0.0276373)
Step 3486 |A|=60000 |Bwin|=500 T=200 L=27
  chamfer=7.59083e+07 qt=7.7496e+07 (0.0209151) e2(strat)=7.49157e+07 (-0.0130766) uni=7.74065e+07 (0.0197366)
Step 3652 |A|=60000 |Bwin|=500 T=200 L=27
  chamfer=7.59131e+07 qt=7.51477e+07 (-0.0100828) e2(strat)=7.58584e+07 (-0.000721202) uni=7.55758e+07 (-0.00444392)
Step 3818 |A|=60000 |Bwin|=500 T=200 L=27
  chamfer=7.58834e+07 qt=7.95844e+07 (0.0487729) e2(strat)=7.40557e+07 (-0.0240857) uni=7.65126e+07 (0.00829222)
Step 3984 |A|=60000 |Bwin|=500 T=200 L=27
  chamfer=7.59164e+07 qt=7.34412e+07 (-0.0326049) e2(strat)=7.83962e+07 (0.032664) uni=7.57327e+07 (-0.00241993)
Step 4150 |A|=60000 |Bwin|=500 T=200 L=27
  chamfer=7.60795e+07 qt=7.5718e+07 (-0.00475087) e2(strat)=7.36489e+07 (-0.0319473) uni=7.70218e+07 (0.0123863)
Step 4316 |A|=60000 |Bwin|=500 T=200 L=27
  chamfer=7.60934e+07 qt=7.49744e+07 (-0.014706) e2(strat)=7.44431e+07 (-0.021688) uni=7.67229e+07 (0.00827224)
Step 4482 |A|=60000 |Bwin|=500 T=200 L=27
  chamfer=7.59757e+07 qt=7.91485e+07 (0.0417602) e2(strat)=7.56875e+07 (-0.00379282) uni=7.76543e+07 (0.022094)
Step 4648 |A|=60000 |Bwin|=500 T=200 L=27
  chamfer=7.60508e+07 qt=7.75404e+07 (0.0195866) e2(strat)=7.36845e+07 (-0.0311144) uni=7.59056e+07 (-0.00190897)
Step 4814 |A|=60000 |Bwin|=500 T=200 L=27
  chamfer=7.58275e+07 qt=7.34966e+07 (-0.0307397) e2(strat)=7.70672e+07 (0.0163492) uni=7.6173e+07 (0.0045566)
Step 4980 |A|=60000 |Bwin|=500 T=200 L=27
  chamfer=7.5775e+07 qt=7.6789e+07 (0.0133825) e2(strat)=7.56365e+07 (-0.00182703) uni=7.50735e+07 (-0.00925765)
Step 5146 |A|=60000 |Bwin|=500 T=200 L=27
  chamfer=7.6206e+07 qt=7.53713e+07 (-0.0109521) e2(strat)=7.72358e+07 (0.0135144) uni=7.73368e+07 (0.0148388)
Step 5312 |A|=60000 |Bwin|=500 T=200 L=27
  chamfer=7.59706e+07 qt=7.47697e+07 (-0.0158072) e2(strat)=7.5686e+07 (-0.00374626) uni=7.64761e+07 (0.00665368)
Step 5478 |A|=60000 |Bwin|=500 T=200 L=27
  chamfer=7.58271e+07 qt=7.11201e+07 (-0.0620756) e2(strat)=7.54975e+07 (-0.00434718) uni=7.55857e+07 (-0.0031833)
Step 5644 |A|=60000 |Bwin|=500 T=200 L=27
  chamfer=7.56264e+07 qt=7.44345e+07 (-0.0157607) e2(strat)=7.32531e+07 (-0.0313822) uni=7.47908e+07 (-0.0110494)
Step 5810 |A|=60000 |Bwin|=500 T=200 L=27
  chamfer=7.57292e+07 qt=7.515e+07 (-0.00764915) e2(strat)=7.87701e+07 (0.0401545) uni=7.43766e+07 (-0.0178615)
Step 5976 |A|=60000 |Bwin|=500 T=200 L=27
  chamfer=7.59242e+07 qt=7.53927e+07 (-0.00700048) e2(strat)=7.26669e+07 (-0.0429021) uni=7.71636e+07 (0.0163235)
Step 6142 |A|=60000 |Bwin|=500 T=200 L=27
  chamfer=7.62646e+07 qt=8.14968e+07 (0.0686049) e2(strat)=7.74776e+07 (0.0159048) uni=7.72222e+07 (0.0125557)
Step 6308 |A|=60000 |Bwin|=500 T=200 L=27
  chamfer=7.62956e+07 qt=7.74303e+07 (0.0148721) e2(strat)=7.61504e+07 (-0.00190361) uni=7.50964e+07 (-0.015718)
Step 6474 |A|=60000 |Bwin|=500 T=200 L=27
  chamfer=7.62056e+07 qt=7.1033e+07 (-0.0678768) e2(strat)=7.67466e+07 (0.00709938) uni=7.81404e+07 (0.0253885)
Step 6640 |A|=60000 |Bwin|=500 T=200 L=27
  chamfer=7.62003e+07 qt=8.00565e+07 (0.0506059) e2(strat)=7.5755e+07 (-0.00584401) uni=7.53673e+07 (-0.0109312)
Step 6806 |A|=60000 |Bwin|=500 T=200 L=27
  chamfer=7.63876e+07 qt=7.48743e+07 (-0.0198097) e2(strat)=7.4131e+07 (-0.0295403) uni=7.478e+07 (-0.021044)
Step 6972 |A|=60000 |Bwin|=500 T=200 L=27
  chamfer=7.66988e+07 qt=7.48547e+07 (-0.0240429) e2(strat)=7.80816e+07 (0.0180293) uni=7.54748e+07 (-0.0159581)
Step 7138 |A|=60000 |Bwin|=500 T=200 L=27
  chamfer=7.6005e+07 qt=7.72717e+07 (0.0166659) e2(strat)=7.67766e+07 (0.0101524) uni=7.6335e+07 (0.00434158)
Step 7304 |A|=60000 |Bwin|=500 T=200 L=27
  chamfer=7.59728e+07 qt=7.29988e+07 (-0.0391449) e2(strat)=7.54264e+07 (-0.00719121) uni=7.64451e+07 (0.00621701)
Step 7470 |A|=60000 |Bwin|=500 T=200 L=27
  chamfer=7.57001e+07 qt=8.10114e+07 (0.0701626) e2(strat)=7.51632e+07 (-0.00709209) uni=7.58832e+07 (0.00241925)
Step 7636 |A|=60000 |Bwin|=500 T=200 L=27
  chamfer=7.59814e+07 qt=7.76787e+07 (0.0223381) e2(strat)=7.64637e+07 (0.00634682) uni=7.51783e+07 (-0.01057)
Step 7802 |A|=60000 |Bwin|=500 T=200 L=27
  chamfer=7.57592e+07 qt=7.51577e+07 (-0.00794065) e2(strat)=7.80333e+07 (0.0300174) uni=7.63065e+07 (0.00722316)
Step 7968 |A|=60000 |Bwin|=500 T=200 L=27
  chamfer=7.60701e+07 qt=7.55843e+07 (-0.00638707) e2(strat)=7.7722e+07 (0.0217158) uni=7.67404e+07 (0.00881078)
Step 8134 |A|=60000 |Bwin|=500 T=200 L=27
  chamfer=7.59887e+07 qt=7.47478e+07 (-0.0163301) e2(strat)=7.65387e+07 (0.00723856) uni=7.70305e+07 (0.0137104)
Step 8300 |A|=60000 |Bwin|=500 T=200 L=27
  chamfer=7.64099e+07 qt=7.46981e+07 (-0.0224031) e2(strat)=7.58599e+07 (-0.00719779) uni=7.63276e+07 (-0.00107746)
Step 8466 |A|=60000 |Bwin|=500 T=200 L=27
  chamfer=7.60042e+07 qt=7.80928e+07 (0.0274804) e2(strat)=7.29786e+07 (-0.0398077) uni=7.63886e+07 (0.00505772)
Step 8632 |A|=60000 |Bwin|=500 T=200 L=27
  chamfer=7.5934e+07 qt=7.55615e+07 (-0.0049052) e2(strat)=7.44215e+07 (-0.0199177) uni=7.35978e+07 (-0.0307654)
Step 8798 |A|=60000 |Bwin|=500 T=200 L=27
  chamfer=7.56676e+07 qt=7.81058e+07 (0.0322237) e2(strat)=7.69051e+07 (0.0163545) uni=7.64819e+07 (0.0107626)
Step 8964 |A|=60000 |Bwin|=500 T=200 L=27
  chamfer=7.57289e+07 qt=7.50521e+07 (-0.00893754) e2(strat)=7.90253e+07 (0.0435289) uni=7.51186e+07 (-0.00805896)
Step 9130 |A|=60000 |Bwin|=500 T=200 L=27
  chamfer=7.59564e+07 qt=7.84463e+07 (0.032781) e2(strat)=7.55116e+07 (-0.00585519) uni=7.35158e+07 (-0.0321318)
Step 9296 |A|=60000 |Bwin|=500 T=200 L=27
  chamfer=7.60682e+07 qt=8.00342e+07 (0.0521374) e2(strat)=7.74313e+07 (0.0179205) uni=7.64391e+07 (0.00487622)
Step 9462 |A|=60000 |Bwin|=500 T=200 L=27
  chamfer=7.62539e+07 qt=7.27561e+07 (-0.0458707) e2(strat)=7.51537e+07 (-0.0144283) uni=7.79407e+07 (0.0221214)
Step 9628 |A|=60000 |Bwin|=500 T=200 L=27
  chamfer=7.62601e+07 qt=7.58616e+07 (-0.00522614) e2(strat)=7.59395e+07 (-0.00420451) uni=7.47078e+07 (-0.0203548)
Step 9794 |A|=60000 |Bwin|=500 T=200 L=27
  chamfer=7.59861e+07 qt=7.82e+07 (0.0291361) e2(strat)=7.45102e+07 (-0.0194232) uni=7.5489e+07 (-0.0065421)
Step 9960 |A|=60000 |Bwin|=500 T=200 L=27
  chamfer=7.59066e+07 qt=7.58591e+07 (-0.000627025) e2(strat)=7.64291e+07 (0.00688268) uni=7.56045e+07 (-0.00398069)

========== TIMING SUMMARY (ms) ==========
E2LSH K=98 L_final=27 queries=57 update_ops=10000
wall_ms_total=15320.354
per_update_ms e2lsh=0.118 quadtree=0.330 uniform=0.069 benchmark=0.000
--- QuadTree ---
  init_insert_A_ms=7936.630
  update_ms_total=2569.593  update_ms_avg=0.257
  query_ms_total=730.426  query_ms_avg=12.814
--- E2LSH structure ---
  init_insert_A_ms=1462.493
  update_ms_total=430.088  update_ms_avg=0.043
--- E2LSH stratified ---
  query_ms_total=745.792  query_ms_avg=13.084
--- Optional ---
  uniform_query_ms_total=690.788  uniform_query_ms_avg=12.119
  exact_chamfer mode=cache update_ms_total=0.000 update_ms_avg=0.000 query_ms_total=0.049 query_ms_avg=0.001 path=D:\Develop\native-l2-e2lsh-chamfer\output\paper_uni\fashion\exact_no\exact_cache.csv
=========================================
Done. queries=57 wrote D:\Develop\native-l2-e2lsh-chamfer\output\paper_uni\fashion\no_seed2\compare_cost_log.csv
Wrote timing summary to D:\Develop\native-l2-e2lsh-chamfer\output\paper_uni\fashion\no_seed2\timing_summary.json

========== E2LSH BREAKDOWN (ms) ==========
insertA total=1445.54 (h0=653.04 hash=46.85 exact=125.11 map=0.00 coord_io=0.00 posting=0.00 resolve=530.49 sampler=24.16 other=65.88)
insertB total=338.92 (h0=115.29 resolve=111.91 exact+sampler=105.28 other=6.44)
deleteB total=85.17 (membership=75.38 exact+sampler=3.40 other=6.38)
expandTop total=0.24 count=27
query total=743.95 (sample=48.97 Da=0.00 NN=694.87 overhead=0.11 io=0.00 reads=0)
fractions of profiled E2LSH (2613.81 ms): NN=26.58% sample=1.87% Da=0.00% structure=71.54%
==========================================
