seed=5 e2lsh_only=1 estimator=queryStratified T_override=300
loading D:\Develop\native-l2-e2lsh-chamfer\data\SIFT/base_with_outlier.f32bin (flat f32 stream for e2lsh-only)
loading D:\Develop\native-l2-e2lsh-chamfer\data\SIFT/query.f32bin
window_size=500 query_interval=166 |A|=1000001 |B|=10000 dim=128 (flat-A)
exact=cache hit path=D:\Develop\native-l2-e2lsh-chamfer\output\paper_uni\sift\exact_out\exact_cache.csv entries=57
omp_threads=1
E2LSH-only mode: skipping QuadTree and Uniform
E2LSH K=120 rho=0.0001 n_max=1100000 (formula: K=max(1,ceil(4*ln(8*n_max^2)))) backend=ram
E2LSH insertA progress 114688/1000001
E2LSH insertA progress 212992/1000001
E2LSH insertA progress 311296/1000001
E2LSH insertA progress 409600/1000001
E2LSH insertA progress 507904/1000001
E2LSH insertA progress 606208/1000001
E2LSH insertA progress 704512/1000001
E2LSH insertA progress 802816/1000001
E2LSH insertA progress 901120/1000001
E2LSH insertA progress 1000001/1000001
E2LSH A insert done in 49395.3 ms L=40 D=2.19903e+14
strata invariant OK sumN=1000001 pos=1000001
Step 664 |A|=1000001 |Bwin|=500 T=300 L=40
  chamfer=3.21147e+08 strat=3.18346e+08 (-0.00872035)
Step 830 |A|=1000001 |Bwin|=500 T=300 L=40
  chamfer=3.19172e+08 strat=3.17269e+08 (-0.00596113)
Step 996 |A|=1000001 |Bwin|=500 T=300 L=40
  chamfer=3.2028e+08 strat=3.22277e+08 (0.00623607)
Step 1162 |A|=1000001 |Bwin|=500 T=300 L=40
  chamfer=3.20468e+08 strat=3.20083e+08 (-0.00120267)
Step 1328 |A|=1000001 |Bwin|=500 T=300 L=40
  chamfer=3.22114e+08 strat=3.21023e+08 (-0.0033853)
Step 1494 |A|=1000001 |Bwin|=500 T=300 L=40
  chamfer=3.19682e+08 strat=3.21494e+08 (0.00566804)
Step 1660 |A|=1000001 |Bwin|=500 T=300 L=40
  chamfer=3.20633e+08 strat=3.16876e+08 (-0.011716)
Step 1826 |A|=1000001 |Bwin|=500 T=300 L=40
  chamfer=3.23014e+08 strat=3.24861e+08 (0.00571865)
Step 1992 |A|=1000001 |Bwin|=500 T=300 L=40
  chamfer=3.23018e+08 strat=3.24844e+08 (0.00565267)
Step 2158 |A|=1000001 |Bwin|=500 T=300 L=40
  chamfer=3.21116e+08 strat=3.1572e+08 (-0.0168052)
Step 2324 |A|=1000001 |Bwin|=500 T=300 L=40
  chamfer=3.19201e+08 strat=3.13594e+08 (-0.0175658)
Step 2490 |A|=1000001 |Bwin|=500 T=300 L=40
  chamfer=3.20775e+08 strat=3.26077e+08 (0.0165279)
Step 2656 |A|=1000001 |Bwin|=500 T=300 L=40
  chamfer=3.22251e+08 strat=3.24576e+08 (0.00721356)
Step 2822 |A|=1000001 |Bwin|=500 T=300 L=40
  chamfer=3.21702e+08 strat=3.26412e+08 (0.0146424)
Step 2988 |A|=1000001 |Bwin|=500 T=300 L=40
  chamfer=3.2167e+08 strat=3.24645e+08 (0.00924733)
Step 3154 |A|=1000001 |Bwin|=500 T=300 L=40
  chamfer=3.21689e+08 strat=3.2202e+08 (0.00102866)
Step 3320 |A|=1000001 |Bwin|=500 T=300 L=40
  chamfer=3.20946e+08 strat=3.26947e+08 (0.0186963)
Step 3486 |A|=1000001 |Bwin|=500 T=300 L=40
  chamfer=3.19296e+08 strat=3.22045e+08 (0.00860777)
Step 3652 |A|=1000001 |Bwin|=500 T=300 L=40
  chamfer=3.19129e+08 strat=3.21531e+08 (0.00752668)
Step 3818 |A|=1000001 |Bwin|=500 T=300 L=40
  chamfer=3.19181e+08 strat=3.15466e+08 (-0.0116402)
Step 3984 |A|=1000001 |Bwin|=500 T=300 L=40
  chamfer=3.18145e+08 strat=3.19795e+08 (0.00518547)
Step 4150 |A|=1000001 |Bwin|=500 T=300 L=40
  chamfer=3.18606e+08 strat=3.17356e+08 (-0.00392361)
Step 4316 |A|=1000001 |Bwin|=500 T=300 L=40
  chamfer=3.1861e+08 strat=3.16806e+08 (-0.00566119)
Step 4482 |A|=1000001 |Bwin|=500 T=300 L=40
  chamfer=3.19053e+08 strat=3.2251e+08 (0.0108341)
Step 4648 |A|=1000001 |Bwin|=500 T=300 L=40
  chamfer=3.20291e+08 strat=3.16112e+08 (-0.0130458)
Step 4814 |A|=1000001 |Bwin|=500 T=300 L=40
  chamfer=3.21117e+08 strat=3.21836e+08 (0.00223981)
Step 4980 |A|=1000001 |Bwin|=500 T=300 L=40
  chamfer=3.18723e+08 strat=3.1447e+08 (-0.0133424)
Step 5146 |A|=1000001 |Bwin|=500 T=300 L=40
  chamfer=3.17604e+08 strat=3.17492e+08 (-0.000354051)
Step 5312 |A|=1000001 |Bwin|=500 T=300 L=40
  chamfer=3.1915e+08 strat=3.16815e+08 (-0.00731657)
Step 5478 |A|=1000001 |Bwin|=500 T=300 L=40
  chamfer=3.20647e+08 strat=3.17821e+08 (-0.0088135)
Step 5644 |A|=1000001 |Bwin|=500 T=300 L=40
  chamfer=3.21955e+08 strat=3.19574e+08 (-0.00739643)
Step 5810 |A|=1000001 |Bwin|=500 T=300 L=40
  chamfer=3.2075e+08 strat=3.19221e+08 (-0.00476578)
Step 5976 |A|=1000001 |Bwin|=500 T=300 L=40
  chamfer=3.21587e+08 strat=3.28621e+08 (0.0218715)
Step 6142 |A|=1000001 |Bwin|=500 T=300 L=40
  chamfer=3.21821e+08 strat=3.20758e+08 (-0.00330385)
Step 6308 |A|=1000001 |Bwin|=500 T=300 L=40
  chamfer=3.20446e+08 strat=3.24357e+08 (0.0122057)
Step 6474 |A|=1000001 |Bwin|=500 T=300 L=40
  chamfer=3.22557e+08 strat=3.23694e+08 (0.00352463)
Step 6640 |A|=1000001 |Bwin|=500 T=300 L=40
  chamfer=3.21159e+08 strat=3.18203e+08 (-0.0092047)
Step 6806 |A|=1000001 |Bwin|=500 T=300 L=40
  chamfer=3.20831e+08 strat=3.25388e+08 (0.0142043)
Step 6972 |A|=1000001 |Bwin|=500 T=300 L=40
  chamfer=3.18739e+08 strat=3.21488e+08 (0.00862565)
Step 7138 |A|=1000001 |Bwin|=500 T=300 L=40
  chamfer=3.20015e+08 strat=3.20656e+08 (0.00200424)
Step 7304 |A|=1000001 |Bwin|=500 T=300 L=40
  chamfer=3.22e+08 strat=3.25551e+08 (0.0110281)
Step 7470 |A|=1000001 |Bwin|=500 T=300 L=40
  chamfer=3.21457e+08 strat=3.21145e+08 (-0.00097031)
Step 7636 |A|=1000001 |Bwin|=500 T=300 L=40
  chamfer=3.20743e+08 strat=3.19724e+08 (-0.00317705)
Step 7802 |A|=1000001 |Bwin|=500 T=300 L=40
  chamfer=3.1956e+08 strat=3.19252e+08 (-0.000965042)
Step 7968 |A|=1000001 |Bwin|=500 T=300 L=40
  chamfer=3.19243e+08 strat=3.18665e+08 (-0.00181092)
Step 8134 |A|=1000001 |Bwin|=500 T=300 L=40
  chamfer=3.19891e+08 strat=3.2747e+08 (0.0236912)
Step 8300 |A|=1000001 |Bwin|=500 T=300 L=40
  chamfer=3.20332e+08 strat=3.14777e+08 (-0.0173411)
Step 8466 |A|=1000001 |Bwin|=500 T=300 L=40
  chamfer=3.18576e+08 strat=3.20579e+08 (0.0062858)
Step 8632 |A|=1000001 |Bwin|=500 T=300 L=40
  chamfer=3.18869e+08 strat=3.24442e+08 (0.0174752)
Step 8798 |A|=1000001 |Bwin|=500 T=300 L=40
  chamfer=3.19895e+08 strat=3.23639e+08 (0.011705)
Step 8964 |A|=1000001 |Bwin|=500 T=300 L=40
  chamfer=3.21954e+08 strat=3.22399e+08 (0.00138208)
Step 9130 |A|=1000001 |Bwin|=500 T=300 L=40
  chamfer=3.21025e+08 strat=3.27296e+08 (0.019534)
Step 9296 |A|=1000001 |Bwin|=500 T=300 L=40
  chamfer=3.20858e+08 strat=3.25854e+08 (0.0155681)
Step 9462 |A|=1000001 |Bwin|=500 T=300 L=40
  chamfer=3.22078e+08 strat=3.20548e+08 (-0.00474875)
Step 9628 |A|=1000001 |Bwin|=500 T=300 L=40
  chamfer=3.2385e+08 strat=3.25435e+08 (0.00489389)
Step 9794 |A|=1000001 |Bwin|=500 T=300 L=40
  chamfer=3.21881e+08 strat=3.27214e+08 (0.0165677)
Step 9960 |A|=1000001 |Bwin|=500 T=300 L=40
  chamfer=3.20103e+08 strat=3.17187e+08 (-0.00910959)

========== TIMING SUMMARY (ms) ==========
E2LSH K=120 L_final=40 queries=57 update_ops=10000 mode=e2lsh-only
wall_ms_total=50740.114
per_update_ms e2lsh=0.130 quadtree=0.000 uniform=0.000 benchmark=0.000
--- E2LSH structure ---
  init_insert_A_ms=49395.312
  update_ms_total=1157.111  update_ms_avg=0.116
--- E2LSH stratified ---
  query_ms_total=146.686  query_ms_avg=2.573
--- Optional ---
  exact_chamfer mode=cache update_ms_total=0.000 update_ms_avg=0.000 query_ms_total=0.036 query_ms_avg=0.001 path=D:\Develop\native-l2-e2lsh-chamfer\output\paper_uni\sift\exact_out\exact_cache.csv
=========================================
Done. queries=57 wrote D:\Develop\native-l2-e2lsh-chamfer\output\paper_uni\sift\out_e2_seed5\compare_cost_log.csv
Wrote timing summary to D:\Develop\native-l2-e2lsh-chamfer\output\paper_uni\sift\out_e2_seed5\timing_summary.json

========== E2LSH BREAKDOWN (ms) ==========
insertA total=40764.26 (h0=1388.14 hash=156.27 exact=855.07 map=0.00 coord_io=0.00 posting=0.00 resolve=9566.54 sampler=10614.05 other=18184.20)
insertB total=614.39 (h0=14.93 resolve=106.42 exact+sampler=490.55 other=2.49)
deleteB total=536.83 (membership=531.16 exact+sampler=3.39 other=2.29)
expandTop total=7682.20 count=40
query total=145.05 (sample=80.99 Da=0.00 NN=63.95 overhead=0.11 io=0.00 reads=0)
fractions of profiled E2LSH (49742.74 ms): NN=0.13% sample=0.16% Da=0.00% structure=99.71%
==========================================
