seed=4 e2lsh_only=1 no_outlier=1 estimator=queryStratified with_is=1 T_override=200
loading D:\Develop\native-l2-e2lsh-chamfer\data\Fashion-MNIST/train.f32bin (flat f32 stream for e2lsh-only)
loading D:\Develop\native-l2-e2lsh-chamfer\data\Fashion-MNIST/query.f32bin
window_size=500 query_interval=166 |A|=60000 |B|=10000 dim=784 (flat-A)
exact=cache hit path=output/sampling_ablation/fashion/exact_no/exact_cache.csv entries=57
omp_threads=1
E2LSH-only mode: skipping QuadTree and Uniform
E2LSH K=98 rho=0.0001 n_max=70000 (formula: K=max(1,ceil(4*ln(8*n_max^2)))) backend=ram
E2LSH insertA progress 60000/60000
E2LSH A insert done in 1670.73 ms L=27 D=1.61061e+09
strata invariant OK sumN=60000 pos=60000
Step 664 |A|=60000 |Bwin|=500 T=200 L=27
  chamfer=7.6214e+07 strat=7.5686e+07 (-0.00692742) is=7.71831e+07 (0.0127159)
Step 830 |A|=60000 |Bwin|=500 T=200 L=27
  chamfer=7.60605e+07 strat=7.34151e+07 (-0.0347801) is=8.11488e+07 (0.0668981)
Step 996 |A|=60000 |Bwin|=500 T=200 L=27
  chamfer=7.61033e+07 strat=7.62795e+07 (0.00231482) is=7.40225e+07 (-0.0273424)
Step 1162 |A|=60000 |Bwin|=500 T=200 L=27
  chamfer=7.6046e+07 strat=7.42252e+07 (-0.0239432) is=7.7021e+07 (0.0128219)
Step 1328 |A|=60000 |Bwin|=500 T=200 L=27
  chamfer=7.61793e+07 strat=7.6189e+07 (0.000127362) is=8.07568e+07 (0.0600889)
Step 1494 |A|=60000 |Bwin|=500 T=200 L=27
  chamfer=7.56485e+07 strat=7.47746e+07 (-0.011552) is=7.73432e+07 (0.0224023)
Step 1660 |A|=60000 |Bwin|=500 T=200 L=27
  chamfer=7.55099e+07 strat=7.4498e+07 (-0.0133998) is=7.26807e+07 (-0.0374675)
Step 1826 |A|=60000 |Bwin|=500 T=200 L=27
  chamfer=7.51453e+07 strat=7.61091e+07 (0.0128263) is=7.47939e+07 (-0.00467594)
Step 1992 |A|=60000 |Bwin|=500 T=200 L=27
  chamfer=7.5252e+07 strat=7.39166e+07 (-0.0177465) is=7.28578e+07 (-0.0318163)
Step 2158 |A|=60000 |Bwin|=500 T=200 L=27
  chamfer=7.52739e+07 strat=7.61705e+07 (0.0119117) is=7.0552e+07 (-0.0627291)
Step 2324 |A|=60000 |Bwin|=500 T=200 L=27
  chamfer=7.61659e+07 strat=7.58597e+07 (-0.00401987) is=7.85831e+07 (0.0317367)
Step 2490 |A|=60000 |Bwin|=500 T=200 L=27
  chamfer=7.61729e+07 strat=7.4146e+07 (-0.026609) is=7.78695e+07 (0.0222734)
Step 2656 |A|=60000 |Bwin|=500 T=200 L=27
  chamfer=7.59201e+07 strat=7.68783e+07 (0.0126211) is=7.39809e+07 (-0.0255426)
Step 2822 |A|=60000 |Bwin|=500 T=200 L=27
  chamfer=7.5441e+07 strat=7.54406e+07 (-5.81481e-06) is=7.62863e+07 (0.0112048)
Step 2988 |A|=60000 |Bwin|=500 T=200 L=27
  chamfer=7.58256e+07 strat=7.43718e+07 (-0.0191731) is=7.5436e+07 (-0.00513851)
Step 3154 |A|=60000 |Bwin|=500 T=200 L=27
  chamfer=7.61174e+07 strat=7.7264e+07 (0.0150633) is=7.59786e+07 (-0.00182283)
Step 3320 |A|=60000 |Bwin|=500 T=200 L=27
  chamfer=7.61798e+07 strat=7.65831e+07 (0.00529401) is=7.70251e+07 (0.0110957)
Step 3486 |A|=60000 |Bwin|=500 T=200 L=27
  chamfer=7.59083e+07 strat=7.79872e+07 (0.0273862) is=7.39013e+07 (-0.02644)
Step 3652 |A|=60000 |Bwin|=500 T=200 L=27
  chamfer=7.59131e+07 strat=7.74808e+07 (0.0206506) is=7.98402e+07 (0.0517315)
Step 3818 |A|=60000 |Bwin|=500 T=200 L=27
  chamfer=7.58834e+07 strat=7.52134e+07 (-0.00882859) is=7.96819e+07 (0.0500573)
Step 3984 |A|=60000 |Bwin|=500 T=200 L=27
  chamfer=7.59164e+07 strat=7.5786e+07 (-0.00171835) is=7.54299e+07 (-0.00640867)
Step 4150 |A|=60000 |Bwin|=500 T=200 L=27
  chamfer=7.60795e+07 strat=7.56968e+07 (-0.0050301) is=7.76885e+07 (0.0211486)
Step 4316 |A|=60000 |Bwin|=500 T=200 L=27
  chamfer=7.60934e+07 strat=7.60915e+07 (-2.54164e-05) is=7.86783e+07 (0.0339702)
Step 4482 |A|=60000 |Bwin|=500 T=200 L=27
  chamfer=7.59757e+07 strat=7.80452e+07 (0.0272387) is=7.88588e+07 (0.0379472)
Step 4648 |A|=60000 |Bwin|=500 T=200 L=27
  chamfer=7.60508e+07 strat=7.45931e+07 (-0.019168) is=7.72524e+07 (0.0157991)
Step 4814 |A|=60000 |Bwin|=500 T=200 L=27
  chamfer=7.58275e+07 strat=7.38185e+07 (-0.0264942) is=8.18417e+07 (0.0793143)
Step 4980 |A|=60000 |Bwin|=500 T=200 L=27
  chamfer=7.5775e+07 strat=7.48203e+07 (-0.0125983) is=7.35841e+07 (-0.0289124)
Step 5146 |A|=60000 |Bwin|=500 T=200 L=27
  chamfer=7.6206e+07 strat=7.56843e+07 (-0.00684593) is=7.53512e+07 (-0.0112165)
Step 5312 |A|=60000 |Bwin|=500 T=200 L=27
  chamfer=7.59706e+07 strat=7.57295e+07 (-0.00317327) is=7.96862e+07 (0.0489076)
Step 5478 |A|=60000 |Bwin|=500 T=200 L=27
  chamfer=7.58271e+07 strat=7.5013e+07 (-0.010737) is=7.7897e+07 (0.027297)
Step 5644 |A|=60000 |Bwin|=500 T=200 L=27
  chamfer=7.56264e+07 strat=7.72204e+07 (0.0210778) is=7.94286e+07 (0.0502759)
Step 5810 |A|=60000 |Bwin|=500 T=200 L=27
  chamfer=7.57292e+07 strat=7.33353e+07 (-0.0316117) is=7.90409e+07 (0.0437306)
Step 5976 |A|=60000 |Bwin|=500 T=200 L=27
  chamfer=7.59242e+07 strat=7.82528e+07 (0.0306694) is=7.56939e+07 (-0.00303325)
Step 6142 |A|=60000 |Bwin|=500 T=200 L=27
  chamfer=7.62646e+07 strat=7.77009e+07 (0.0188333) is=7.66037e+07 (0.00444598)
Step 6308 |A|=60000 |Bwin|=500 T=200 L=27
  chamfer=7.62956e+07 strat=7.63092e+07 (0.000178054) is=7.45527e+07 (-0.0228437)
Step 6474 |A|=60000 |Bwin|=500 T=200 L=27
  chamfer=7.62056e+07 strat=7.54106e+07 (-0.0104322) is=7.83049e+07 (0.0275472)
Step 6640 |A|=60000 |Bwin|=500 T=200 L=27
  chamfer=7.62003e+07 strat=7.64189e+07 (0.00286971) is=7.77515e+07 (0.020357)
Step 6806 |A|=60000 |Bwin|=500 T=200 L=27
  chamfer=7.63876e+07 strat=7.51891e+07 (-0.0156891) is=7.84999e+07 (0.0276531)
Step 6972 |A|=60000 |Bwin|=500 T=200 L=27
  chamfer=7.66988e+07 strat=7.86356e+07 (0.0252524) is=7.98295e+07 (0.0408182)
Step 7138 |A|=60000 |Bwin|=500 T=200 L=27
  chamfer=7.6005e+07 strat=7.22059e+07 (-0.0499848) is=7.64896e+07 (0.00637625)
Step 7304 |A|=60000 |Bwin|=500 T=200 L=27
  chamfer=7.59728e+07 strat=7.61478e+07 (0.00230324) is=7.95556e+07 (0.0471591)
Step 7470 |A|=60000 |Bwin|=500 T=200 L=27
  chamfer=7.57001e+07 strat=7.60456e+07 (0.00456434) is=7.79426e+07 (0.029623)
Step 7636 |A|=60000 |Bwin|=500 T=200 L=27
  chamfer=7.59814e+07 strat=7.5827e+07 (-0.00203291) is=7.71305e+07 (0.0151234)
Step 7802 |A|=60000 |Bwin|=500 T=200 L=27
  chamfer=7.57592e+07 strat=7.41174e+07 (-0.0216717) is=7.2995e+07 (-0.0364877)
Step 7968 |A|=60000 |Bwin|=500 T=200 L=27
  chamfer=7.60701e+07 strat=7.76464e+07 (0.0207211) is=7.44897e+07 (-0.0207759)
Step 8134 |A|=60000 |Bwin|=500 T=200 L=27
  chamfer=7.59887e+07 strat=7.53004e+07 (-0.0090578) is=7.8068e+07 (0.0273629)
Step 8300 |A|=60000 |Bwin|=500 T=200 L=27
  chamfer=7.64099e+07 strat=7.76194e+07 (0.0158298) is=7.78186e+07 (0.0184358)
Step 8466 |A|=60000 |Bwin|=500 T=200 L=27
  chamfer=7.60042e+07 strat=7.61369e+07 (0.00174623) is=7.85818e+07 (0.0339144)
Step 8632 |A|=60000 |Bwin|=500 T=200 L=27
  chamfer=7.5934e+07 strat=7.66568e+07 (0.00951981) is=7.52303e+07 (-0.00926708)
Step 8798 |A|=60000 |Bwin|=500 T=200 L=27
  chamfer=7.56676e+07 strat=7.4335e+07 (-0.0176112) is=7.55245e+07 (-0.00189064)
Step 8964 |A|=60000 |Bwin|=500 T=200 L=27
  chamfer=7.57289e+07 strat=7.62156e+07 (0.00642599) is=7.67917e+07 (0.0140333)
Step 9130 |A|=60000 |Bwin|=500 T=200 L=27
  chamfer=7.59564e+07 strat=7.57984e+07 (-0.00208021) is=8.05371e+07 (0.0603071)
Step 9296 |A|=60000 |Bwin|=500 T=200 L=27
  chamfer=7.60682e+07 strat=7.75708e+07 (0.019754) is=7.72399e+07 (0.0154036)
Step 9462 |A|=60000 |Bwin|=500 T=200 L=27
  chamfer=7.62539e+07 strat=7.59343e+07 (-0.00419049) is=7.40527e+07 (-0.0288666)
Step 9628 |A|=60000 |Bwin|=500 T=200 L=27
  chamfer=7.62601e+07 strat=7.48969e+07 (-0.0178763) is=7.90705e+07 (0.0368533)
Step 9794 |A|=60000 |Bwin|=500 T=200 L=27
  chamfer=7.59861e+07 strat=7.413e+07 (-0.0244261) is=7.59563e+07 (-0.000391904)
Step 9960 |A|=60000 |Bwin|=500 T=200 L=27
  chamfer=7.59066e+07 strat=7.80631e+07 (0.0284089) is=7.60754e+07 (0.00222324)

========== TIMING SUMMARY (ms) ==========
E2LSH K=98 L_final=27 queries=57 update_ops=10000 mode=e2lsh-only
wall_ms_total=3639.110
per_update_ms e2lsh=0.114 quadtree=0.000 uniform=0.000 benchmark=0.000
--- E2LSH structure ---
  init_insert_A_ms=1670.734
  update_ms_total=387.488  update_ms_avg=0.039
--- E2LSH stratified ---
  query_ms_total=752.010  query_ms_avg=13.193
--- E2LSH importance ---
  query_ms_total=750.291  query_ms_avg=13.163
--- Optional ---
  exact_chamfer mode=cache update_ms_total=0.000 update_ms_avg=0.000 query_ms_total=0.046 query_ms_avg=0.001 path=output/sampling_ablation/fashion/exact_no/exact_cache.csv
=========================================
Done. queries=57 wrote D:\Develop\native-l2-e2lsh-chamfer\output\sampling_ablation\fashion\no_seed4\compare_cost_log.csv
Wrote timing summary to D:\Develop\native-l2-e2lsh-chamfer\output\sampling_ablation\fashion\no_seed4\timing_summary.json

========== E2LSH BREAKDOWN (ms) ==========
insertA total=1512.07 (h0=640.07 hash=45.43 exact=114.47 map=0.00 coord_io=0.00 posting=0.00 resolve=520.75 sampler=58.17 other=133.17)
insertB total=311.87 (h0=127.10 resolve=105.76 exact+sampler=72.62 other=6.39)
deleteB total=69.69 (membership=62.97 exact+sampler=2.83 other=3.89)
expandTop total=0.35 count=27
query total=1498.83 (sample=91.32 Da=0.00 NN=1407.38 overhead=0.13 io=0.00 reads=0)
fractions of profiled E2LSH (3392.79 ms): NN=41.48% sample=2.69% Da=0.00% structure=55.82%
==========================================
