seed=3 e2lsh_only=1 no_outlier=1 estimator=queryStratified T_override=300
loading D:\Develop\native-l2-e2lsh-chamfer\data\GIST_1M/base.f32bin (flat f32)
loading D:\Develop\native-l2-e2lsh-chamfer\data\GIST_1M/query.f32bin
window_size=50 query_interval=26 |A|=1000000 |B|=1000 dim=960 (flat-A)
exact=cache hit path=D:\Develop\native-l2-e2lsh-chamfer\output\paper_uni\gist\exact_no\exact_cache.csv entries=37
omp_threads=1
E2LSH-only mode: skipping QuadTree and Uniform
E2LSH K=120 rho=0.0001 n_max=1100000 (formula: K=max(1,ceil(4*ln(8*n_max^2)))) backend=ram
E2LSH insertA progress 114688/1000000
E2LSH insertA progress 212992/1000000
E2LSH insertA progress 311296/1000000
E2LSH insertA progress 409600/1000000
E2LSH insertA progress 507904/1000000
E2LSH insertA progress 606208/1000000
E2LSH insertA progress 704512/1000000
E2LSH insertA progress 802816/1000000
E2LSH insertA progress 901120/1000000
E2LSH insertA progress 1000000/1000000
E2LSH A insert done in 43560.4 ms L=18 D=5.24288e+07
strata invariant OK sumN=1000000 pos=1000000
Step 52 |A|=1000000 |Bwin|=50 T=300 L=18
  chamfer=1.43068e+06 strat=1.3865e+06 (-0.0308822)
Step 78 |A|=1000000 |Bwin|=50 T=300 L=18
  chamfer=1.43764e+06 strat=1.43177e+06 (-0.00408259)
Step 104 |A|=1000000 |Bwin|=50 T=300 L=18
  chamfer=1.43964e+06 strat=1.4253e+06 (-0.00995429)
Step 130 |A|=1000000 |Bwin|=50 T=300 L=18
  chamfer=1.4244e+06 strat=1.39126e+06 (-0.0232682)
Step 156 |A|=1000000 |Bwin|=50 T=300 L=18
  chamfer=1.38854e+06 strat=1.37619e+06 (-0.00890091)
Step 182 |A|=1000000 |Bwin|=50 T=300 L=18
  chamfer=1.39161e+06 strat=1.39663e+06 (0.00360937)
Step 208 |A|=1000000 |Bwin|=50 T=300 L=18
  chamfer=1.39431e+06 strat=1.45123e+06 (0.0408234)
Step 234 |A|=1000000 |Bwin|=50 T=300 L=18
  chamfer=1.38742e+06 strat=1.42051e+06 (0.0238487)
Step 260 |A|=1000000 |Bwin|=50 T=300 L=18
  chamfer=1.46081e+06 strat=1.43895e+06 (-0.0149678)
Step 286 |A|=1000000 |Bwin|=50 T=300 L=18
  chamfer=1.38259e+06 strat=1.42982e+06 (0.0341647)
Step 312 |A|=1000000 |Bwin|=50 T=300 L=18
  chamfer=1.38159e+06 strat=1.37621e+06 (-0.00389448)
Step 338 |A|=1000000 |Bwin|=50 T=300 L=18
  chamfer=1.40078e+06 strat=1.36955e+06 (-0.0222915)
Step 364 |A|=1000000 |Bwin|=50 T=300 L=18
  chamfer=1.39257e+06 strat=1.39095e+06 (-0.00116191)
Step 390 |A|=1000000 |Bwin|=50 T=300 L=18
  chamfer=1.40099e+06 strat=1.36304e+06 (-0.0270853)
Step 416 |A|=1000000 |Bwin|=50 T=300 L=18
  chamfer=1.39635e+06 strat=1.42493e+06 (0.0204704)
Step 442 |A|=1000000 |Bwin|=50 T=300 L=18
  chamfer=1.41795e+06 strat=1.38809e+06 (-0.0210591)
Step 468 |A|=1000000 |Bwin|=50 T=300 L=18
  chamfer=1.40323e+06 strat=1.4223e+06 (0.0135842)
Step 494 |A|=1000000 |Bwin|=50 T=300 L=18
  chamfer=1.38008e+06 strat=1.37524e+06 (-0.0035045)
Step 520 |A|=1000000 |Bwin|=50 T=300 L=18
  chamfer=1.38524e+06 strat=1.37032e+06 (-0.0107676)
Step 546 |A|=1000000 |Bwin|=50 T=300 L=18
  chamfer=1.37496e+06 strat=1.38622e+06 (0.00818814)
Step 572 |A|=1000000 |Bwin|=50 T=300 L=18
  chamfer=1.36314e+06 strat=1.36773e+06 (0.00337063)
Step 598 |A|=1000000 |Bwin|=50 T=300 L=18
  chamfer=1.3641e+06 strat=1.36792e+06 (0.00280291)
Step 624 |A|=1000000 |Bwin|=50 T=300 L=18
  chamfer=1.41717e+06 strat=1.44722e+06 (0.0212035)
Step 650 |A|=1000000 |Bwin|=50 T=300 L=18
  chamfer=1.39889e+06 strat=1.37809e+06 (-0.0148629)
Step 676 |A|=1000000 |Bwin|=50 T=300 L=18
  chamfer=1.4e+06 strat=1.36012e+06 (-0.0284855)
Step 702 |A|=1000000 |Bwin|=50 T=300 L=18
  chamfer=1.38996e+06 strat=1.41078e+06 (0.0149831)
Step 728 |A|=1000000 |Bwin|=50 T=300 L=18
  chamfer=1.38452e+06 strat=1.369e+06 (-0.0112074)
Step 754 |A|=1000000 |Bwin|=50 T=300 L=18
  chamfer=1.39187e+06 strat=1.40266e+06 (0.00774868)
Step 780 |A|=1000000 |Bwin|=50 T=300 L=18
  chamfer=1.38574e+06 strat=1.35616e+06 (-0.0213484)
Step 806 |A|=1000000 |Bwin|=50 T=300 L=18
  chamfer=1.38234e+06 strat=1.37579e+06 (-0.00473751)
Step 832 |A|=1000000 |Bwin|=50 T=300 L=18
  chamfer=1.3913e+06 strat=1.39425e+06 (0.00212444)
Step 858 |A|=1000000 |Bwin|=50 T=300 L=18
  chamfer=1.40652e+06 strat=1.43917e+06 (0.0232153)
Step 884 |A|=1000000 |Bwin|=50 T=300 L=18
  chamfer=1.39604e+06 strat=1.39679e+06 (0.000534321)
Step 910 |A|=1000000 |Bwin|=50 T=300 L=18
  chamfer=1.44517e+06 strat=1.48072e+06 (0.0245963)
Step 936 |A|=1000000 |Bwin|=50 T=300 L=18
  chamfer=1.41385e+06 strat=1.40305e+06 (-0.00764316)
Step 962 |A|=1000000 |Bwin|=50 T=300 L=18
  chamfer=1.38431e+06 strat=1.37899e+06 (-0.00383858)
Step 988 |A|=1000000 |Bwin|=50 T=300 L=18
  chamfer=1.40988e+06 strat=1.44834e+06 (0.0272782)

========== TIMING SUMMARY (ms) ==========
E2LSH K=120 L_final=18 queries=37 update_ops=1000 mode=e2lsh-only
wall_ms_total=44001.468
per_update_ms e2lsh=0.391 quadtree=0.000 uniform=0.000 benchmark=0.000
--- E2LSH structure ---
  init_insert_A_ms=43560.369
  update_ms_total=283.988  update_ms_avg=0.284
--- E2LSH stratified ---
  query_ms_total=107.060  query_ms_avg=2.894
--- Optional ---
  exact_chamfer mode=cache update_ms_total=0.000 update_ms_avg=0.000 query_ms_total=0.017 query_ms_avg=0.000 path=D:\Develop\native-l2-e2lsh-chamfer\output\paper_uni\gist\exact_no\exact_cache.csv
=========================================
Done. queries=37 wrote D:\Develop\native-l2-e2lsh-chamfer\output\paper_uni\gist\no_e2_seed3\compare_cost_log.csv
Wrote timing summary to D:\Develop\native-l2-e2lsh-chamfer\output\paper_uni\gist\no_e2_seed3\timing_summary.json

========== E2LSH BREAKDOWN (ms) ==========
insertA total=41189.59 (h0=10493.00 hash=861.27 exact=1865.26 map=0.00 coord_io=0.00 posting=0.00 resolve=5981.83 sampler=7479.78 other=14508.46)
insertB total=147.68 (h0=15.07 resolve=8.12 exact+sampler=122.67 other=1.83)
deleteB total=135.21 (membership=134.20 exact+sampler=0.37 other=0.64)
expandTop total=14.48 count=18
query total=105.66 (sample=35.21 Da=0.00 NN=70.41 overhead=0.04 io=0.00 reads=0)
fractions of profiled E2LSH (41592.63 ms): NN=0.17% sample=0.08% Da=0.00% structure=99.75%
==========================================
