seed=2 e2lsh_only=1 estimator=queryStratified T_override=300
loading D:\Develop\native-l2-e2lsh-chamfer\data\SIFT/base_with_outlier.f32bin (flat f32 stream for e2lsh-only)
loading D:\Develop\native-l2-e2lsh-chamfer\data\SIFT/query.f32bin
window_size=500 query_interval=166 |A|=1000001 |B|=10000 dim=128 (flat-A)
exact=cache hit path=D:\Develop\native-l2-e2lsh-chamfer\output\paper_uni\sift\exact_out\exact_cache.csv entries=57
omp_threads=1
E2LSH-only mode: skipping QuadTree and Uniform
E2LSH K=120 rho=0.0001 n_max=1100000 (formula: K=max(1,ceil(4*ln(8*n_max^2)))) backend=ram
E2LSH insertA progress 114688/1000001
E2LSH insertA progress 212992/1000001
E2LSH insertA progress 311296/1000001
E2LSH insertA progress 409600/1000001
E2LSH insertA progress 507904/1000001
E2LSH insertA progress 606208/1000001
E2LSH insertA progress 704512/1000001
E2LSH insertA progress 802816/1000001
E2LSH insertA progress 901120/1000001
E2LSH insertA progress 1000001/1000001
E2LSH A insert done in 50305.1 ms L=40 D=2.19903e+14
strata invariant OK sumN=1000001 pos=1000001
Step 664 |A|=1000001 |Bwin|=500 T=300 L=40
  chamfer=3.21147e+08 strat=3.24504e+08 (0.0104525)
Step 830 |A|=1000001 |Bwin|=500 T=300 L=40
  chamfer=3.19172e+08 strat=3.13954e+08 (-0.0163473)
Step 996 |A|=1000001 |Bwin|=500 T=300 L=40
  chamfer=3.2028e+08 strat=3.1112e+08 (-0.0286008)
Step 1162 |A|=1000001 |Bwin|=500 T=300 L=40
  chamfer=3.20468e+08 strat=3.23886e+08 (0.0106643)
Step 1328 |A|=1000001 |Bwin|=500 T=300 L=40
  chamfer=3.22114e+08 strat=3.18695e+08 (-0.0106125)
Step 1494 |A|=1000001 |Bwin|=500 T=300 L=40
  chamfer=3.19682e+08 strat=3.18255e+08 (-0.00446344)
Step 1660 |A|=1000001 |Bwin|=500 T=300 L=40
  chamfer=3.20633e+08 strat=3.21057e+08 (0.00132382)
Step 1826 |A|=1000001 |Bwin|=500 T=300 L=40
  chamfer=3.23014e+08 strat=3.25793e+08 (0.00860338)
Step 1992 |A|=1000001 |Bwin|=500 T=300 L=40
  chamfer=3.23018e+08 strat=3.23479e+08 (0.0014277)
Step 2158 |A|=1000001 |Bwin|=500 T=300 L=40
  chamfer=3.21116e+08 strat=3.24886e+08 (0.0117384)
Step 2324 |A|=1000001 |Bwin|=500 T=300 L=40
  chamfer=3.19201e+08 strat=3.18706e+08 (-0.00155154)
Step 2490 |A|=1000001 |Bwin|=500 T=300 L=40
  chamfer=3.20775e+08 strat=3.20308e+08 (-0.00145574)
Step 2656 |A|=1000001 |Bwin|=500 T=300 L=40
  chamfer=3.22251e+08 strat=3.2296e+08 (0.00219798)
Step 2822 |A|=1000001 |Bwin|=500 T=300 L=40
  chamfer=3.21702e+08 strat=3.12231e+08 (-0.0294403)
Step 2988 |A|=1000001 |Bwin|=500 T=300 L=40
  chamfer=3.2167e+08 strat=3.20982e+08 (-0.0021385)
Step 3154 |A|=1000001 |Bwin|=500 T=300 L=40
  chamfer=3.21689e+08 strat=3.21295e+08 (-0.0012237)
Step 3320 |A|=1000001 |Bwin|=500 T=300 L=40
  chamfer=3.20946e+08 strat=3.13445e+08 (-0.0233725)
Step 3486 |A|=1000001 |Bwin|=500 T=300 L=40
  chamfer=3.19296e+08 strat=3.21516e+08 (0.00695034)
Step 3652 |A|=1000001 |Bwin|=500 T=300 L=40
  chamfer=3.19129e+08 strat=3.16614e+08 (-0.00788251)
Step 3818 |A|=1000001 |Bwin|=500 T=300 L=40
  chamfer=3.19181e+08 strat=3.1347e+08 (-0.0178946)
Step 3984 |A|=1000001 |Bwin|=500 T=300 L=40
  chamfer=3.18145e+08 strat=3.15141e+08 (-0.00944159)
Step 4150 |A|=1000001 |Bwin|=500 T=300 L=40
  chamfer=3.18606e+08 strat=3.16004e+08 (-0.00816667)
Step 4316 |A|=1000001 |Bwin|=500 T=300 L=40
  chamfer=3.1861e+08 strat=3.13316e+08 (-0.0166157)
Step 4482 |A|=1000001 |Bwin|=500 T=300 L=40
  chamfer=3.19053e+08 strat=3.23255e+08 (0.0131682)
Step 4648 |A|=1000001 |Bwin|=500 T=300 L=40
  chamfer=3.20291e+08 strat=3.22348e+08 (0.00642115)
Step 4814 |A|=1000001 |Bwin|=500 T=300 L=40
  chamfer=3.21117e+08 strat=3.15809e+08 (-0.0165289)
Step 4980 |A|=1000001 |Bwin|=500 T=300 L=40
  chamfer=3.18723e+08 strat=3.16002e+08 (-0.00853586)
Step 5146 |A|=1000001 |Bwin|=500 T=300 L=40
  chamfer=3.17604e+08 strat=3.19671e+08 (0.00650841)
Step 5312 |A|=1000001 |Bwin|=500 T=300 L=40
  chamfer=3.1915e+08 strat=3.21102e+08 (0.00611807)
Step 5478 |A|=1000001 |Bwin|=500 T=300 L=40
  chamfer=3.20647e+08 strat=3.20849e+08 (0.000629813)
Step 5644 |A|=1000001 |Bwin|=500 T=300 L=40
  chamfer=3.21955e+08 strat=3.24014e+08 (0.00639538)
Step 5810 |A|=1000001 |Bwin|=500 T=300 L=40
  chamfer=3.2075e+08 strat=3.22199e+08 (0.00451735)
Step 5976 |A|=1000001 |Bwin|=500 T=300 L=40
  chamfer=3.21587e+08 strat=3.19601e+08 (-0.00617705)
Step 6142 |A|=1000001 |Bwin|=500 T=300 L=40
  chamfer=3.21821e+08 strat=3.2268e+08 (0.00266784)
Step 6308 |A|=1000001 |Bwin|=500 T=300 L=40
  chamfer=3.20446e+08 strat=3.21288e+08 (0.0026304)
Step 6474 |A|=1000001 |Bwin|=500 T=300 L=40
  chamfer=3.22557e+08 strat=3.2035e+08 (-0.0068441)
Step 6640 |A|=1000001 |Bwin|=500 T=300 L=40
  chamfer=3.21159e+08 strat=3.11455e+08 (-0.0302158)
Step 6806 |A|=1000001 |Bwin|=500 T=300 L=40
  chamfer=3.20831e+08 strat=3.2339e+08 (0.0079756)
Step 6972 |A|=1000001 |Bwin|=500 T=300 L=40
  chamfer=3.18739e+08 strat=3.26072e+08 (0.0230073)
Step 7138 |A|=1000001 |Bwin|=500 T=300 L=40
  chamfer=3.20015e+08 strat=3.15611e+08 (-0.0137597)
Step 7304 |A|=1000001 |Bwin|=500 T=300 L=40
  chamfer=3.22e+08 strat=3.25088e+08 (0.00958954)
Step 7470 |A|=1000001 |Bwin|=500 T=300 L=40
  chamfer=3.21457e+08 strat=3.21275e+08 (-0.000565578)
Step 7636 |A|=1000001 |Bwin|=500 T=300 L=40
  chamfer=3.20743e+08 strat=3.18309e+08 (-0.00758856)
Step 7802 |A|=1000001 |Bwin|=500 T=300 L=40
  chamfer=3.1956e+08 strat=3.17187e+08 (-0.00742781)
Step 7968 |A|=1000001 |Bwin|=500 T=300 L=40
  chamfer=3.19243e+08 strat=3.25528e+08 (0.0196882)
Step 8134 |A|=1000001 |Bwin|=500 T=300 L=40
  chamfer=3.19891e+08 strat=3.16718e+08 (-0.00991872)
Step 8300 |A|=1000001 |Bwin|=500 T=300 L=40
  chamfer=3.20332e+08 strat=3.2051e+08 (0.000555647)
Step 8466 |A|=1000001 |Bwin|=500 T=300 L=40
  chamfer=3.18576e+08 strat=3.1807e+08 (-0.00158711)
Step 8632 |A|=1000001 |Bwin|=500 T=300 L=40
  chamfer=3.18869e+08 strat=3.26627e+08 (0.02433)
Step 8798 |A|=1000001 |Bwin|=500 T=300 L=40
  chamfer=3.19895e+08 strat=3.2389e+08 (0.0124888)
Step 8964 |A|=1000001 |Bwin|=500 T=300 L=40
  chamfer=3.21954e+08 strat=3.23172e+08 (0.00378308)
Step 9130 |A|=1000001 |Bwin|=500 T=300 L=40
  chamfer=3.21025e+08 strat=3.21572e+08 (0.00170358)
Step 9296 |A|=1000001 |Bwin|=500 T=300 L=40
  chamfer=3.20858e+08 strat=3.17507e+08 (-0.0104458)
Step 9462 |A|=1000001 |Bwin|=500 T=300 L=40
  chamfer=3.22078e+08 strat=3.1817e+08 (-0.0121339)
Step 9628 |A|=1000001 |Bwin|=500 T=300 L=40
  chamfer=3.2385e+08 strat=3.21966e+08 (-0.0058175)
Step 9794 |A|=1000001 |Bwin|=500 T=300 L=40
  chamfer=3.21881e+08 strat=3.20088e+08 (-0.00557258)
Step 9960 |A|=1000001 |Bwin|=500 T=300 L=40
  chamfer=3.20103e+08 strat=3.21149e+08 (0.0032678)

========== TIMING SUMMARY (ms) ==========
E2LSH K=120 L_final=40 queries=57 update_ops=10000 mode=e2lsh-only
wall_ms_total=51495.243
per_update_ms e2lsh=0.115 quadtree=0.000 uniform=0.000 benchmark=0.000
--- E2LSH structure ---
  init_insert_A_ms=50305.051
  update_ms_total=975.832  update_ms_avg=0.098
--- E2LSH stratified ---
  query_ms_total=173.222  query_ms_avg=3.039
--- Optional ---
  exact_chamfer mode=cache update_ms_total=0.000 update_ms_avg=0.000 query_ms_total=0.032 query_ms_avg=0.001 path=D:\Develop\native-l2-e2lsh-chamfer\output\paper_uni\sift\exact_out\exact_cache.csv
=========================================
Done. queries=57 wrote D:\Develop\native-l2-e2lsh-chamfer\output\paper_uni\sift\out_e2_seed2\compare_cost_log.csv
Wrote timing summary to D:\Develop\native-l2-e2lsh-chamfer\output\paper_uni\sift\out_e2_seed2\timing_summary.json

========== E2LSH BREAKDOWN (ms) ==========
insertA total=41763.01 (h0=1384.80 hash=158.16 exact=878.52 map=0.00 coord_io=0.00 posting=0.00 resolve=9667.50 sampler=10942.98 other=18731.06)
insertB total=524.88 (h0=14.83 resolve=106.99 exact+sampler=400.69 other=2.37)
deleteB total=445.13 (membership=439.82 exact+sampler=3.19 other=2.12)
expandTop total=7583.89 count=40
query total=170.51 (sample=91.02 Da=0.00 NN=79.39 overhead=0.10 io=0.00 reads=0)
fractions of profiled E2LSH (50487.42 ms): NN=0.16% sample=0.18% Da=0.00% structure=99.66%
==========================================
