seed=2 quadtree_only=1 no_outlier=1 estimator=queryStratified T_override=300
loading D:\Develop\native-l2-e2lsh-chamfer\data\GIST_1M/base.f32bin (flat f32)
loading D:\Develop\native-l2-e2lsh-chamfer\data\GIST_1M/query.f32bin
window_size=50 query_interval=26 |A|=1000000 |B|=1000 dim=960 (flat-A)
exact=cache hit path=D:\Develop\native-l2-e2lsh-chamfer\output\paper_uni\gist\exact_no\exact_cache.csv entries=37
omp_threads=1
14.2725 0.0001
diameter=14.2725 aspect=142725 depth=18
qt_insert_A i=0 nodes=1 multis=0
qt_insert_A i=200000 nodes=3152183 multis=19335
qt_insert_A i=400000 nodes=6268937 multis=38788
qt_insert_A i=600000 nodes=9365535 multis=58754
qt_insert_A i=800000 nodes=12444042 multis=79518
QuadTree A insert done in 174845 ms
QuadTree-only mode: skipping E2LSH insertA
Step 52 |A|=1000000 |Bwin|=50 T=300
  chamfer=1.43068e+06 qt=1.45499e+06 (0.0169925) uni=1.40813e+06 (-0.0157626)
Step 78 |A|=1000000 |Bwin|=50 T=300
  chamfer=1.43764e+06 qt=1.4252e+06 (-0.00864782) uni=1.4386e+06 (0.000667292)
Step 104 |A|=1000000 |Bwin|=50 T=300
  chamfer=1.43964e+06 qt=1.48256e+06 (0.0298163) uni=1.45444e+06 (0.010281)
Step 130 |A|=1000000 |Bwin|=50 T=300
  chamfer=1.4244e+06 qt=1.41995e+06 (-0.00312508) uni=1.43984e+06 (0.0108331)
Step 156 |A|=1000000 |Bwin|=50 T=300
  chamfer=1.38854e+06 qt=1.3954e+06 (0.00493541) uni=1.41668e+06 (0.0202609)
Step 182 |A|=1000000 |Bwin|=50 T=300
  chamfer=1.39161e+06 qt=1.44189e+06 (0.0361357) uni=1.41533e+06 (0.0170433)
Step 208 |A|=1000000 |Bwin|=50 T=300
  chamfer=1.39431e+06 qt=1.40695e+06 (0.00906781) uni=1.41125e+06 (0.0121531)
Step 234 |A|=1000000 |Bwin|=50 T=300
  chamfer=1.38742e+06 qt=1.44505e+06 (0.0415382) uni=1.406e+06 (0.0133877)
Step 260 |A|=1000000 |Bwin|=50 T=300
  chamfer=1.46081e+06 qt=1.51175e+06 (0.034867) uni=1.46143e+06 (0.000421913)
Step 286 |A|=1000000 |Bwin|=50 T=300
  chamfer=1.38259e+06 qt=1.41221e+06 (0.0214232) uni=1.32413e+06 (-0.0422831)
Step 312 |A|=1000000 |Bwin|=50 T=300
  chamfer=1.38159e+06 qt=1.39179e+06 (0.0073862) uni=1.35311e+06 (-0.0206115)
Step 338 |A|=1000000 |Bwin|=50 T=300
  chamfer=1.40078e+06 qt=1.45652e+06 (0.0397909) uni=1.38468e+06 (-0.0114958)
Step 364 |A|=1000000 |Bwin|=50 T=300
  chamfer=1.39257e+06 qt=1.419e+06 (0.018976) uni=1.41715e+06 (0.0176473)
Step 390 |A|=1000000 |Bwin|=50 T=300
  chamfer=1.40099e+06 qt=1.42563e+06 (0.0175881) uni=1.34327e+06 (-0.0412007)
Step 416 |A|=1000000 |Bwin|=50 T=300
  chamfer=1.39635e+06 qt=1.32029e+06 (-0.0544735) uni=1.3879e+06 (-0.00604856)
Step 442 |A|=1000000 |Bwin|=50 T=300
  chamfer=1.41795e+06 qt=1.41144e+06 (-0.00459308) uni=1.41358e+06 (-0.00308133)
Step 468 |A|=1000000 |Bwin|=50 T=300
  chamfer=1.40323e+06 qt=1.38658e+06 (-0.0118657) uni=1.40101e+06 (-0.00158626)
Step 494 |A|=1000000 |Bwin|=50 T=300
  chamfer=1.38008e+06 qt=1.38524e+06 (0.00373956) uni=1.36169e+06 (-0.0133255)
Step 520 |A|=1000000 |Bwin|=50 T=300
  chamfer=1.38524e+06 qt=1.3487e+06 (-0.0263816) uni=1.36892e+06 (-0.0117793)
Step 546 |A|=1000000 |Bwin|=50 T=300
  chamfer=1.37496e+06 qt=1.3856e+06 (0.0077386) uni=1.35532e+06 (-0.0142816)
Step 572 |A|=1000000 |Bwin|=50 T=300
  chamfer=1.36314e+06 qt=1.37921e+06 (0.0117938) uni=1.34071e+06 (-0.0164494)
Step 598 |A|=1000000 |Bwin|=50 T=300
  chamfer=1.3641e+06 qt=1.31337e+06 (-0.0371861) uni=1.36298e+06 (-0.000815951)
Step 624 |A|=1000000 |Bwin|=50 T=300
  chamfer=1.41717e+06 qt=1.35741e+06 (-0.0421662) uni=1.41995e+06 (0.00196107)
Step 650 |A|=1000000 |Bwin|=50 T=300
  chamfer=1.39889e+06 qt=1.38326e+06 (-0.0111701) uni=1.42221e+06 (0.0166762)
Step 676 |A|=1000000 |Bwin|=50 T=300
  chamfer=1.4e+06 qt=1.39813e+06 (-0.00133881) uni=1.41809e+06 (0.0129167)
Step 702 |A|=1000000 |Bwin|=50 T=300
  chamfer=1.38996e+06 qt=1.4146e+06 (0.0177294) uni=1.3725e+06 (-0.0125595)
Step 728 |A|=1000000 |Bwin|=50 T=300
  chamfer=1.38452e+06 qt=1.37901e+06 (-0.00397715) uni=1.41128e+06 (0.0193296)
Step 754 |A|=1000000 |Bwin|=50 T=300
  chamfer=1.39187e+06 qt=1.38053e+06 (-0.00814984) uni=1.42126e+06 (0.0211151)
Step 780 |A|=1000000 |Bwin|=50 T=300
  chamfer=1.38574e+06 qt=1.32726e+06 (-0.0422054) uni=1.43094e+06 (0.0326164)
Step 806 |A|=1000000 |Bwin|=50 T=300
  chamfer=1.38234e+06 qt=1.45521e+06 (0.0527185) uni=1.37566e+06 (-0.00483055)
Step 832 |A|=1000000 |Bwin|=50 T=300
  chamfer=1.3913e+06 qt=1.31806e+06 (-0.0526403) uni=1.40079e+06 (0.00682087)
Step 858 |A|=1000000 |Bwin|=50 T=300
  chamfer=1.40652e+06 qt=1.29641e+06 (-0.0782888) uni=1.40221e+06 (-0.00306704)
Step 884 |A|=1000000 |Bwin|=50 T=300
  chamfer=1.39604e+06 qt=1.46397e+06 (0.0486556) uni=1.39742e+06 (0.000990123)
Step 910 |A|=1000000 |Bwin|=50 T=300
  chamfer=1.44517e+06 qt=1.47264e+06 (0.0190065) uni=1.4534e+06 (0.00569272)
Step 936 |A|=1000000 |Bwin|=50 T=300
  chamfer=1.41385e+06 qt=1.43994e+06 (0.0184521) uni=1.42033e+06 (0.00458072)
Step 962 |A|=1000000 |Bwin|=50 T=300
  chamfer=1.38431e+06 qt=1.32885e+06 (-0.0400598) uni=1.41932e+06 (0.0252945)
Step 988 |A|=1000000 |Bwin|=50 T=300
  chamfer=1.40988e+06 qt=1.36256e+06 (-0.0335626) uni=1.38822e+06 (-0.0153643)

========== TIMING SUMMARY (ms) ==========
E2LSH K=25 L_final=0 queries=37 update_ops=1000 mode=quadtree-only
wall_ms_total=178007.903
per_update_ms e2lsh=0.000 quadtree=0.615 uniform=0.059 benchmark=0.000
--- QuadTree ---
  init_insert_A_ms=174845.395
  update_ms_total=527.323  update_ms_avg=0.527
  query_ms_total=87.574  query_ms_avg=2.367
--- E2LSH structure ---
  init_insert_A_ms=0.000
  update_ms_total=0.000  update_ms_avg=0.000
--- E2LSH stratified ---
  query_ms_total=0.000  query_ms_avg=0.000
--- Optional ---
  uniform_query_ms_total=59.323  uniform_query_ms_avg=1.603
  exact_chamfer mode=cache update_ms_total=0.000 update_ms_avg=0.000 query_ms_total=0.030 query_ms_avg=0.001 path=D:\Develop\native-l2-e2lsh-chamfer\output\paper_uni\gist\exact_no\exact_cache.csv
=========================================
Done. queries=37 wrote D:\Develop\native-l2-e2lsh-chamfer\output\paper_uni\gist\no_qt_seed2\compare_cost_log.csv
Wrote timing summary to D:\Develop\native-l2-e2lsh-chamfer\output\paper_uni\gist\no_qt_seed2\timing_summary.json

========== E2LSH BREAKDOWN (ms) ==========
insertA total=0.00 (h0=0.00 hash=0.00 exact=0.00 map=0.00 coord_io=0.00 posting=0.00 resolve=0.00 sampler=0.00 other=0.00)
insertB total=0.00 (h0=0.00 resolve=0.00 exact+sampler=0.00 other=0.00)
deleteB total=0.00 (membership=0.00 exact+sampler=0.00 other=0.00)
expandTop total=0.00 count=0
query total=0.00 (sample=0.00 Da=0.00 NN=0.00 overhead=0.00 io=0.00 reads=0)
==========================================
