seed=3 no_outlier=1 dual_dynamic=1 estimator=queryStratified T_override=100
loading D:\Develop\native-l2-e2lsh-chamfer\data\Fashion-MNIST/train.f32bin
loading D:\Develop\native-l2-e2lsh-chamfer\data\Fashion-MNIST/query.f32bin
window_size=3500 query_interval=1166 |A|=60000 |B|=10000 dim=784
omp_threads=1
dual-dynamic schedule=proportional |A|=60000 |B|=10000 window=3500 query_interval=1166
9084.99 0.0001
diameter=9084.99 aspect=9.08499e+07 depth=27
E2LSH K=98 rho=0.0001 n_max=70000
Step 4664 |Awin|=3000 |Bwin|=500 T=100
NN_MICROBENCH reps=256 e2_ms=16.1559 flat_ms=17.4131 ratio_slow_over_fast=1.07782 e2_nB=500 flat_nB=500 note=timed status=OK sink=1.19537e+06
  chamfer=3.78523e+06 qt=3.78276e+06 e2=3.70112e+06 uni=3.98134e+06
Step 5830 |Awin|=3000 |Bwin|=500 T=100
  chamfer=3.81853e+06 qt=3.89455e+06 e2=3.90974e+06 uni=3.80197e+06
Step 6996 |Awin|=3000 |Bwin|=500 T=100
  chamfer=3.82538e+06 qt=3.9168e+06 e2=3.74607e+06 uni=3.66512e+06
Step 8162 |Awin|=3000 |Bwin|=500 T=100
  chamfer=3.80692e+06 qt=3.64763e+06 e2=3.78107e+06 uni=3.97695e+06
Step 9328 |Awin|=3000 |Bwin|=500 T=100
  chamfer=3.81354e+06 qt=4.07738e+06 e2=3.80386e+06 uni=3.91587e+06
Step 10494 |Awin|=3000 |Bwin|=500 T=100
  chamfer=3.77213e+06 qt=3.72129e+06 e2=3.72665e+06 uni=3.60908e+06
Step 11660 |Awin|=3000 |Bwin|=500 T=100
  chamfer=3.77617e+06 qt=3.59214e+06 e2=3.72079e+06 uni=3.62781e+06
Step 12826 |Awin|=3000 |Bwin|=500 T=100
  chamfer=3.78124e+06 qt=3.68621e+06 e2=3.67203e+06 uni=3.73446e+06
Step 13992 |Awin|=3000 |Bwin|=500 T=100
  chamfer=3.76624e+06 qt=3.66974e+06 e2=3.73121e+06 uni=3.75043e+06
Step 15158 |Awin|=3000 |Bwin|=500 T=100
  chamfer=3.768e+06 qt=3.53156e+06 e2=3.61731e+06 uni=3.76353e+06
Step 16324 |Awin|=3000 |Bwin|=500 T=100
  chamfer=3.78784e+06 qt=3.54604e+06 e2=3.87311e+06 uni=3.81067e+06
Step 17490 |Awin|=3000 |Bwin|=500 T=100
  chamfer=3.79184e+06 qt=3.90554e+06 e2=3.66704e+06 uni=3.74085e+06
Step 18656 |Awin|=3000 |Bwin|=500 T=100
  chamfer=3.79195e+06 qt=3.67527e+06 e2=3.82392e+06 uni=3.62563e+06
Step 19822 |Awin|=3000 |Bwin|=500 T=100
  chamfer=3.76424e+06 qt=3.69434e+06 e2=3.84106e+06 uni=3.7941e+06
Step 20988 |Awin|=3000 |Bwin|=500 T=100
  chamfer=3.80597e+06 qt=3.80954e+06 e2=3.84817e+06 uni=3.85231e+06
Step 22154 |Awin|=3000 |Bwin|=500 T=100
  chamfer=3.85275e+06 qt=3.77889e+06 e2=3.66066e+06 uni=3.87267e+06
Step 23320 |Awin|=3000 |Bwin|=500 T=100
  chamfer=3.85355e+06 qt=3.77258e+06 e2=3.82672e+06 uni=3.86113e+06
Step 24486 |Awin|=3000 |Bwin|=500 T=100
  chamfer=3.81352e+06 qt=3.68783e+06 e2=3.92499e+06 uni=3.70659e+06
Step 25652 |Awin|=3000 |Bwin|=500 T=100
  chamfer=3.81554e+06 qt=3.82088e+06 e2=3.67322e+06 uni=3.97911e+06
Step 26818 |Awin|=3000 |Bwin|=500 T=100
  chamfer=3.78469e+06 qt=4.12302e+06 e2=3.61755e+06 uni=3.7726e+06
Step 27984 |Awin|=3000 |Bwin|=500 T=100
  chamfer=3.78311e+06 qt=3.60418e+06 e2=3.66339e+06 uni=3.46223e+06
Step 29150 |Awin|=3000 |Bwin|=500 T=100
  chamfer=3.7984e+06 qt=3.6213e+06 e2=3.73834e+06 uni=3.83467e+06
Step 30316 |Awin|=3000 |Bwin|=500 T=100
  chamfer=3.82559e+06 qt=3.4654e+06 e2=3.83048e+06 uni=3.90861e+06
Step 31482 |Awin|=3000 |Bwin|=500 T=100
  chamfer=3.84686e+06 qt=3.73056e+06 e2=3.76548e+06 uni=3.84181e+06
Step 32648 |Awin|=3000 |Bwin|=500 T=100
  chamfer=3.83379e+06 qt=3.7339e+06 e2=3.83123e+06 uni=3.79722e+06
Step 33814 |Awin|=3000 |Bwin|=500 T=100
  chamfer=3.78658e+06 qt=3.73514e+06 e2=3.87007e+06 uni=3.84414e+06
Step 34980 |Awin|=3000 |Bwin|=500 T=100
  chamfer=3.77804e+06 qt=3.8313e+06 e2=3.90717e+06 uni=3.77589e+06
Step 36146 |Awin|=3000 |Bwin|=500 T=100
  chamfer=3.80358e+06 qt=3.77462e+06 e2=3.79375e+06 uni=3.75171e+06
Step 37312 |Awin|=3000 |Bwin|=500 T=100
  chamfer=3.79823e+06 qt=3.90762e+06 e2=3.81614e+06 uni=3.87558e+06
Step 38478 |Awin|=3000 |Bwin|=500 T=100
  chamfer=3.794e+06 qt=3.72458e+06 e2=3.68943e+06 uni=3.77011e+06
Step 39644 |Awin|=3000 |Bwin|=500 T=100
  chamfer=3.80105e+06 qt=3.84267e+06 e2=3.77885e+06 uni=3.94796e+06
Step 40810 |Awin|=3000 |Bwin|=500 T=100
  chamfer=3.81056e+06 qt=3.84399e+06 e2=3.73724e+06 uni=3.68971e+06
Step 41976 |Awin|=3000 |Bwin|=500 T=100
  chamfer=3.81428e+06 qt=3.64379e+06 e2=3.84914e+06 uni=3.56085e+06
Step 43142 |Awin|=3000 |Bwin|=500 T=100
  chamfer=3.8137e+06 qt=3.97396e+06 e2=3.83816e+06 uni=3.90395e+06
Step 44308 |Awin|=3000 |Bwin|=500 T=100
  chamfer=3.81876e+06 qt=3.99381e+06 e2=3.99208e+06 uni=3.5151e+06
Step 45474 |Awin|=3000 |Bwin|=500 T=100
  chamfer=3.80388e+06 qt=3.9169e+06 e2=3.83465e+06 uni=3.85448e+06
Step 46640 |Awin|=3000 |Bwin|=500 T=100
  chamfer=3.76588e+06 qt=3.95086e+06 e2=3.73061e+06 uni=3.79429e+06
Step 47806 |Awin|=3000 |Bwin|=500 T=100
  chamfer=3.79089e+06 qt=3.87549e+06 e2=3.89755e+06 uni=3.82965e+06
Step 48972 |Awin|=3000 |Bwin|=500 T=100
  chamfer=3.80229e+06 qt=3.83825e+06 e2=3.8534e+06 uni=3.81667e+06
Step 50138 |Awin|=3000 |Bwin|=500 T=100
  chamfer=3.75649e+06 qt=3.93678e+06 e2=3.77863e+06 uni=3.80569e+06
Step 51304 |Awin|=3000 |Bwin|=500 T=100
  chamfer=3.75348e+06 qt=3.92042e+06 e2=3.82485e+06 uni=3.71568e+06
Step 52470 |Awin|=3000 |Bwin|=500 T=100
  chamfer=3.74694e+06 qt=3.64668e+06 e2=3.61152e+06 uni=3.79198e+06
Step 53636 |Awin|=3000 |Bwin|=500 T=100
  chamfer=3.80419e+06 qt=3.96131e+06 e2=3.69097e+06 uni=3.75317e+06
Step 54802 |Awin|=3000 |Bwin|=500 T=100
  chamfer=3.78122e+06 qt=3.92048e+06 e2=3.80007e+06 uni=3.6614e+06
Step 55968 |Awin|=3000 |Bwin|=500 T=100
  chamfer=3.81358e+06 qt=3.69834e+06 e2=4.00019e+06 uni=3.78122e+06
Step 57134 |Awin|=3000 |Bwin|=500 T=100
  chamfer=3.78958e+06 qt=3.70887e+06 e2=3.72204e+06 uni=3.76563e+06
Step 58300 |Awin|=3000 |Bwin|=500 T=100
  chamfer=3.82145e+06 qt=3.84324e+06 e2=3.5818e+06 uni=3.87058e+06
Step 59466 |Awin|=3000 |Bwin|=500 T=100
  chamfer=3.80693e+06 qt=3.64487e+06 e2=3.75733e+06 uni=3.77928e+06
Step 60632 |Awin|=3000 |Bwin|=500 T=100
  chamfer=3.81707e+06 qt=3.84585e+06 e2=3.85013e+06 uni=3.79478e+06
Step 61798 |Awin|=3000 |Bwin|=500 T=100
  chamfer=3.79785e+06 qt=3.59076e+06 e2=3.65716e+06 uni=3.76622e+06
Step 62964 |Awin|=3000 |Bwin|=500 T=100
  chamfer=3.79576e+06 qt=3.84946e+06 e2=3.69465e+06 uni=3.98898e+06
Step 64130 |Awin|=3000 |Bwin|=500 T=100
  chamfer=3.79279e+06 qt=3.74621e+06 e2=3.90156e+06 uni=3.78455e+06
Step 65296 |Awin|=3000 |Bwin|=500 T=100
  chamfer=3.81762e+06 qt=3.82672e+06 e2=3.83169e+06 uni=3.85639e+06
Step 66462 |Awin|=3000 |Bwin|=500 T=100
  chamfer=3.8177e+06 qt=3.73332e+06 e2=3.75775e+06 uni=3.70104e+06
Step 67628 |Awin|=3000 |Bwin|=500 T=100
  chamfer=3.8185e+06 qt=3.67661e+06 e2=3.98102e+06 uni=3.66986e+06
Step 68794 |Awin|=3000 |Bwin|=500 T=100
  chamfer=3.82071e+06 qt=3.97946e+06 e2=3.75611e+06 uni=3.84163e+06
Step 69960 |Awin|=3000 |Bwin|=500 T=100
  chamfer=3.82572e+06 qt=3.78025e+06 e2=3.87106e+06 uni=3.79351e+06
schedule_done nA=60000 ai=60000 nB=10000 bi=10000 max_A_run=6 prefix=AAAAAABAAAAAABAAAAAABAAA

========== TIMING SUMMARY (ms) dual-dynamic ==========
wall_ms_total=44419.374 queries=57 update_ops=70000
per_update_ms e2lsh=0.054 quadtree=0.292 uniform=0.005 benchmark=0.272
QuadTree update_ms_avg=0.287 query_ms_avg=6.565
E2LSH update_ms_avg=0.049 query_ms_avg=6.792
exact update_ms_avg=0.272
=====================================================
Wrote timing summary to D:\Develop\native-l2-e2lsh-chamfer\output\paper_both\fashion\no_seed3\timing_summary.json
Done. queries=57 wrote D:\Develop\native-l2-e2lsh-chamfer\output\paper_both\fashion\no_seed3\compare_cost_log.csv
