seed=5 e2lsh_only=1 no_outlier=1 estimator=queryStratified with_is=1 T_override=300 storage_dir=D:\Develop\native-l2-e2lsh-chamfer\output\sampling_ablation\gist\no_seed5\store
loading D:\Develop\native-l2-e2lsh-chamfer\data\GIST_1M/base.f32bin (flat f32 stream for e2lsh-only)
loading D:\Develop\native-l2-e2lsh-chamfer\data\GIST_1M/query.f32bin
window_size=50 query_interval=17 |A|=1000000 |B|=1000 dim=960 (flat-A)
exact=cache hit path=D:\Develop\native-l2-e2lsh-chamfer\output\sampling_ablation\gist\exact_no\exact_cache.csv entries=56
omp_threads=1
E2LSH-only mode: skipping QuadTree and Uniform
E2LSH K=119 rho=0.0001 n_max=1001074 (formula: K=max(1,ceil(4*ln(8*n_max^2)))) backend=external
storage_dir=D:\Develop\native-l2-e2lsh-chamfer\output\sampling_ablation\gist\no_seed5\store O_DIRECT=1 async=1
E2LSH insertA progress 114688/1000000
E2LSH insertA progress 212992/1000000
E2LSH insertA progress 311296/1000000
E2LSH insertA progress 409600/1000000
E2LSH insertA progress 507904/1000000
E2LSH insertA progress 606208/1000000
E2LSH insertA progress 704512/1000000
E2LSH insertA progress 802816/1000000
E2LSH insertA progress 901120/1000000
E2LSH insertA progress 1000000/1000000
E2LSH A insert done in 31405 ms L=18 D=5.24288e+07
strata invariant OK sumN=1000000 pos=1000000
Step 51 |A|=1000000 |Bwin|=50 T=300 L=18
  chamfer=1.42972e+06 strat=1.438e+06 (0.00578819) is=1.45789e+06 (0.0196999)
Step 68 |A|=1000000 |Bwin|=50 T=300 L=18
  chamfer=1.44857e+06 strat=1.45281e+06 (0.00293109) is=1.48083e+06 (0.0222729)
Step 85 |A|=1000000 |Bwin|=50 T=300 L=18
  chamfer=1.44056e+06 strat=1.41827e+06 (-0.015476) is=1.51742e+06 (0.0533555)
Step 102 |A|=1000000 |Bwin|=50 T=300 L=18
  chamfer=1.43864e+06 strat=1.40797e+06 (-0.0213176) is=1.55843e+06 (0.0832685)
Step 119 |A|=1000000 |Bwin|=50 T=300 L=18
  chamfer=1.43112e+06 strat=1.46683e+06 (0.024957) is=1.46267e+06 (0.0220471)
Step 136 |A|=1000000 |Bwin|=50 T=300 L=18
  chamfer=1.42304e+06 strat=1.41471e+06 (-0.00584965) is=1.43543e+06 (0.0087077)
Step 153 |A|=1000000 |Bwin|=50 T=300 L=18
  chamfer=1.39699e+06 strat=1.38801e+06 (-0.00643433) is=1.37148e+06 (-0.0182657)
Step 170 |A|=1000000 |Bwin|=50 T=300 L=18
  chamfer=1.3857e+06 strat=1.37918e+06 (-0.00470875) is=1.4377e+06 (0.0375234)
Step 187 |A|=1000000 |Bwin|=50 T=300 L=18
  chamfer=1.38659e+06 strat=1.36841e+06 (-0.0131155) is=1.3242e+06 (-0.0449993)
Step 204 |A|=1000000 |Bwin|=50 T=300 L=18
  chamfer=1.38833e+06 strat=1.35509e+06 (-0.0239434) is=1.45323e+06 (0.0467484)
Step 221 |A|=1000000 |Bwin|=50 T=300 L=18
  chamfer=1.3861e+06 strat=1.34531e+06 (-0.0294318) is=1.41313e+06 (0.0194978)
Step 238 |A|=1000000 |Bwin|=50 T=300 L=18
  chamfer=1.38997e+06 strat=1.39472e+06 (0.00341796) is=1.34754e+06 (-0.030524)
Step 255 |A|=1000000 |Bwin|=50 T=300 L=18
  chamfer=1.4651e+06 strat=1.47761e+06 (0.00853877) is=1.45237e+06 (-0.00868949)
Step 272 |A|=1000000 |Bwin|=50 T=300 L=18
  chamfer=1.44209e+06 strat=1.46662e+06 (0.0170119) is=1.37139e+06 (-0.0490281)
Step 289 |A|=1000000 |Bwin|=50 T=300 L=18
  chamfer=1.37974e+06 strat=1.42626e+06 (0.0337136) is=1.38934e+06 (0.00695755)
Step 306 |A|=1000000 |Bwin|=50 T=300 L=18
  chamfer=1.37993e+06 strat=1.40191e+06 (0.0159264) is=1.44589e+06 (0.0478034)
Step 323 |A|=1000000 |Bwin|=50 T=300 L=18
  chamfer=1.39054e+06 strat=1.39163e+06 (0.000777611) is=1.50731e+06 (0.0839711)
Step 340 |A|=1000000 |Bwin|=50 T=300 L=18
  chamfer=1.3963e+06 strat=1.43365e+06 (0.0267498) is=1.50899e+06 (0.0807069)
Step 357 |A|=1000000 |Bwin|=50 T=300 L=18
  chamfer=1.40095e+06 strat=1.35651e+06 (-0.0317211) is=1.39037e+06 (-0.00755346)
Step 374 |A|=1000000 |Bwin|=50 T=300 L=18
  chamfer=1.40023e+06 strat=1.38026e+06 (-0.0142642) is=1.40305e+06 (0.00201459)
Step 391 |A|=1000000 |Bwin|=50 T=300 L=18
  chamfer=1.40165e+06 strat=1.39901e+06 (-0.00187852) is=1.41091e+06 (0.00660941)
Step 408 |A|=1000000 |Bwin|=50 T=300 L=18
  chamfer=1.38552e+06 strat=1.40992e+06 (0.0176097) is=1.26933e+06 (-0.0838621)
Step 425 |A|=1000000 |Bwin|=50 T=300 L=18
  chamfer=1.39709e+06 strat=1.36366e+06 (-0.0239308) is=1.38116e+06 (-0.0114035)
Step 442 |A|=1000000 |Bwin|=50 T=300 L=18
  chamfer=1.41795e+06 strat=1.41402e+06 (-0.00276877) is=1.36248e+06 (-0.0391228)
Step 459 |A|=1000000 |Bwin|=50 T=300 L=18
  chamfer=1.40294e+06 strat=1.3912e+06 (-0.0083703) is=1.41563e+06 (0.00904642)
Step 476 |A|=1000000 |Bwin|=50 T=300 L=18
  chamfer=1.39401e+06 strat=1.39925e+06 (0.00375645) is=1.26443e+06 (-0.0929575)
Step 493 |A|=1000000 |Bwin|=50 T=300 L=18
  chamfer=1.37989e+06 strat=1.40723e+06 (0.0198132) is=1.46243e+06 (0.0598135)
Step 510 |A|=1000000 |Bwin|=50 T=300 L=18
  chamfer=1.38209e+06 strat=1.38999e+06 (0.00571167) is=1.35956e+06 (-0.0163016)
Step 527 |A|=1000000 |Bwin|=50 T=300 L=18
  chamfer=1.38231e+06 strat=1.34385e+06 (-0.0278219) is=1.52359e+06 (0.102208)
Step 544 |A|=1000000 |Bwin|=50 T=300 L=18
  chamfer=1.37425e+06 strat=1.38855e+06 (0.0104052) is=1.35654e+06 (-0.0128872)
Step 561 |A|=1000000 |Bwin|=50 T=300 L=18
  chamfer=1.3649e+06 strat=1.33768e+06 (-0.0199463) is=1.28268e+06 (-0.0602388)
Step 578 |A|=1000000 |Bwin|=50 T=300 L=18
  chamfer=1.35968e+06 strat=1.31197e+06 (-0.0350858) is=1.38211e+06 (0.0164928)
Step 595 |A|=1000000 |Bwin|=50 T=300 L=18
  chamfer=1.36353e+06 strat=1.35112e+06 (-0.00910433) is=1.39444e+06 (0.0226712)
Step 612 |A|=1000000 |Bwin|=50 T=300 L=18
  chamfer=1.3771e+06 strat=1.40408e+06 (0.0195918) is=1.39557e+06 (0.0134154)
Step 629 |A|=1000000 |Bwin|=50 T=300 L=18
  chamfer=1.41491e+06 strat=1.4203e+06 (0.00380781) is=1.40539e+06 (-0.00672598)
Step 646 |A|=1000000 |Bwin|=50 T=300 L=18
  chamfer=1.39789e+06 strat=1.38259e+06 (-0.0109474) is=1.26418e+06 (-0.0956567)
Step 663 |A|=1000000 |Bwin|=50 T=300 L=18
  chamfer=1.42283e+06 strat=1.40077e+06 (-0.0155049) is=1.40367e+06 (-0.0134654)
Step 680 |A|=1000000 |Bwin|=50 T=300 L=18
  chamfer=1.39849e+06 strat=1.39393e+06 (-0.00326382) is=1.32071e+06 (-0.0556171)
Step 697 |A|=1000000 |Bwin|=50 T=300 L=18
  chamfer=1.3961e+06 strat=1.41171e+06 (0.011187) is=1.35885e+06 (-0.0266793)
Step 714 |A|=1000000 |Bwin|=50 T=300 L=18
  chamfer=1.38645e+06 strat=1.38433e+06 (-0.00152648) is=1.35687e+06 (-0.0213333)
Step 731 |A|=1000000 |Bwin|=50 T=300 L=18
  chamfer=1.38795e+06 strat=1.3686e+06 (-0.0139407) is=1.48276e+06 (0.0683092)
Step 748 |A|=1000000 |Bwin|=50 T=300 L=18
  chamfer=1.3895e+06 strat=1.38532e+06 (-0.00300767) is=1.4818e+06 (0.0664325)
Step 765 |A|=1000000 |Bwin|=50 T=300 L=18
  chamfer=1.38568e+06 strat=1.41267e+06 (0.0194792) is=1.31436e+06 (-0.0514699)
Step 782 |A|=1000000 |Bwin|=50 T=300 L=18
  chamfer=1.38438e+06 strat=1.39478e+06 (0.00751178) is=1.34464e+06 (-0.0287113)
Step 799 |A|=1000000 |Bwin|=50 T=300 L=18
  chamfer=1.3816e+06 strat=1.35591e+06 (-0.0186012) is=1.34621e+06 (-0.0256202)
Step 816 |A|=1000000 |Bwin|=50 T=300 L=18
  chamfer=1.384e+06 strat=1.35249e+06 (-0.0227651) is=1.4936e+06 (0.0791946)
Step 833 |A|=1000000 |Bwin|=50 T=300 L=18
  chamfer=1.39102e+06 strat=1.37143e+06 (-0.014081) is=1.45663e+06 (0.0471703)
Step 850 |A|=1000000 |Bwin|=50 T=300 L=18
  chamfer=1.41782e+06 strat=1.4251e+06 (0.00513678) is=1.44834e+06 (0.0215285)
Step 867 |A|=1000000 |Bwin|=50 T=300 L=18
  chamfer=1.40072e+06 strat=1.36402e+06 (-0.0261974) is=1.50982e+06 (0.0778919)
Step 884 |A|=1000000 |Bwin|=50 T=300 L=18
  chamfer=1.39604e+06 strat=1.38022e+06 (-0.0113327) is=1.39717e+06 (0.000809017)
Step 901 |A|=1000000 |Bwin|=50 T=300 L=18
  chamfer=1.42594e+06 strat=1.41184e+06 (-0.009888) is=1.48458e+06 (0.0411268)
Step 918 |A|=1000000 |Bwin|=50 T=300 L=18
  chamfer=1.42707e+06 strat=1.40084e+06 (-0.0183811) is=1.43204e+06 (0.00348463)
Step 935 |A|=1000000 |Bwin|=50 T=300 L=18
  chamfer=1.41379e+06 strat=1.39774e+06 (-0.0113499) is=1.53551e+06 (0.0861008)
Step 952 |A|=1000000 |Bwin|=50 T=300 L=18
  chamfer=1.40195e+06 strat=1.42484e+06 (0.0163283) is=1.28275e+06 (-0.0850226)
Step 969 |A|=1000000 |Bwin|=50 T=300 L=18
  chamfer=1.38909e+06 strat=1.42377e+06 (0.0249643) is=1.34996e+06 (-0.028169)
Step 986 |A|=1000000 |Bwin|=50 T=300 L=18
  chamfer=1.40591e+06 strat=1.4022e+06 (-0.00263748) is=1.45159e+06 (0.0324928)

========== TIMING SUMMARY (ms) ==========
E2LSH K=119 L_final=18 queries=56 update_ops=1000 mode=e2lsh-only
wall_ms_total=33139.478
per_update_ms e2lsh=1.084 quadtree=0.000 uniform=0.000 benchmark=0.000
--- E2LSH structure ---
  init_insert_A_ms=31404.995
  update_ms_total=311.960  update_ms_avg=0.312
--- E2LSH stratified ---
  query_ms_total=771.725  query_ms_avg=13.781
--- E2LSH importance ---
  query_ms_total=605.504  query_ms_avg=10.813
--- Optional ---
  exact_chamfer mode=cache update_ms_total=0.000 update_ms_avg=0.000 query_ms_total=0.037 query_ms_avg=0.001 path=D:\Develop\native-l2-e2lsh-chamfer\output\sampling_ablation\gist\exact_no\exact_cache.csv
=========================================
Done. queries=56 wrote D:\Develop\native-l2-e2lsh-chamfer\output\sampling_ablation\gist\no_seed5\compare_cost_log.csv
Wrote timing summary to D:\Develop\native-l2-e2lsh-chamfer\output\sampling_ablation\gist\no_seed5\timing_summary.json

========== E2LSH BREAKDOWN (ms) ==========
insertA total=27216.40 (h0=15357.45 hash=834.93 exact=0.00 map=0.00 coord_io=6258.80 posting=858.49 resolve=3400.43 sampler=3.87 other=502.44)
insertB total=190.19 (h0=22.02 resolve=42.22 exact+sampler=124.94 other=1.01)
deleteB total=121.00 (membership=120.43 exact+sampler=0.16 other=0.42)
expandTop total=0.40 count=18
query total=1310.45 (sample=493.77 Da=0.00 NN=161.49 overhead=0.10 io=655.08 reads=64778)
fractions of profiled E2LSH (28838.43 ms): NN=0.56% sample=1.71% Da=0.00% structure=95.46%
==========================================
