omp_threads=1
exact_cache_f32 |A|=1000000 |B|=10000 dim=128 window=500 query_interval=166 a=base.f32bin
exact-cache step 664 chamfer=2.86078e+08
Wrote min-dist dump D:\Develop\native-l2-e2lsh-chamfer\output\paper_uni\sift\fig4\min_dist.csv n=1000000
exact-cache step 830 chamfer=2.84103e+08
exact-cache step 996 chamfer=2.85211e+08
exact-cache step 1162 chamfer=2.85399e+08
exact-cache step 1328 chamfer=2.87045e+08
exact-cache step 1494 chamfer=2.84613e+08
exact-cache step 1660 chamfer=2.85564e+08
exact-cache step 1826 chamfer=2.87945e+08
exact-cache step 1992 chamfer=2.87949e+08
exact-cache step 2158 chamfer=2.86047e+08
exact-cache step 2324 chamfer=2.84132e+08
exact-cache step 2490 chamfer=2.85706e+08
exact-cache step 2656 chamfer=2.87182e+08
exact-cache step 2822 chamfer=2.86633e+08
exact-cache step 2988 chamfer=2.86601e+08
exact-cache step 3154 chamfer=2.8662e+08
exact-cache step 3320 chamfer=2.85877e+08
exact-cache step 3486 chamfer=2.84227e+08
exact-cache step 3652 chamfer=2.8406e+08
exact-cache step 3818 chamfer=2.84112e+08
exact-cache step 3984 chamfer=2.83076e+08
exact-cache step 4150 chamfer=2.83537e+08
exact-cache step 4316 chamfer=2.83541e+08
exact-cache step 4482 chamfer=2.83984e+08
exact-cache step 4648 chamfer=2.85222e+08
exact-cache step 4814 chamfer=2.86048e+08
exact-cache step 4980 chamfer=2.83654e+08
exact-cache step 5146 chamfer=2.82535e+08
exact-cache step 5312 chamfer=2.84081e+08
exact-cache step 5478 chamfer=2.85578e+08
exact-cache step 5644 chamfer=2.86886e+08
exact-cache step 5810 chamfer=2.85681e+08
exact-cache step 5976 chamfer=2.86518e+08
exact-cache step 6142 chamfer=2.86752e+08
exact-cache step 6308 chamfer=2.85377e+08
exact-cache step 6474 chamfer=2.87488e+08
exact-cache step 6640 chamfer=2.8609e+08
exact-cache step 6806 chamfer=2.85762e+08
exact-cache step 6972 chamfer=2.83669e+08
exact-cache step 7138 chamfer=2.84946e+08
exact-cache step 7304 chamfer=2.86931e+08
exact-cache step 7470 chamfer=2.86388e+08
exact-cache step 7636 chamfer=2.85674e+08
exact-cache step 7802 chamfer=2.84491e+08
exact-cache step 7968 chamfer=2.84174e+08
exact-cache step 8134 chamfer=2.84822e+08
exact-cache step 8300 chamfer=2.85263e+08
exact-cache step 8466 chamfer=2.83507e+08
exact-cache step 8632 chamfer=2.838e+08
exact-cache step 8798 chamfer=2.84825e+08
exact-cache step 8964 chamfer=2.86885e+08
exact-cache step 9130 chamfer=2.85956e+08
exact-cache step 9296 chamfer=2.85789e+08
exact-cache step 9462 chamfer=2.87009e+08
exact-cache step 9628 chamfer=2.88781e+08
exact-cache step 9794 chamfer=2.86812e+08
exact-cache step 9960 chamfer=2.85034e+08
Wrote D:\Develop\native-l2-e2lsh-chamfer\output\paper_uni\sift\exact_no\exact_cache.csv entries=57 update_ms_total=439616 update_ms_avg=43.9616 per_update_ms benchmark=43.9616 wall_ms=442283
Wrote D:\Develop\native-l2-e2lsh-chamfer\output\paper_uni\sift\exact_no\exact_cache.csv.timing.json
