seed=5 no_outlier=1 dual_dynamic=1 estimator=queryStratified T_override=100
loading D:\Develop\native-l2-e2lsh-chamfer\data\TextEmbedding/base.f32bin
loading D:\Develop\native-l2-e2lsh-chamfer\data\TextEmbedding/query.f32bin
window_size=1500 query_interval=20 |A|=1880 |B|=1178 dim=300
omp_threads=1
dual-dynamic schedule=proportional |A|=1880 |B|=1178 window=1500 query_interval=20
17.8444 0.0001
diameter=17.8444 aspect=178444 depth=18
E2LSH K=98 rho=0.0001 n_max=70000
Step 1500 |Awin|=922 |Bwin|=578 T=100
NN_MICROBENCH reps=512 e2_ms=11.0595 flat_ms=13.0659 ratio_slow_over_fast=1.18142 e2_nB=578 flat_nB=578 e2_align=0 flat_align=0 note=timed status=OK sink=3314.67
  chamfer=1608.72 qt=1622.41 e2=1553.14 uni=1610.24
Step 1520 |Awin|=922 |Bwin|=578 T=100
  chamfer=1634.98 qt=1765.5 e2=1628.7 uni=1739.35
Step 1540 |Awin|=922 |Bwin|=578 T=100
  chamfer=1634.09 qt=1542.8 e2=1682.95 uni=1789.21
Step 1560 |Awin|=922 |Bwin|=578 T=100
  chamfer=1661.61 qt=1608.69 e2=1638.16 uni=1553.55
Step 1580 |Awin|=922 |Bwin|=578 T=100
  chamfer=1657.09 qt=1900.89 e2=1599.81 uni=1726.39
Step 1600 |Awin|=922 |Bwin|=578 T=100
  chamfer=1659.2 qt=1731.76 e2=1645.9 uni=1487.78
Step 1620 |Awin|=922 |Bwin|=578 T=100
  chamfer=1663.62 qt=1599.98 e2=1645.22 uni=1490.64
Step 1640 |Awin|=922 |Bwin|=578 T=100
  chamfer=1655.86 qt=1693.31 e2=1632.67 uni=1696.85
Step 1660 |Awin|=922 |Bwin|=578 T=100
  chamfer=1661 qt=1779.79 e2=1672.07 uni=1685.24
Step 1680 |Awin|=923 |Bwin|=577 T=100
  chamfer=1667.1 qt=1680.69 e2=1640 uni=1573.46
Step 1700 |Awin|=922 |Bwin|=578 T=100
  chamfer=1666.12 qt=1692.95 e2=1650.06 uni=1860.26
Step 1720 |Awin|=922 |Bwin|=578 T=100
  chamfer=1686.21 qt=1626.86 e2=1662.8 uni=1835.77
Step 1740 |Awin|=922 |Bwin|=578 T=100
  chamfer=1687.17 qt=1676.99 e2=1640.39 uni=1676.09
Step 1760 |Awin|=922 |Bwin|=578 T=100
  chamfer=1677.94 qt=1568.99 e2=1638.26 uni=1730.43
Step 1780 |Awin|=922 |Bwin|=578 T=100
  chamfer=1677.68 qt=1843.55 e2=1650.29 uni=1594.7
Step 1800 |Awin|=922 |Bwin|=578 T=100
  chamfer=1663.53 qt=1704.53 e2=1683.58 uni=1610.96
Step 1820 |Awin|=923 |Bwin|=577 T=100
  chamfer=1661.9 qt=1700.72 e2=1630.29 uni=1768.62
Step 1840 |Awin|=922 |Bwin|=578 T=100
  chamfer=1676.5 qt=1538.69 e2=1721.22 uni=1557.63
Step 1860 |Awin|=922 |Bwin|=578 T=100
  chamfer=1693.49 qt=1512.45 e2=1682.08 uni=1651.47
Step 1880 |Awin|=923 |Bwin|=577 T=100
  chamfer=1683.1 qt=1712.96 e2=1675.57 uni=1669.69
Step 1900 |Awin|=922 |Bwin|=578 T=100
  chamfer=1676.71 qt=1640.57 e2=1700.82 uni=1517.6
Step 1920 |Awin|=922 |Bwin|=578 T=100
  chamfer=1678.59 qt=1673.53 e2=1704.48 uni=1706.9
Step 1940 |Awin|=922 |Bwin|=578 T=100
  chamfer=1680.7 qt=1614.39 e2=1666.35 uni=1808.07
Step 1960 |Awin|=922 |Bwin|=578 T=100
  chamfer=1679.4 qt=1596.93 e2=1693.08 uni=1660.55
Step 1980 |Awin|=922 |Bwin|=578 T=100
  chamfer=1728.44 qt=1753.34 e2=1735.22 uni=1663.54
Step 2000 |Awin|=922 |Bwin|=578 T=100
  chamfer=1718.72 qt=1765.4 e2=1643.33 uni=1872.05
Step 2020 |Awin|=923 |Bwin|=577 T=100
  chamfer=1728.81 qt=1716.36 e2=1782.09 uni=1743.96
Step 2040 |Awin|=922 |Bwin|=578 T=100
  chamfer=1702.91 qt=1671.8 e2=1638.05 uni=1495.11
Step 2060 |Awin|=922 |Bwin|=578 T=100
  chamfer=1708.03 qt=1689.13 e2=1668.63 uni=1593.88
Step 2080 |Awin|=922 |Bwin|=578 T=100
  chamfer=1693.33 qt=1645.45 e2=1715.74 uni=1882.21
Step 2100 |Awin|=922 |Bwin|=578 T=100
  chamfer=1689.16 qt=1843.28 e2=1683.25 uni=1650.54
Step 2120 |Awin|=922 |Bwin|=578 T=100
  chamfer=1678.9 qt=1695.97 e2=1632.29 uni=1600.38
Step 2140 |Awin|=922 |Bwin|=578 T=100
  chamfer=1662.04 qt=1731.51 e2=1619.87 uni=1706.77
Step 2160 |Awin|=923 |Bwin|=577 T=100
  chamfer=1619.04 qt=1703.22 e2=1638.19 uni=1670
Step 2180 |Awin|=922 |Bwin|=578 T=100
  chamfer=1599.39 qt=1748.96 e2=1606.21 uni=1320.97
Step 2200 |Awin|=922 |Bwin|=578 T=100
  chamfer=1571.05 qt=1604.37 e2=1566.5 uni=1458.65
Step 2220 |Awin|=923 |Bwin|=577 T=100
  chamfer=1564.83 qt=1534.68 e2=1557.96 uni=1488.63
Step 2240 |Awin|=922 |Bwin|=578 T=100
  chamfer=1592.14 qt=1475.59 e2=1490.34 uni=1497.09
Step 2260 |Awin|=922 |Bwin|=578 T=100
  chamfer=1592.87 qt=1672.9 e2=1578.32 uni=1532.19
Step 2280 |Awin|=922 |Bwin|=578 T=100
  chamfer=1608.83 qt=1562.74 e2=1621.87 uni=1729.71
Step 2300 |Awin|=922 |Bwin|=578 T=100
  chamfer=1612.8 qt=1602.51 e2=1568.77 uni=1850.75
Step 2320 |Awin|=922 |Bwin|=578 T=100
  chamfer=1614.67 qt=1594.09 e2=1601.23 uni=1711.25
Step 2340 |Awin|=922 |Bwin|=578 T=100
  chamfer=1605.8 qt=1645.05 e2=1577.42 uni=1624.68
Step 2360 |Awin|=923 |Bwin|=577 T=100
  chamfer=1589.73 qt=1619.22 e2=1577.32 uni=1481.7
Step 2380 |Awin|=922 |Bwin|=578 T=100
  chamfer=1579.09 qt=1503.84 e2=1600.26 uni=1439.75
Step 2400 |Awin|=922 |Bwin|=578 T=100
  chamfer=1577.79 qt=1510.56 e2=1521.97 uni=1412.29
Step 2420 |Awin|=922 |Bwin|=578 T=100
  chamfer=1577.51 qt=1574.81 e2=1505.3 uni=1420.24
Step 2440 |Awin|=922 |Bwin|=578 T=100
  chamfer=1589.62 qt=1555.43 e2=1589.49 uni=1403.77
Step 2460 |Awin|=922 |Bwin|=578 T=100
  chamfer=1576.71 qt=1598.07 e2=1552.68 uni=1539.06
Step 2480 |Awin|=922 |Bwin|=578 T=100
  chamfer=1581.54 qt=1487.37 e2=1514.35 uni=1530.84
Step 2500 |Awin|=922 |Bwin|=578 T=100
  chamfer=1566.78 qt=1481.48 e2=1579.82 uni=1591.49
Step 2520 |Awin|=922 |Bwin|=578 T=100
  chamfer=1547.17 qt=1496.71 e2=1502.09 uni=1379.44
Step 2540 |Awin|=922 |Bwin|=578 T=100
  chamfer=1549.69 qt=1596.36 e2=1529.34 uni=1585.49
Step 2560 |Awin|=923 |Bwin|=577 T=100
  chamfer=1556.68 qt=1557.65 e2=1463.24 uni=1499.05
Step 2580 |Awin|=922 |Bwin|=578 T=100
  chamfer=1558.27 qt=1510.33 e2=1581.59 uni=1644.33
Step 2600 |Awin|=922 |Bwin|=578 T=100
  chamfer=1564.13 qt=1627.53 e2=1508.58 uni=1443.11
Step 2620 |Awin|=922 |Bwin|=578 T=100
  chamfer=1563.57 qt=1550.12 e2=1474.35 uni=1414.45
Step 2640 |Awin|=922 |Bwin|=578 T=100
  chamfer=1552.13 qt=1692.23 e2=1579.28 uni=1469.2
Step 2660 |Awin|=922 |Bwin|=578 T=100
  chamfer=1540.18 qt=1580.62 e2=1545.51 uni=1691.61
Step 2680 |Awin|=922 |Bwin|=578 T=100
  chamfer=1551.2 qt=1508.74 e2=1562.59 uni=1390.85
Step 2700 |Awin|=923 |Bwin|=577 T=100
  chamfer=1540.13 qt=1490.28 e2=1527.84 uni=1205.56
Step 2720 |Awin|=922 |Bwin|=578 T=100
  chamfer=1538.82 qt=1477.76 e2=1511.07 uni=1471.75
Step 2740 |Awin|=922 |Bwin|=578 T=100
  chamfer=1524.84 qt=1498.79 e2=1490.98 uni=1514.24
Step 2760 |Awin|=923 |Bwin|=577 T=100
  chamfer=1551.98 qt=1451.55 e2=1546.17 uni=1730.16
Step 2780 |Awin|=922 |Bwin|=578 T=100
  chamfer=1547.7 qt=1413.91 e2=1542.87 uni=1718.83
Step 2800 |Awin|=922 |Bwin|=578 T=100
  chamfer=1540.52 qt=1713.41 e2=1537.84 uni=1629.04
Step 2820 |Awin|=922 |Bwin|=578 T=100
  chamfer=1524.69 qt=1400.73 e2=1504.06 uni=1425.55
Step 2840 |Awin|=922 |Bwin|=578 T=100
  chamfer=1530.02 qt=1460.75 e2=1536.83 uni=1771.91
Step 2860 |Awin|=922 |Bwin|=578 T=100
  chamfer=1553.88 qt=1554.66 e2=1539.65 uni=1889.51
Step 2880 |Awin|=922 |Bwin|=578 T=100
  chamfer=1561.67 qt=1476.49 e2=1525.38 uni=1453.03
Step 2900 |Awin|=923 |Bwin|=577 T=100
  chamfer=1563.98 qt=1506.78 e2=1509.17 uni=1603.66
Step 2920 |Awin|=922 |Bwin|=578 T=100
  chamfer=1564.88 qt=1646.18 e2=1554.03 uni=1566.76
Step 2940 |Awin|=922 |Bwin|=578 T=100
  chamfer=1581.98 qt=1582.51 e2=1541.02 uni=1490.54
Step 2960 |Awin|=922 |Bwin|=578 T=100
  chamfer=1592.12 qt=1676.03 e2=1583.37 uni=1488.6
Step 2980 |Awin|=922 |Bwin|=578 T=100
  chamfer=1592.63 qt=1529.79 e2=1633.2 uni=1622.56
Step 3000 |Awin|=922 |Bwin|=578 T=100
  chamfer=1594.3 qt=1639.63 e2=1507.6 uni=1499.81
Step 3020 |Awin|=922 |Bwin|=578 T=100
  chamfer=1580.8 qt=1707.77 e2=1580.99 uni=1556.75
Step 3040 |Awin|=923 |Bwin|=577 T=100
  chamfer=1592.2 qt=1687.6 e2=1608.52 uni=1462.98
schedule_done nA=1880 ai=1880 nB=1178 bi=1178 max_A_run=2 prefix=ABAABABAABABAABAABABAABA

========== TIMING SUMMARY (ms) dual-dynamic ==========
wall_ms_total=1053.492 queries=78 update_ops=3058
per_update_ms e2lsh=0.068 quadtree=0.124 uniform=0.058 benchmark=0.059
QuadTree update_ms_avg=0.062 query_ms_avg=2.457
E2LSH update_ms_avg=0.013 query_ms_avg=2.152
exact update_ms_avg=0.059
=====================================================
Wrote timing summary to D:\Develop\native-l2-e2lsh-chamfer\output\paper_both\textemb\no_seed5\timing_summary.json
Done. queries=78 wrote D:\Develop\native-l2-e2lsh-chamfer\output\paper_both\textemb\no_seed5\compare_cost_log.csv
