seed=2 no_outlier=1 dual_dynamic=1 estimator=queryStratified T_override=100
loading D:\Develop\native-l2-e2lsh-chamfer\data\Fashion-MNIST/train.f32bin
loading D:\Develop\native-l2-e2lsh-chamfer\data\Fashion-MNIST/query.f32bin
window_size=3500 query_interval=1166 |A|=60000 |B|=10000 dim=784
omp_threads=1
dual-dynamic schedule=proportional |A|=60000 |B|=10000 window=3500 query_interval=1166
9084.99 0.0001
diameter=9084.99 aspect=9.08499e+07 depth=27
E2LSH K=98 rho=0.0001 n_max=70000
Step 4664 |Awin|=3000 |Bwin|=500 T=100
NN_MICROBENCH reps=256 e2_ms=15.9437 flat_ms=16.0741 ratio_slow_over_fast=1.00818 e2_nB=500 flat_nB=500 note=timed status=OK sink=1.19537e+06
  chamfer=3.78523e+06 qt=3.69248e+06 e2=3.84679e+06 uni=3.78504e+06
Step 5830 |Awin|=3000 |Bwin|=500 T=100
  chamfer=3.81853e+06 qt=3.54522e+06 e2=3.7065e+06 uni=3.83715e+06
Step 6996 |Awin|=3000 |Bwin|=500 T=100
  chamfer=3.82538e+06 qt=3.90388e+06 e2=3.83278e+06 uni=3.84073e+06
Step 8162 |Awin|=3000 |Bwin|=500 T=100
  chamfer=3.80692e+06 qt=3.96136e+06 e2=3.90119e+06 uni=3.74814e+06
Step 9328 |Awin|=3000 |Bwin|=500 T=100
  chamfer=3.81354e+06 qt=4.07301e+06 e2=3.73637e+06 uni=3.78441e+06
Step 10494 |Awin|=3000 |Bwin|=500 T=100
  chamfer=3.77213e+06 qt=3.98733e+06 e2=3.75525e+06 uni=3.69765e+06
Step 11660 |Awin|=3000 |Bwin|=500 T=100
  chamfer=3.77617e+06 qt=3.70496e+06 e2=3.71501e+06 uni=3.68416e+06
Step 12826 |Awin|=3000 |Bwin|=500 T=100
  chamfer=3.78124e+06 qt=4.10527e+06 e2=3.70678e+06 uni=3.83448e+06
Step 13992 |Awin|=3000 |Bwin|=500 T=100
  chamfer=3.76624e+06 qt=3.6683e+06 e2=3.90805e+06 uni=3.74398e+06
Step 15158 |Awin|=3000 |Bwin|=500 T=100
  chamfer=3.768e+06 qt=4.21572e+06 e2=3.70295e+06 uni=3.8519e+06
Step 16324 |Awin|=3000 |Bwin|=500 T=100
  chamfer=3.78784e+06 qt=3.77811e+06 e2=3.79615e+06 uni=3.70588e+06
Step 17490 |Awin|=3000 |Bwin|=500 T=100
  chamfer=3.79184e+06 qt=3.97232e+06 e2=3.71858e+06 uni=3.777e+06
Step 18656 |Awin|=3000 |Bwin|=500 T=100
  chamfer=3.79195e+06 qt=3.7623e+06 e2=3.9103e+06 uni=3.62708e+06
Step 19822 |Awin|=3000 |Bwin|=500 T=100
  chamfer=3.76424e+06 qt=3.9231e+06 e2=3.75857e+06 uni=3.74356e+06
Step 20988 |Awin|=3000 |Bwin|=500 T=100
  chamfer=3.80597e+06 qt=3.71068e+06 e2=3.87816e+06 uni=3.65325e+06
Step 22154 |Awin|=3000 |Bwin|=500 T=100
  chamfer=3.85275e+06 qt=3.69904e+06 e2=3.78305e+06 uni=3.80572e+06
Step 23320 |Awin|=3000 |Bwin|=500 T=100
  chamfer=3.85355e+06 qt=4.0135e+06 e2=3.70502e+06 uni=3.77106e+06
Step 24486 |Awin|=3000 |Bwin|=500 T=100
  chamfer=3.81352e+06 qt=3.78856e+06 e2=3.6401e+06 uni=3.67805e+06
Step 25652 |Awin|=3000 |Bwin|=500 T=100
  chamfer=3.81554e+06 qt=3.94118e+06 e2=3.86106e+06 uni=3.74669e+06
Step 26818 |Awin|=3000 |Bwin|=500 T=100
  chamfer=3.78469e+06 qt=3.97114e+06 e2=3.58319e+06 uni=3.97407e+06
Step 27984 |Awin|=3000 |Bwin|=500 T=100
  chamfer=3.78311e+06 qt=3.67569e+06 e2=3.9094e+06 uni=3.81281e+06
Step 29150 |Awin|=3000 |Bwin|=500 T=100
  chamfer=3.7984e+06 qt=4.0119e+06 e2=3.86261e+06 uni=3.82139e+06
Step 30316 |Awin|=3000 |Bwin|=500 T=100
  chamfer=3.82559e+06 qt=3.86111e+06 e2=3.81397e+06 uni=3.65638e+06
Step 31482 |Awin|=3000 |Bwin|=500 T=100
  chamfer=3.84686e+06 qt=3.8056e+06 e2=3.91259e+06 uni=3.88307e+06
Step 32648 |Awin|=3000 |Bwin|=500 T=100
  chamfer=3.83379e+06 qt=3.77008e+06 e2=3.98592e+06 uni=3.69273e+06
Step 33814 |Awin|=3000 |Bwin|=500 T=100
  chamfer=3.78658e+06 qt=3.81382e+06 e2=3.83307e+06 uni=3.71062e+06
Step 34980 |Awin|=3000 |Bwin|=500 T=100
  chamfer=3.77804e+06 qt=3.83083e+06 e2=3.83803e+06 uni=3.69795e+06
Step 36146 |Awin|=3000 |Bwin|=500 T=100
  chamfer=3.80358e+06 qt=3.74973e+06 e2=3.7826e+06 uni=3.70109e+06
Step 37312 |Awin|=3000 |Bwin|=500 T=100
  chamfer=3.79823e+06 qt=3.75059e+06 e2=3.97876e+06 uni=3.84121e+06
Step 38478 |Awin|=3000 |Bwin|=500 T=100
  chamfer=3.794e+06 qt=3.79609e+06 e2=3.86792e+06 uni=3.78171e+06
Step 39644 |Awin|=3000 |Bwin|=500 T=100
  chamfer=3.80105e+06 qt=3.95533e+06 e2=3.93685e+06 uni=3.65283e+06
Step 40810 |Awin|=3000 |Bwin|=500 T=100
  chamfer=3.81056e+06 qt=3.72399e+06 e2=3.93743e+06 uni=3.71606e+06
Step 41976 |Awin|=3000 |Bwin|=500 T=100
  chamfer=3.81428e+06 qt=3.65963e+06 e2=3.77783e+06 uni=3.73225e+06
Step 43142 |Awin|=3000 |Bwin|=500 T=100
  chamfer=3.8137e+06 qt=4.0227e+06 e2=3.82384e+06 uni=3.68709e+06
Step 44308 |Awin|=3000 |Bwin|=500 T=100
  chamfer=3.81876e+06 qt=3.98928e+06 e2=3.8726e+06 uni=3.68062e+06
Step 45474 |Awin|=3000 |Bwin|=500 T=100
  chamfer=3.80388e+06 qt=4.24084e+06 e2=3.92951e+06 uni=3.74348e+06
Step 46640 |Awin|=3000 |Bwin|=500 T=100
  chamfer=3.76588e+06 qt=4.05131e+06 e2=3.85422e+06 uni=3.77476e+06
Step 47806 |Awin|=3000 |Bwin|=500 T=100
  chamfer=3.79089e+06 qt=3.93657e+06 e2=3.7925e+06 uni=3.83991e+06
Step 48972 |Awin|=3000 |Bwin|=500 T=100
  chamfer=3.80229e+06 qt=3.81026e+06 e2=3.75723e+06 uni=3.89734e+06
Step 50138 |Awin|=3000 |Bwin|=500 T=100
  chamfer=3.75649e+06 qt=3.77414e+06 e2=3.6994e+06 uni=3.77803e+06
Step 51304 |Awin|=3000 |Bwin|=500 T=100
  chamfer=3.75348e+06 qt=3.72942e+06 e2=3.73321e+06 uni=3.7447e+06
Step 52470 |Awin|=3000 |Bwin|=500 T=100
  chamfer=3.74694e+06 qt=3.7119e+06 e2=3.7857e+06 uni=3.80776e+06
Step 53636 |Awin|=3000 |Bwin|=500 T=100
  chamfer=3.80419e+06 qt=3.9365e+06 e2=3.63519e+06 uni=3.88608e+06
Step 54802 |Awin|=3000 |Bwin|=500 T=100
  chamfer=3.78122e+06 qt=3.78928e+06 e2=3.64211e+06 uni=3.85933e+06
Step 55968 |Awin|=3000 |Bwin|=500 T=100
  chamfer=3.81358e+06 qt=3.89712e+06 e2=3.84771e+06 uni=3.86444e+06
Step 57134 |Awin|=3000 |Bwin|=500 T=100
  chamfer=3.78958e+06 qt=3.93048e+06 e2=3.6921e+06 uni=3.70707e+06
Step 58300 |Awin|=3000 |Bwin|=500 T=100
  chamfer=3.82145e+06 qt=3.86488e+06 e2=3.73852e+06 uni=3.83207e+06
Step 59466 |Awin|=3000 |Bwin|=500 T=100
  chamfer=3.80693e+06 qt=3.84609e+06 e2=3.81427e+06 uni=3.78083e+06
Step 60632 |Awin|=3000 |Bwin|=500 T=100
  chamfer=3.81707e+06 qt=3.88634e+06 e2=3.90804e+06 uni=3.74726e+06
Step 61798 |Awin|=3000 |Bwin|=500 T=100
  chamfer=3.79785e+06 qt=3.60735e+06 e2=4.02824e+06 uni=3.75447e+06
Step 62964 |Awin|=3000 |Bwin|=500 T=100
  chamfer=3.79576e+06 qt=3.92448e+06 e2=3.84782e+06 uni=3.92461e+06
Step 64130 |Awin|=3000 |Bwin|=500 T=100
  chamfer=3.79279e+06 qt=3.97224e+06 e2=3.77734e+06 uni=3.711e+06
Step 65296 |Awin|=3000 |Bwin|=500 T=100
  chamfer=3.81762e+06 qt=3.59021e+06 e2=3.8226e+06 uni=3.91484e+06
Step 66462 |Awin|=3000 |Bwin|=500 T=100
  chamfer=3.8177e+06 qt=3.77498e+06 e2=3.81937e+06 uni=3.93549e+06
Step 67628 |Awin|=3000 |Bwin|=500 T=100
  chamfer=3.8185e+06 qt=3.69469e+06 e2=4.13223e+06 uni=3.72656e+06
Step 68794 |Awin|=3000 |Bwin|=500 T=100
  chamfer=3.82071e+06 qt=4.13308e+06 e2=3.93851e+06 uni=3.74538e+06
Step 69960 |Awin|=3000 |Bwin|=500 T=100
  chamfer=3.82572e+06 qt=3.65567e+06 e2=3.88599e+06 uni=3.65268e+06
schedule_done nA=60000 ai=60000 nB=10000 bi=10000 max_A_run=6 prefix=AAAAAABAAAAAABAAAAAABAAA

========== TIMING SUMMARY (ms) dual-dynamic ==========
wall_ms_total=44440.318 queries=57 update_ops=70000
per_update_ms e2lsh=0.055 quadtree=0.291 uniform=0.005 benchmark=0.273
QuadTree update_ms_avg=0.285 query_ms_avg=6.635
E2LSH update_ms_avg=0.049 query_ms_avg=6.817
exact update_ms_avg=0.273
=====================================================
Wrote timing summary to D:\Develop\native-l2-e2lsh-chamfer\output\paper_both\fashion\no_seed2\timing_summary.json
Done. queries=57 wrote D:\Develop\native-l2-e2lsh-chamfer\output\paper_both\fashion\no_seed2\compare_cost_log.csv
