seed=3 e2lsh_only=1 no_outlier=1 estimator=queryStratified with_is=1 T_override=200
loading D:\Develop\native-l2-e2lsh-chamfer\data\Fashion-MNIST/train.f32bin (flat f32 stream for e2lsh-only)
loading D:\Develop\native-l2-e2lsh-chamfer\data\Fashion-MNIST/query.f32bin
window_size=500 query_interval=166 |A|=60000 |B|=10000 dim=784 (flat-A)
exact=cache hit path=output/sampling_ablation/fashion/exact_no/exact_cache.csv entries=57
omp_threads=1
E2LSH-only mode: skipping QuadTree and Uniform
E2LSH K=98 rho=0.0001 n_max=70000 (formula: K=max(1,ceil(4*ln(8*n_max^2)))) backend=ram
E2LSH insertA progress 60000/60000
E2LSH A insert done in 1737.37 ms L=27 D=1.61061e+09
strata invariant OK sumN=60000 pos=60000
Step 664 |A|=60000 |Bwin|=500 T=200 L=27
  chamfer=7.6214e+07 strat=7.44998e+07 (-0.0224921) is=8.18319e+07 (0.0737126)
Step 830 |A|=60000 |Bwin|=500 T=200 L=27
  chamfer=7.60605e+07 strat=7.69543e+07 (0.0117513) is=7.31424e+07 (-0.0383653)
Step 996 |A|=60000 |Bwin|=500 T=200 L=27
  chamfer=7.61033e+07 strat=7.63116e+07 (0.00273674) is=7.42045e+07 (-0.0249507)
Step 1162 |A|=60000 |Bwin|=500 T=200 L=27
  chamfer=7.6046e+07 strat=7.5103e+07 (-0.0123997) is=7.19737e+07 (-0.0535499)
Step 1328 |A|=60000 |Bwin|=500 T=200 L=27
  chamfer=7.61793e+07 strat=7.31695e+07 (-0.0395096) is=7.61619e+07 (-0.000228896)
Step 1494 |A|=60000 |Bwin|=500 T=200 L=27
  chamfer=7.56485e+07 strat=7.16711e+07 (-0.0525774) is=7.66554e+07 (0.0133105)
Step 1660 |A|=60000 |Bwin|=500 T=200 L=27
  chamfer=7.55099e+07 strat=7.74103e+07 (0.025168) is=7.68859e+07 (0.018223)
Step 1826 |A|=60000 |Bwin|=500 T=200 L=27
  chamfer=7.51453e+07 strat=7.27849e+07 (-0.0314109) is=7.78568e+07 (0.0360831)
Step 1992 |A|=60000 |Bwin|=500 T=200 L=27
  chamfer=7.5252e+07 strat=7.58452e+07 (0.00788201) is=7.72092e+07 (0.0260081)
Step 2158 |A|=60000 |Bwin|=500 T=200 L=27
  chamfer=7.52739e+07 strat=7.54478e+07 (0.00231034) is=7.86581e+07 (0.0449591)
Step 2324 |A|=60000 |Bwin|=500 T=200 L=27
  chamfer=7.61659e+07 strat=7.79331e+07 (0.0232017) is=7.54551e+07 (-0.00933184)
Step 2490 |A|=60000 |Bwin|=500 T=200 L=27
  chamfer=7.61729e+07 strat=7.55042e+07 (-0.0087777) is=8.11169e+07 (0.0649051)
Step 2656 |A|=60000 |Bwin|=500 T=200 L=27
  chamfer=7.59201e+07 strat=7.78651e+07 (0.0256186) is=6.96682e+07 (-0.0823484)
Step 2822 |A|=60000 |Bwin|=500 T=200 L=27
  chamfer=7.5441e+07 strat=7.40327e+07 (-0.0186676) is=8.00169e+07 (0.0606551)
Step 2988 |A|=60000 |Bwin|=500 T=200 L=27
  chamfer=7.58256e+07 strat=7.4087e+07 (-0.0229298) is=7.91266e+07 (0.0435333)
Step 3154 |A|=60000 |Bwin|=500 T=200 L=27
  chamfer=7.61174e+07 strat=7.77621e+07 (0.0216078) is=7.91764e+07 (0.0401883)
Step 3320 |A|=60000 |Bwin|=500 T=200 L=27
  chamfer=7.61798e+07 strat=7.53664e+07 (-0.0106771) is=7.55173e+07 (-0.00869639)
Step 3486 |A|=60000 |Bwin|=500 T=200 L=27
  chamfer=7.59083e+07 strat=7.50093e+07 (-0.011844) is=7.70998e+07 (0.0156957)
Step 3652 |A|=60000 |Bwin|=500 T=200 L=27
  chamfer=7.59131e+07 strat=7.60456e+07 (0.00174429) is=8.01201e+07 (0.0554175)
Step 3818 |A|=60000 |Bwin|=500 T=200 L=27
  chamfer=7.58834e+07 strat=7.70454e+07 (0.0153139) is=7.5229e+07 (-0.008623)
Step 3984 |A|=60000 |Bwin|=500 T=200 L=27
  chamfer=7.59164e+07 strat=7.87405e+07 (0.0371999) is=7.57844e+07 (-0.00173936)
Step 4150 |A|=60000 |Bwin|=500 T=200 L=27
  chamfer=7.60795e+07 strat=7.34762e+07 (-0.0342182) is=7.3352e+07 (-0.0358504)
Step 4316 |A|=60000 |Bwin|=500 T=200 L=27
  chamfer=7.60934e+07 strat=7.54958e+07 (-0.00785446) is=7.69924e+07 (0.0118143)
Step 4482 |A|=60000 |Bwin|=500 T=200 L=27
  chamfer=7.59757e+07 strat=7.5508e+07 (-0.00615565) is=7.39148e+07 (-0.0271259)
Step 4648 |A|=60000 |Bwin|=500 T=200 L=27
  chamfer=7.60508e+07 strat=7.70474e+07 (0.0131041) is=8.00101e+07 (0.0520609)
Step 4814 |A|=60000 |Bwin|=500 T=200 L=27
  chamfer=7.58275e+07 strat=7.6903e+07 (0.0141832) is=7.99504e+07 (0.0543718)
Step 4980 |A|=60000 |Bwin|=500 T=200 L=27
  chamfer=7.5775e+07 strat=7.74864e+07 (0.0225852) is=7.92201e+07 (0.0454648)
Step 5146 |A|=60000 |Bwin|=500 T=200 L=27
  chamfer=7.6206e+07 strat=7.59393e+07 (-0.0034997) is=8.03506e+07 (0.0543874)
Step 5312 |A|=60000 |Bwin|=500 T=200 L=27
  chamfer=7.59706e+07 strat=7.64824e+07 (0.00673667) is=7.68418e+07 (0.0114672)
Step 5478 |A|=60000 |Bwin|=500 T=200 L=27
  chamfer=7.58271e+07 strat=7.66675e+07 (0.0110826) is=7.60588e+07 (0.00305547)
Step 5644 |A|=60000 |Bwin|=500 T=200 L=27
  chamfer=7.56264e+07 strat=7.70174e+07 (0.0183933) is=7.98542e+07 (0.055904)
Step 5810 |A|=60000 |Bwin|=500 T=200 L=27
  chamfer=7.57292e+07 strat=7.66746e+07 (0.0124837) is=7.9651e+07 (0.0517863)
Step 5976 |A|=60000 |Bwin|=500 T=200 L=27
  chamfer=7.59242e+07 strat=7.64367e+07 (0.0067501) is=7.39787e+07 (-0.0256249)
Step 6142 |A|=60000 |Bwin|=500 T=200 L=27
  chamfer=7.62646e+07 strat=7.62594e+07 (-6.84416e-05) is=7.21008e+07 (-0.0545965)
Step 6308 |A|=60000 |Bwin|=500 T=200 L=27
  chamfer=7.62956e+07 strat=7.65845e+07 (0.00378674) is=8.109e+07 (0.0628393)
Step 6474 |A|=60000 |Bwin|=500 T=200 L=27
  chamfer=7.62056e+07 strat=7.72486e+07 (0.0136866) is=8.03551e+07 (0.0544507)
Step 6640 |A|=60000 |Bwin|=500 T=200 L=27
  chamfer=7.62003e+07 strat=7.20714e+07 (-0.0541842) is=7.6927e+07 (0.00953768)
Step 6806 |A|=60000 |Bwin|=500 T=200 L=27
  chamfer=7.63876e+07 strat=7.88441e+07 (0.0321595) is=7.48546e+07 (-0.0200676)
Step 6972 |A|=60000 |Bwin|=500 T=200 L=27
  chamfer=7.66988e+07 strat=7.83543e+07 (0.0215852) is=8.18948e+07 (0.0677451)
Step 7138 |A|=60000 |Bwin|=500 T=200 L=27
  chamfer=7.6005e+07 strat=7.73604e+07 (0.0178328) is=7.48848e+07 (-0.0147379)
Step 7304 |A|=60000 |Bwin|=500 T=200 L=27
  chamfer=7.59728e+07 strat=7.46155e+07 (-0.0178653) is=7.61789e+07 (0.00271321)
Step 7470 |A|=60000 |Bwin|=500 T=200 L=27
  chamfer=7.57001e+07 strat=7.44553e+07 (-0.016444) is=7.10818e+07 (-0.0610079)
Step 7636 |A|=60000 |Bwin|=500 T=200 L=27
  chamfer=7.59814e+07 strat=7.78995e+07 (0.025244) is=7.48532e+07 (-0.0148484)
Step 7802 |A|=60000 |Bwin|=500 T=200 L=27
  chamfer=7.57592e+07 strat=7.84821e+07 (0.0359414) is=7.38422e+07 (-0.025304)
Step 7968 |A|=60000 |Bwin|=500 T=200 L=27
  chamfer=7.60701e+07 strat=7.5906e+07 (-0.0021571) is=7.75509e+07 (0.0194662)
Step 8134 |A|=60000 |Bwin|=500 T=200 L=27
  chamfer=7.59887e+07 strat=7.17622e+07 (-0.0556204) is=7.66593e+07 (0.00882567)
Step 8300 |A|=60000 |Bwin|=500 T=200 L=27
  chamfer=7.64099e+07 strat=7.48753e+07 (-0.0200831) is=7.57458e+07 (-0.00869135)
Step 8466 |A|=60000 |Bwin|=500 T=200 L=27
  chamfer=7.60042e+07 strat=7.61947e+07 (0.00250696) is=7.63601e+07 (0.00468255)
Step 8632 |A|=60000 |Bwin|=500 T=200 L=27
  chamfer=7.5934e+07 strat=7.29358e+07 (-0.039484) is=7.56144e+07 (-0.0042081)
Step 8798 |A|=60000 |Bwin|=500 T=200 L=27
  chamfer=7.56676e+07 strat=7.54291e+07 (-0.00315116) is=7.1785e+07 (-0.0513104)
Step 8964 |A|=60000 |Bwin|=500 T=200 L=27
  chamfer=7.57289e+07 strat=7.58226e+07 (0.00123649) is=7.87909e+07 (0.0404337)
Step 9130 |A|=60000 |Bwin|=500 T=200 L=27
  chamfer=7.59564e+07 strat=7.34382e+07 (-0.0331531) is=8.00479e+07 (0.0538667)
Step 9296 |A|=60000 |Bwin|=500 T=200 L=27
  chamfer=7.60682e+07 strat=7.23267e+07 (-0.0491853) is=7.68617e+07 (0.0104316)
Step 9462 |A|=60000 |Bwin|=500 T=200 L=27
  chamfer=7.62539e+07 strat=7.83777e+07 (0.0278512) is=7.51247e+07 (-0.0148082)
Step 9628 |A|=60000 |Bwin|=500 T=200 L=27
  chamfer=7.62601e+07 strat=7.89083e+07 (0.0347264) is=7.43469e+07 (-0.0250878)
Step 9794 |A|=60000 |Bwin|=500 T=200 L=27
  chamfer=7.59861e+07 strat=7.43505e+07 (-0.0215249) is=7.67639e+07 (0.0102365)
Step 9960 |A|=60000 |Bwin|=500 T=200 L=27
  chamfer=7.59066e+07 strat=7.40385e+07 (-0.0246105) is=7.27109e+07 (-0.0421014)

========== TIMING SUMMARY (ms) ==========
E2LSH K=98 L_final=27 queries=57 update_ops=10000 mode=e2lsh-only
wall_ms_total=3707.766
per_update_ms e2lsh=0.113 quadtree=0.000 uniform=0.000 benchmark=0.000
--- E2LSH structure ---
  init_insert_A_ms=1737.367
  update_ms_total=364.290  update_ms_avg=0.036
--- E2LSH stratified ---
  query_ms_total=764.793  query_ms_avg=13.417
--- E2LSH importance ---
  query_ms_total=765.631  query_ms_avg=13.432
--- Optional ---
  exact_chamfer mode=cache update_ms_total=0.000 update_ms_avg=0.000 query_ms_total=0.041 query_ms_avg=0.001 path=output/sampling_ablation/fashion/exact_no/exact_cache.csv
=========================================
Done. queries=57 wrote D:\Develop\native-l2-e2lsh-chamfer\output\sampling_ablation\fashion\no_seed3\compare_cost_log.csv
Wrote timing summary to D:\Develop\native-l2-e2lsh-chamfer\output\sampling_ablation\fashion\no_seed3\timing_summary.json

========== E2LSH BREAKDOWN (ms) ==========
insertA total=1579.65 (h0=662.75 hash=47.64 exact=130.99 map=0.00 coord_io=0.00 posting=0.00 resolve=540.10 sampler=64.62 other=133.56)
insertB total=292.31 (h0=125.89 resolve=105.52 exact+sampler=55.21 other=5.70)
deleteB total=66.15 (membership=59.25 exact+sampler=3.03 other=3.87)
expandTop total=0.44 count=27
query total=1526.69 (sample=95.80 Da=0.00 NN=1430.76 overhead=0.13 io=0.00 reads=0)
fractions of profiled E2LSH (3465.24 ms): NN=41.29% sample=2.76% Da=0.00% structure=55.94%
==========================================
