seed=2 e2lsh_only=1 no_outlier=1 estimator=queryStratified with_is=1 T_override=300 storage_dir=D:\Develop\native-l2-e2lsh-chamfer\output\sampling_ablation\gist\no_seed2\store
loading D:\Develop\native-l2-e2lsh-chamfer\data\GIST_1M/base.f32bin (flat f32 stream for e2lsh-only)
loading D:\Develop\native-l2-e2lsh-chamfer\data\GIST_1M/query.f32bin
window_size=50 query_interval=17 |A|=1000000 |B|=1000 dim=960 (flat-A)
exact=cache hit path=D:\Develop\native-l2-e2lsh-chamfer\output\sampling_ablation\gist\exact_no\exact_cache.csv entries=56
omp_threads=1
E2LSH-only mode: skipping QuadTree and Uniform
E2LSH K=119 rho=0.0001 n_max=1001074 (formula: K=max(1,ceil(4*ln(8*n_max^2)))) backend=external
storage_dir=D:\Develop\native-l2-e2lsh-chamfer\output\sampling_ablation\gist\no_seed2\store O_DIRECT=1 async=1
E2LSH insertA progress 114688/1000000
E2LSH insertA progress 212992/1000000
E2LSH insertA progress 311296/1000000
E2LSH insertA progress 409600/1000000
E2LSH insertA progress 507904/1000000
E2LSH insertA progress 606208/1000000
E2LSH insertA progress 704512/1000000
E2LSH insertA progress 802816/1000000
E2LSH insertA progress 901120/1000000
E2LSH insertA progress 1000000/1000000
E2LSH A insert done in 28513.6 ms L=18 D=5.24288e+07
strata invariant OK sumN=1000000 pos=1000000
Step 51 |A|=1000000 |Bwin|=50 T=300 L=18
  chamfer=1.42972e+06 strat=1.42723e+06 (-0.00174367) is=1.39807e+06 (-0.0221377)
Step 68 |A|=1000000 |Bwin|=50 T=300 L=18
  chamfer=1.44857e+06 strat=1.43371e+06 (-0.0102572) is=1.41639e+06 (-0.022211)
Step 85 |A|=1000000 |Bwin|=50 T=300 L=18
  chamfer=1.44056e+06 strat=1.4519e+06 (0.00787067) is=1.46974e+06 (0.0202525)
Step 102 |A|=1000000 |Bwin|=50 T=300 L=18
  chamfer=1.43864e+06 strat=1.44443e+06 (0.00402178) is=1.3941e+06 (-0.0309636)
Step 119 |A|=1000000 |Bwin|=50 T=300 L=18
  chamfer=1.43112e+06 strat=1.41383e+06 (-0.0120824) is=1.38665e+06 (-0.0310694)
Step 136 |A|=1000000 |Bwin|=50 T=300 L=18
  chamfer=1.42304e+06 strat=1.45378e+06 (0.0216028) is=1.34734e+06 (-0.0531946)
Step 153 |A|=1000000 |Bwin|=50 T=300 L=18
  chamfer=1.39699e+06 strat=1.3772e+06 (-0.0141725) is=1.38482e+06 (-0.00871291)
Step 170 |A|=1000000 |Bwin|=50 T=300 L=18
  chamfer=1.3857e+06 strat=1.37133e+06 (-0.0103737) is=1.37506e+06 (-0.00768017)
Step 187 |A|=1000000 |Bwin|=50 T=300 L=18
  chamfer=1.38659e+06 strat=1.38364e+06 (-0.00213177) is=1.41814e+06 (0.0227528)
Step 204 |A|=1000000 |Bwin|=50 T=300 L=18
  chamfer=1.38833e+06 strat=1.38978e+06 (0.00104734) is=1.41216e+06 (0.0171614)
Step 221 |A|=1000000 |Bwin|=50 T=300 L=18
  chamfer=1.3861e+06 strat=1.40029e+06 (0.0102316) is=1.3863e+06 (0.000138774)
Step 238 |A|=1000000 |Bwin|=50 T=300 L=18
  chamfer=1.38997e+06 strat=1.37889e+06 (-0.00796895) is=1.40228e+06 (0.00885757)
Step 255 |A|=1000000 |Bwin|=50 T=300 L=18
  chamfer=1.4651e+06 strat=1.48209e+06 (0.0115923) is=1.46108e+06 (-0.00274439)
Step 272 |A|=1000000 |Bwin|=50 T=300 L=18
  chamfer=1.44209e+06 strat=1.45958e+06 (0.0121294) is=1.41635e+06 (-0.0178509)
Step 289 |A|=1000000 |Bwin|=50 T=300 L=18
  chamfer=1.37974e+06 strat=1.39322e+06 (0.00976764) is=1.3805e+06 (0.000551794)
Step 306 |A|=1000000 |Bwin|=50 T=300 L=18
  chamfer=1.37993e+06 strat=1.3816e+06 (0.00120847) is=1.35109e+06 (-0.0209014)
Step 323 |A|=1000000 |Bwin|=50 T=300 L=18
  chamfer=1.39054e+06 strat=1.41845e+06 (0.0200651) is=1.32607e+06 (-0.0463628)
Step 340 |A|=1000000 |Bwin|=50 T=300 L=18
  chamfer=1.3963e+06 strat=1.43092e+06 (0.0247975) is=1.41709e+06 (0.0148914)
Step 357 |A|=1000000 |Bwin|=50 T=300 L=18
  chamfer=1.40095e+06 strat=1.38775e+06 (-0.00942123) is=1.3728e+06 (-0.0200903)
Step 374 |A|=1000000 |Bwin|=50 T=300 L=18
  chamfer=1.40023e+06 strat=1.4508e+06 (0.0361164) is=1.39619e+06 (-0.00288898)
Step 391 |A|=1000000 |Bwin|=50 T=300 L=18
  chamfer=1.40165e+06 strat=1.45503e+06 (0.0380843) is=1.37111e+06 (-0.0217882)
Step 408 |A|=1000000 |Bwin|=50 T=300 L=18
  chamfer=1.38552e+06 strat=1.35217e+06 (-0.0240718) is=1.35933e+06 (-0.0188979)
Step 425 |A|=1000000 |Bwin|=50 T=300 L=18
  chamfer=1.39709e+06 strat=1.4078e+06 (0.00766685) is=1.39732e+06 (0.00016503)
Step 442 |A|=1000000 |Bwin|=50 T=300 L=18
  chamfer=1.41795e+06 strat=1.41999e+06 (0.0014391) is=1.43673e+06 (0.0132408)
Step 459 |A|=1000000 |Bwin|=50 T=300 L=18
  chamfer=1.40294e+06 strat=1.378e+06 (-0.0177817) is=1.34171e+06 (-0.0436445)
Step 476 |A|=1000000 |Bwin|=50 T=300 L=18
  chamfer=1.39401e+06 strat=1.43182e+06 (0.0271246) is=1.4084e+06 (0.0103234)
Step 493 |A|=1000000 |Bwin|=50 T=300 L=18
  chamfer=1.37989e+06 strat=1.36662e+06 (-0.009617) is=1.40508e+06 (0.0182529)
Step 510 |A|=1000000 |Bwin|=50 T=300 L=18
  chamfer=1.38209e+06 strat=1.3733e+06 (-0.00636393) is=1.43997e+06 (0.0418784)
Step 527 |A|=1000000 |Bwin|=50 T=300 L=18
  chamfer=1.38231e+06 strat=1.38914e+06 (0.00494545) is=1.39913e+06 (0.0121732)
Step 544 |A|=1000000 |Bwin|=50 T=300 L=18
  chamfer=1.37425e+06 strat=1.3909e+06 (0.0121107) is=1.38853e+06 (0.0103866)
Step 561 |A|=1000000 |Bwin|=50 T=300 L=18
  chamfer=1.3649e+06 strat=1.33776e+06 (-0.0198834) is=1.40816e+06 (0.0316928)
Step 578 |A|=1000000 |Bwin|=50 T=300 L=18
  chamfer=1.35968e+06 strat=1.38969e+06 (0.0220711) is=1.30164e+06 (-0.0426874)
Step 595 |A|=1000000 |Bwin|=50 T=300 L=18
  chamfer=1.36353e+06 strat=1.35443e+06 (-0.00667408) is=1.37299e+06 (0.00693726)
Step 612 |A|=1000000 |Bwin|=50 T=300 L=18
  chamfer=1.3771e+06 strat=1.38345e+06 (0.00461203) is=1.41971e+06 (0.0309407)
Step 629 |A|=1000000 |Bwin|=50 T=300 L=18
  chamfer=1.41491e+06 strat=1.40394e+06 (-0.00774962) is=1.42323e+06 (0.00588264)
Step 646 |A|=1000000 |Bwin|=50 T=300 L=18
  chamfer=1.39789e+06 strat=1.41079e+06 (0.00922397) is=1.467e+06 (0.0494355)
Step 663 |A|=1000000 |Bwin|=50 T=300 L=18
  chamfer=1.42283e+06 strat=1.44265e+06 (0.0139301) is=1.43032e+06 (0.00526777)
Step 680 |A|=1000000 |Bwin|=50 T=300 L=18
  chamfer=1.39849e+06 strat=1.40333e+06 (0.00345613) is=1.38243e+06 (-0.011485)
Step 697 |A|=1000000 |Bwin|=50 T=300 L=18
  chamfer=1.3961e+06 strat=1.39591e+06 (-0.000136067) is=1.38283e+06 (-0.00950302)
Step 714 |A|=1000000 |Bwin|=50 T=300 L=18
  chamfer=1.38645e+06 strat=1.39297e+06 (0.00470337) is=1.37336e+06 (-0.00944262)
Step 731 |A|=1000000 |Bwin|=50 T=300 L=18
  chamfer=1.38795e+06 strat=1.36222e+06 (-0.0185373) is=1.46554e+06 (0.0559026)
Step 748 |A|=1000000 |Bwin|=50 T=300 L=18
  chamfer=1.3895e+06 strat=1.40134e+06 (0.0085231) is=1.31556e+06 (-0.0532099)
Step 765 |A|=1000000 |Bwin|=50 T=300 L=18
  chamfer=1.38568e+06 strat=1.36463e+06 (-0.0151905) is=1.45871e+06 (0.0527017)
Step 782 |A|=1000000 |Bwin|=50 T=300 L=18
  chamfer=1.38438e+06 strat=1.40497e+06 (0.0148735) is=1.39443e+06 (0.00725428)
Step 799 |A|=1000000 |Bwin|=50 T=300 L=18
  chamfer=1.3816e+06 strat=1.4171e+06 (0.0256886) is=1.30853e+06 (-0.0528882)
Step 816 |A|=1000000 |Bwin|=50 T=300 L=18
  chamfer=1.384e+06 strat=1.34636e+06 (-0.0271919) is=1.40494e+06 (0.0151369)
Step 833 |A|=1000000 |Bwin|=50 T=300 L=18
  chamfer=1.39102e+06 strat=1.39324e+06 (0.00159825) is=1.43662e+06 (0.0327837)
Step 850 |A|=1000000 |Bwin|=50 T=300 L=18
  chamfer=1.41782e+06 strat=1.40323e+06 (-0.0102883) is=1.41804e+06 (0.000159108)
Step 867 |A|=1000000 |Bwin|=50 T=300 L=18
  chamfer=1.40072e+06 strat=1.42067e+06 (0.0142405) is=1.43111e+06 (0.0216946)
Step 884 |A|=1000000 |Bwin|=50 T=300 L=18
  chamfer=1.39604e+06 strat=1.38432e+06 (-0.00839957) is=1.38843e+06 (-0.00545169)
Step 901 |A|=1000000 |Bwin|=50 T=300 L=18
  chamfer=1.42594e+06 strat=1.4285e+06 (0.00180103) is=1.52743e+06 (0.0711764)
Step 918 |A|=1000000 |Bwin|=50 T=300 L=18
  chamfer=1.42707e+06 strat=1.42749e+06 (0.000293524) is=1.47529e+06 (0.0337896)
Step 935 |A|=1000000 |Bwin|=50 T=300 L=18
  chamfer=1.41379e+06 strat=1.39681e+06 (-0.0120073) is=1.49201e+06 (0.0553318)
Step 952 |A|=1000000 |Bwin|=50 T=300 L=18
  chamfer=1.40195e+06 strat=1.40741e+06 (0.00389208) is=1.41748e+06 (0.0110763)
Step 969 |A|=1000000 |Bwin|=50 T=300 L=18
  chamfer=1.38909e+06 strat=1.39125e+06 (0.00155677) is=1.38304e+06 (-0.00435658)
Step 986 |A|=1000000 |Bwin|=50 T=300 L=18
  chamfer=1.40591e+06 strat=1.36667e+06 (-0.0279083) is=1.37881e+06 (-0.0192791)

========== TIMING SUMMARY (ms) ==========
E2LSH K=119 L_final=18 queries=56 update_ops=1000 mode=e2lsh-only
wall_ms_total=30298.945
per_update_ms e2lsh=1.163 quadtree=0.000 uniform=0.000 benchmark=0.000
--- E2LSH structure ---
  init_insert_A_ms=28513.599
  update_ms_total=442.693  update_ms_avg=0.443
--- E2LSH stratified ---
  query_ms_total=720.447  query_ms_avg=12.865
--- E2LSH importance ---
  query_ms_total=576.466  query_ms_avg=10.294
--- Optional ---
  exact_chamfer mode=cache update_ms_total=0.000 update_ms_avg=0.000 query_ms_total=0.053 query_ms_avg=0.001 path=D:\Develop\native-l2-e2lsh-chamfer\output\sampling_ablation\gist\exact_no\exact_cache.csv
=========================================
Done. queries=56 wrote D:\Develop\native-l2-e2lsh-chamfer\output\sampling_ablation\gist\no_seed2\compare_cost_log.csv
Wrote timing summary to D:\Develop\native-l2-e2lsh-chamfer\output\sampling_ablation\gist\no_seed2\timing_summary.json

========== E2LSH BREAKDOWN (ms) ==========
insertA total=24625.11 (h0=15353.18 hash=831.64 exact=0.00 map=0.00 coord_io=3743.24 posting=812.23 resolve=3378.40 sampler=3.87 other=502.55)
insertB total=254.52 (h0=22.23 resolve=42.79 exact+sampler=188.40 other=1.10)
deleteB total=187.39 (membership=186.76 exact+sampler=0.16 other=0.47)
expandTop total=0.25 count=18
query total=1228.21 (sample=420.37 Da=0.00 NN=158.15 overhead=0.11 io=649.58 reads=64473)
fractions of profiled E2LSH (26295.48 ms): NN=0.60% sample=1.60% Da=0.00% structure=95.33%
==========================================
