seed=3 estimator=queryStratified T_override=150
loading D:\Develop\native-l2-e2lsh-chamfer\data\TextEmbedding/base_with_outlier.f32bin
loading D:\Develop\native-l2-e2lsh-chamfer\data\TextEmbedding/query.f32bin
window_size=100 query_interval=20 |A|=1881 |B|=1178 dim=300
exact=cache hit path=D:\Develop\native-l2-e2lsh-chamfer\output\paper_uni\textemb\exact_out\exact_cache.csv entries=54
omp_threads=1
1414.62 0.0001
diameter=1414.62 aspect=1.41462e+07 depth=24
QuadTree A insert done in 81.9686 ms
E2LSH K=98 rho=0.0001 n_max=70000 (formula: K=max(1,ceil(4*ln(8*n_max^2)))) backend=ram
E2LSH A insert done in 12.9298 ms L=24 D=6.31159e+06
strata invariant OK sumN=1617 pos=1617
Step 100 |A|=1881 |Bwin|=100 T=150 L=24
NN_MICROBENCH reps=4096 e2_ms=12.5845 flat_ms=12.5173 ratio_slow_over_fast=1.00537 e2_nB=100 flat_nB=100 e2_align=0 flat_align=0 note=timed status=OK sink=33402.1
  chamfer=5067.69 qt=5196.8 (0.0254782) e2(strat)=5016.79 (-0.0100441) uni=4420.02 (-0.127803)
Step 120 |A|=1881 |Bwin|=100 T=150 L=24
  chamfer=5128.82 qt=4896.77 (-0.0452427) e2(strat)=5175.64 (0.00912956) uni=13345.7 (1.6021)
Step 140 |A|=1881 |Bwin|=100 T=150 L=24
  chamfer=5298.95 qt=5835.81 (0.101313) e2(strat)=5328.99 (0.00566757) uni=4659.53 (-0.120669)
Step 160 |A|=1881 |Bwin|=100 T=150 L=24
  chamfer=5480.34 qt=5763.15 (0.0516057) e2(strat)=5502.39 (0.00402416) uni=4489.41 (-0.180815)
Step 180 |A|=1881 |Bwin|=100 T=150 L=24
  chamfer=5575.53 qt=5273.93 (-0.0540934) e2(strat)=5655.23 (0.014294) uni=4849.47 (-0.130223)
Step 200 |A|=1881 |Bwin|=100 T=150 L=24
  chamfer=5652.03 qt=5793.52 (0.0250338) e2(strat)=5523.04 (-0.0228217) uni=5077.75 (-0.101605)
Step 220 |A|=1881 |Bwin|=100 T=150 L=24
  chamfer=5619.42 qt=5558.88 (-0.0107736) e2(strat)=5650.93 (0.00560767) uni=4938.9 (-0.121101)
Step 240 |A|=1881 |Bwin|=100 T=150 L=24
  chamfer=5773.93 qt=5372.58 (-0.0695107) e2(strat)=5820.21 (0.00801472) uni=4925.64 (-0.146917)
Step 260 |A|=1881 |Bwin|=100 T=150 L=24
  chamfer=5592.82 qt=5217.44 (-0.0671181) e2(strat)=5778.78 (0.0332497) uni=4912.3 (-0.121678)
Step 280 |A|=1881 |Bwin|=100 T=150 L=24
  chamfer=5641.32 qt=5929.46 (0.0510767) e2(strat)=5489.38 (-0.0269327) uni=4829.69 (-0.143873)
Step 300 |A|=1881 |Bwin|=100 T=150 L=24
  chamfer=5505.37 qt=6040.06 (0.0971215) e2(strat)=5395.75 (-0.0199112) uni=4887.05 (-0.112312)
Step 320 |A|=1881 |Bwin|=100 T=150 L=24
  chamfer=5501.05 qt=5777.4 (0.0502358) e2(strat)=5707.04 (0.0374453) uni=4800.2 (-0.127402)
Step 340 |A|=1881 |Bwin|=100 T=150 L=24
  chamfer=5419.61 qt=5317.05 (-0.0189253) e2(strat)=5295.06 (-0.0229814) uni=4815.08 (-0.111545)
Step 360 |A|=1881 |Bwin|=100 T=150 L=24
  chamfer=5440.51 qt=4873.52 (-0.104216) e2(strat)=5575.5 (0.0248119) uni=4921.56 (-0.095385)
Step 380 |A|=1881 |Bwin|=100 T=150 L=24
  chamfer=5444.01 qt=5598.42 (0.0283637) e2(strat)=5467.99 (0.00440543) uni=4732.28 (-0.130736)
Step 400 |A|=1881 |Bwin|=100 T=150 L=24
  chamfer=5637.63 qt=5021.9 (-0.109217) e2(strat)=5632.7 (-0.000874093) uni=4858.24 (-0.138247)
Step 420 |A|=1881 |Bwin|=100 T=150 L=24
  chamfer=5531.33 qt=5862.14 (0.0598067) e2(strat)=5609.47 (0.0141277) uni=4913.25 (-0.111742)
Step 440 |A|=1881 |Bwin|=100 T=150 L=24
  chamfer=5834.67 qt=5861.78 (0.00464575) e2(strat)=5849.15 (0.00248095) uni=5235.86 (-0.10263)
Step 460 |A|=1881 |Bwin|=100 T=150 L=24
  chamfer=5727.72 qt=5995.55 (0.0467596) e2(strat)=5609.08 (-0.0207141) uni=4939.77 (-0.137567)
Step 480 |A|=1881 |Bwin|=100 T=150 L=24
  chamfer=5633.88 qt=5314.54 (-0.0566824) e2(strat)=5576.81 (-0.0101312) uni=4788.09 (-0.150127)
Step 500 |A|=1881 |Bwin|=100 T=150 L=24
  chamfer=5534.33 qt=5673.65 (0.0251729) e2(strat)=5310.46 (-0.0404515) uni=4745.56 (-0.142523)
Step 520 |A|=1881 |Bwin|=100 T=150 L=24
  chamfer=5488.87 qt=4970.71 (-0.0944015) e2(strat)=5448.64 (-0.00732786) uni=4539.72 (-0.172922)
Step 540 |A|=1881 |Bwin|=100 T=150 L=24
  chamfer=5445.8 qt=5523.56 (0.014278) e2(strat)=5364.58 (-0.0149137) uni=4785.67 (-0.121219)
Step 560 |A|=1881 |Bwin|=100 T=150 L=24
  chamfer=5447.73 qt=4870.66 (-0.105928) e2(strat)=5428.88 (-0.00345934) uni=4580.22 (-0.159243)
Step 580 |A|=1881 |Bwin|=100 T=150 L=24
  chamfer=5499 qt=5251.66 (-0.0449793) e2(strat)=5512.81 (0.00251159) uni=4786.33 (-0.129601)
Step 600 |A|=1881 |Bwin|=100 T=150 L=24
  chamfer=5544.98 qt=5583.54 (0.00695447) e2(strat)=5617.19 (0.0130231) uni=4835.53 (-0.127945)
Step 620 |A|=1881 |Bwin|=100 T=150 L=24
  chamfer=5648.84 qt=6226.25 (0.102217) e2(strat)=5518.02 (-0.0231583) uni=4765.87 (-0.15631)
Step 640 |A|=1881 |Bwin|=100 T=150 L=24
  chamfer=5613.87 qt=5712.95 (0.0176491) e2(strat)=5424.3 (-0.0337683) uni=4837.4 (-0.138314)
Step 660 |A|=1881 |Bwin|=100 T=150 L=24
  chamfer=5436.44 qt=5348.26 (-0.0162213) e2(strat)=5449.32 (0.00236874) uni=4748.93 (-0.126464)
Step 680 |A|=1881 |Bwin|=100 T=150 L=24
  chamfer=5275.62 qt=5406.96 (0.0248941) e2(strat)=5340.19 (0.012238) uni=4600.58 (-0.127955)
Step 700 |A|=1881 |Bwin|=100 T=150 L=24
  chamfer=5190.28 qt=5648.01 (0.0881889) e2(strat)=5223.32 (0.00636564) uni=4417.44 (-0.148902)
Step 720 |A|=1881 |Bwin|=100 T=150 L=24
  chamfer=5190.57 qt=5393.74 (0.0391425) e2(strat)=5277.36 (0.0167208) uni=4466.58 (-0.139481)
Step 740 |A|=1881 |Bwin|=100 T=150 L=24
  chamfer=5303.49 qt=5744.43 (0.0831418) e2(strat)=5196.01 (-0.0202659) uni=13635.3 (1.57102)
Step 760 |A|=1881 |Bwin|=100 T=150 L=24
  chamfer=5358.65 qt=5131.43 (-0.0424019) e2(strat)=5338.43 (-0.00377194) uni=4984.64 (-0.0697953)
Step 780 |A|=1881 |Bwin|=100 T=150 L=24
  chamfer=5468.79 qt=5821.21 (0.0644414) e2(strat)=5423.48 (-0.00828525) uni=4449.59 (-0.186366)
Step 800 |A|=1881 |Bwin|=100 T=150 L=24
  chamfer=5607.79 qt=5359.65 (-0.04425) e2(strat)=5861.33 (0.0452119) uni=4902.18 (-0.125827)
Step 820 |A|=1881 |Bwin|=100 T=150 L=24
  chamfer=5602.71 qt=5115.6 (-0.0869409) e2(strat)=5560.4 (-0.00755109) uni=4752.85 (-0.151686)
Step 840 |A|=1881 |Bwin|=100 T=150 L=24
  chamfer=5435.07 qt=5221.13 (-0.0393637) e2(strat)=5422.25 (-0.00235915) uni=13624.1 (1.50669)
Step 860 |A|=1881 |Bwin|=100 T=150 L=24
  chamfer=5455.67 qt=5545.32 (0.0164332) e2(strat)=5554.57 (0.0181278) uni=4699.88 (-0.138532)
Step 880 |A|=1881 |Bwin|=100 T=150 L=24
  chamfer=5447.26 qt=5499.88 (0.00965956) e2(strat)=5494.12 (0.00860335) uni=4431.57 (-0.186458)
Step 900 |A|=1881 |Bwin|=100 T=150 L=24
  chamfer=5510.38 qt=5537.64 (0.00494691) e2(strat)=5574.53 (0.0116412) uni=5186.39 (-0.0587964)
Step 920 |A|=1881 |Bwin|=100 T=150 L=24
  chamfer=5312.14 qt=5030.35 (-0.053048) e2(strat)=5339.11 (0.00507618) uni=4693.11 (-0.116532)
Step 940 |A|=1881 |Bwin|=100 T=150 L=24
  chamfer=5250.08 qt=5290.49 (0.00769724) e2(strat)=5251.65 (0.000299396) uni=4398.57 (-0.162189)
Step 960 |A|=1881 |Bwin|=100 T=150 L=24
  chamfer=5298.11 qt=5106.85 (-0.0360993) e2(strat)=5365.62 (0.0127419) uni=4610.7 (-0.129747)
Step 980 |A|=1881 |Bwin|=100 T=150 L=24
  chamfer=5210.53 qt=5286.61 (0.0146007) e2(strat)=5047.59 (-0.0312707) uni=4040.48 (-0.224555)
Step 1000 |A|=1881 |Bwin|=100 T=150 L=24
  chamfer=5140.97 qt=4973.68 (-0.0325405) e2(strat)=5153.11 (0.00236016) uni=4032.44 (-0.215627)
Step 1020 |A|=1881 |Bwin|=100 T=150 L=24
  chamfer=5218.36 qt=4490.11 (-0.139556) e2(strat)=5180.54 (-0.00724899) uni=4649.41 (-0.10903)
Step 1040 |A|=1881 |Bwin|=100 T=150 L=24
  chamfer=5352.95 qt=5062.03 (-0.0543479) e2(strat)=5188.73 (-0.0306777) uni=4559.03 (-0.148314)
Step 1060 |A|=1881 |Bwin|=100 T=150 L=24
  chamfer=5381.47 qt=5829.23 (0.083205) e2(strat)=5433.41 (0.00965264) uni=4901.95 (-0.0891054)
Step 1080 |A|=1881 |Bwin|=100 T=150 L=24
  chamfer=5501.36 qt=5054.79 (-0.0811746) e2(strat)=5526.99 (0.00465921) uni=5227.21 (-0.0498316)
Step 1100 |A|=1881 |Bwin|=100 T=150 L=24
  chamfer=5465.63 qt=5566.19 (0.0184) e2(strat)=5474.66 (0.00165327) uni=4725.41 (-0.135432)
Step 1120 |A|=1881 |Bwin|=100 T=150 L=24
  chamfer=5475.88 qt=5877.04 (0.0732587) e2(strat)=5635.68 (0.0291822) uni=4751.19 (-0.132342)
Step 1140 |A|=1881 |Bwin|=100 T=150 L=24
  chamfer=5424.72 qt=5271.05 (-0.0283289) e2(strat)=5432.65 (0.00146133) uni=13676.2 (1.52109)
Step 1160 |A|=1881 |Bwin|=100 T=150 L=24
  chamfer=5540.6 qt=5231.22 (-0.0558398) e2(strat)=5323.19 (-0.0392391) uni=4794.33 (-0.134691)

========== TIMING SUMMARY (ms) ==========
E2LSH K=98 L_final=24 queries=54 update_ops=1178
wall_ms_total=350.086
per_update_ms e2lsh=0.028 quadtree=0.110 uniform=0.023 benchmark=0.000
--- QuadTree ---
  init_insert_A_ms=81.969
  update_ms_total=94.943  update_ms_avg=0.081
  query_ms_total=34.636  query_ms_avg=0.641
--- E2LSH structure ---
  init_insert_A_ms=12.930
  update_ms_total=11.225  update_ms_avg=0.010
--- E2LSH stratified ---
  query_ms_total=21.599  query_ms_avg=0.400
--- Optional ---
  uniform_query_ms_total=27.490  uniform_query_ms_avg=0.509
  exact_chamfer mode=cache update_ms_total=0.000 update_ms_avg=0.000 query_ms_total=0.012 query_ms_avg=0.000 path=D:\Develop\native-l2-e2lsh-chamfer\output\paper_uni\textemb\exact_out\exact_cache.csv
=========================================
Done. queries=54 wrote D:\Develop\native-l2-e2lsh-chamfer\output\paper_uni\textemb\out_seed3\compare_cost_log.csv
Wrote timing summary to D:\Develop\native-l2-e2lsh-chamfer\output\paper_uni\textemb\out_seed3\timing_summary.json

========== E2LSH BREAKDOWN (ms) ==========
insertA total=12.16 (h0=6.22 hash=0.43 exact=1.04 map=0.00 coord_io=0.00 posting=0.00 resolve=3.95 sampler=0.12 other=0.40)
insertB total=8.99 (h0=4.00 resolve=3.09 exact+sampler=1.53 other=0.36)
deleteB total=1.71 (membership=1.38 exact+sampler=0.17 other=0.16)
expandTop total=0.26 count=24
query total=21.05 (sample=4.10 Da=0.00 NN=16.89 overhead=0.06 io=0.00 reads=0)
fractions of profiled E2LSH (44.16 ms): NN=38.24% sample=9.29% Da=0.00% structure=52.34%
==========================================
