seed=1 e2lsh_only=1 estimator=queryStratified with_is=1 T_override=300
loading D:\Develop\native-l2-e2lsh-chamfer\data\SIFT/base_with_outlier.f32bin (flat f32 stream for e2lsh-only)
loading D:\Develop\native-l2-e2lsh-chamfer\data\SIFT/query.f32bin
window_size=500 query_interval=166 |A|=1000001 |B|=10000 dim=128 (flat-A)
exact=cache hit path=output/sampling_ablation/sift/exact_out/exact_cache.csv entries=57
omp_threads=1
E2LSH-only mode: skipping QuadTree and Uniform
E2LSH K=120 rho=0.0001 n_max=1100000 (formula: K=max(1,ceil(4*ln(8*n_max^2)))) backend=ram
E2LSH insertA progress 114688/1000001
E2LSH insertA progress 212992/1000001
E2LSH insertA progress 311296/1000001
E2LSH insertA progress 409600/1000001
E2LSH insertA progress 507904/1000001
E2LSH insertA progress 606208/1000001
E2LSH insertA progress 704512/1000001
E2LSH insertA progress 802816/1000001
E2LSH insertA progress 901120/1000001
E2LSH insertA progress 1000001/1000001
E2LSH A insert done in 54618.3 ms L=40 D=2.19903e+14
strata invariant OK sumN=1000001 pos=1000001
Step 664 |A|=1000001 |Bwin|=500 T=300 L=40
  chamfer=3.21147e+08 strat=3.15789e+08 (-0.0166817) is=3.12933e+08 (-0.0255775)
Step 830 |A|=1000001 |Bwin|=500 T=300 L=40
  chamfer=3.19172e+08 strat=3.21143e+08 (0.00617716) is=2.91827e+08 (-0.0856745)
Step 996 |A|=1000001 |Bwin|=500 T=300 L=40
  chamfer=3.2028e+08 strat=3.23366e+08 (0.00963374) is=3.14517e+08 (-0.0179944)
Step 1162 |A|=1000001 |Bwin|=500 T=300 L=40
  chamfer=3.20468e+08 strat=3.2509e+08 (0.0144211) is=3.21384e+08 (0.00285809)
Step 1328 |A|=1000001 |Bwin|=500 T=300 L=40
  chamfer=3.22114e+08 strat=3.18797e+08 (-0.0102963) is=3.26719e+08 (0.0142963)
Step 1494 |A|=1000001 |Bwin|=500 T=300 L=40
  chamfer=3.19682e+08 strat=3.19504e+08 (-0.000556725) is=3.04243e+08 (-0.0482935)
Step 1660 |A|=1000001 |Bwin|=500 T=300 L=40
  chamfer=3.20633e+08 strat=3.26625e+08 (0.0186874) is=3.37643e+08 (0.0530523)
Step 1826 |A|=1000001 |Bwin|=500 T=300 L=40
  chamfer=3.23014e+08 strat=3.2427e+08 (0.00388999) is=3.30482e+08 (0.0231209)
Step 1992 |A|=1000001 |Bwin|=500 T=300 L=40
  chamfer=3.23018e+08 strat=3.17036e+08 (-0.0185189) is=3.29277e+08 (0.0193762)
Step 2158 |A|=1000001 |Bwin|=500 T=300 L=40
  chamfer=3.21116e+08 strat=3.25666e+08 (0.0141686) is=3.21694e+08 (0.00179918)
Step 2324 |A|=1000001 |Bwin|=500 T=300 L=40
  chamfer=3.19201e+08 strat=3.24386e+08 (0.0162416) is=2.90145e+08 (-0.0910279)
Step 2490 |A|=1000001 |Bwin|=500 T=300 L=40
  chamfer=3.20775e+08 strat=3.20747e+08 (-8.85273e-05) is=2.96781e+08 (-0.0748007)
Step 2656 |A|=1000001 |Bwin|=500 T=300 L=40
  chamfer=3.22251e+08 strat=3.17634e+08 (-0.0143286) is=3.11624e+08 (-0.032977)
Step 2822 |A|=1000001 |Bwin|=500 T=300 L=40
  chamfer=3.21702e+08 strat=3.19806e+08 (-0.00589183) is=3.04291e+08 (-0.0541199)
Step 2988 |A|=1000001 |Bwin|=500 T=300 L=40
  chamfer=3.2167e+08 strat=3.21089e+08 (-0.00180642) is=3.38447e+08 (0.0521551)
Step 3154 |A|=1000001 |Bwin|=500 T=300 L=40
  chamfer=3.21689e+08 strat=3.19351e+08 (-0.00726752) is=3.48763e+08 (0.0841611)
Step 3320 |A|=1000001 |Bwin|=500 T=300 L=40
  chamfer=3.20946e+08 strat=3.15407e+08 (-0.0172593) is=3.2798e+08 (0.0219148)
Step 3486 |A|=1000001 |Bwin|=500 T=300 L=40
  chamfer=3.19296e+08 strat=3.16747e+08 (-0.0079833) is=3.05134e+08 (-0.0443547)
Step 3652 |A|=1000001 |Bwin|=500 T=300 L=40
  chamfer=3.19129e+08 strat=3.131e+08 (-0.0188926) is=3.21801e+08 (0.00837131)
Step 3818 |A|=1000001 |Bwin|=500 T=300 L=40
  chamfer=3.19181e+08 strat=3.20817e+08 (0.00512536) is=3.34749e+08 (0.0487721)
Step 3984 |A|=1000001 |Bwin|=500 T=300 L=40
  chamfer=3.18145e+08 strat=3.14261e+08 (-0.0122073) is=3.24414e+08 (0.0197067)
Step 4150 |A|=1000001 |Bwin|=500 T=300 L=40
  chamfer=3.18606e+08 strat=3.19865e+08 (0.00395173) is=3.45288e+08 (0.0837475)
Step 4316 |A|=1000001 |Bwin|=500 T=300 L=40
  chamfer=3.1861e+08 strat=3.1335e+08 (-0.0165087) is=3.06565e+08 (-0.0378051)
Step 4482 |A|=1000001 |Bwin|=500 T=300 L=40
  chamfer=3.19053e+08 strat=3.16355e+08 (-0.00845598) is=3.3865e+08 (0.0614206)
Step 4648 |A|=1000001 |Bwin|=500 T=300 L=40
  chamfer=3.20291e+08 strat=3.18956e+08 (-0.0041679) is=3.05043e+08 (-0.0476054)
Step 4814 |A|=1000001 |Bwin|=500 T=300 L=40
  chamfer=3.21117e+08 strat=3.17792e+08 (-0.0103533) is=3.0919e+08 (-0.0371427)
Step 4980 |A|=1000001 |Bwin|=500 T=300 L=40
  chamfer=3.18723e+08 strat=3.21856e+08 (0.00983053) is=3.34768e+08 (0.0503416)
Step 5146 |A|=1000001 |Bwin|=500 T=300 L=40
  chamfer=3.17604e+08 strat=3.14828e+08 (-0.00874096) is=3.14077e+08 (-0.011105)
Step 5312 |A|=1000001 |Bwin|=500 T=300 L=40
  chamfer=3.1915e+08 strat=3.25184e+08 (0.0189077) is=3.32538e+08 (0.0419496)
Step 5478 |A|=1000001 |Bwin|=500 T=300 L=40
  chamfer=3.20647e+08 strat=3.18627e+08 (-0.00630138) is=3.09374e+08 (-0.0351576)
Step 5644 |A|=1000001 |Bwin|=500 T=300 L=40
  chamfer=3.21955e+08 strat=3.17686e+08 (-0.0132592) is=3.08665e+08 (-0.04128)
Step 5810 |A|=1000001 |Bwin|=500 T=300 L=40
  chamfer=3.2075e+08 strat=3.20508e+08 (-0.000753091) is=3.36267e+08 (0.048379)
Step 5976 |A|=1000001 |Bwin|=500 T=300 L=40
  chamfer=3.21587e+08 strat=3.21703e+08 (0.000361096) is=3.44689e+08 (0.0718363)
Step 6142 |A|=1000001 |Bwin|=500 T=300 L=40
  chamfer=3.21821e+08 strat=3.14781e+08 (-0.0218748) is=3.10911e+08 (-0.0339002)
Step 6308 |A|=1000001 |Bwin|=500 T=300 L=40
  chamfer=3.20446e+08 strat=3.19953e+08 (-0.00153749) is=3.16908e+08 (-0.0110384)
Step 6474 |A|=1000001 |Bwin|=500 T=300 L=40
  chamfer=3.22557e+08 strat=3.28657e+08 (0.0189112) is=2.92815e+08 (-0.092207)
Step 6640 |A|=1000001 |Bwin|=500 T=300 L=40
  chamfer=3.21159e+08 strat=3.26298e+08 (0.0159995) is=3.17201e+08 (-0.0123235)
Step 6806 |A|=1000001 |Bwin|=500 T=300 L=40
  chamfer=3.20831e+08 strat=3.13964e+08 (-0.0214018) is=3.16521e+08 (-0.0134323)
Step 6972 |A|=1000001 |Bwin|=500 T=300 L=40
  chamfer=3.18739e+08 strat=3.18903e+08 (0.000516024) is=3.23437e+08 (0.0147423)
Step 7138 |A|=1000001 |Bwin|=500 T=300 L=40
  chamfer=3.20015e+08 strat=3.18234e+08 (-0.00556409) is=3.02892e+08 (-0.0535058)
Step 7304 |A|=1000001 |Bwin|=500 T=300 L=40
  chamfer=3.22e+08 strat=3.14372e+08 (-0.0236906) is=3.12094e+08 (-0.0307645)
Step 7470 |A|=1000001 |Bwin|=500 T=300 L=40
  chamfer=3.21457e+08 strat=3.24622e+08 (0.00984651) is=3.3213e+08 (0.0331999)
Step 7636 |A|=1000001 |Bwin|=500 T=300 L=40
  chamfer=3.20743e+08 strat=3.18888e+08 (-0.00578407) is=3.16071e+08 (-0.0145642)
Step 7802 |A|=1000001 |Bwin|=500 T=300 L=40
  chamfer=3.1956e+08 strat=3.19112e+08 (-0.0014038) is=3.15924e+08 (-0.0113793)
Step 7968 |A|=1000001 |Bwin|=500 T=300 L=40
  chamfer=3.19243e+08 strat=3.15714e+08 (-0.0110551) is=3.25854e+08 (0.0207084)
Step 8134 |A|=1000001 |Bwin|=500 T=300 L=40
  chamfer=3.19891e+08 strat=3.15345e+08 (-0.0142112) is=3.20264e+08 (0.00116392)
Step 8300 |A|=1000001 |Bwin|=500 T=300 L=40
  chamfer=3.20332e+08 strat=3.13574e+08 (-0.0210953) is=3.20776e+08 (0.00138591)
Step 8466 |A|=1000001 |Bwin|=500 T=300 L=40
  chamfer=3.18576e+08 strat=3.21441e+08 (0.00899393) is=3.38315e+08 (0.0619588)
Step 8632 |A|=1000001 |Bwin|=500 T=300 L=40
  chamfer=3.18869e+08 strat=3.16897e+08 (-0.00618466) is=3.28672e+08 (0.0307422)
Step 8798 |A|=1000001 |Bwin|=500 T=300 L=40
  chamfer=3.19895e+08 strat=3.21706e+08 (0.0056622) is=3.27319e+08 (0.023208)
Step 8964 |A|=1000001 |Bwin|=500 T=300 L=40
  chamfer=3.21954e+08 strat=3.22062e+08 (0.000333021) is=3.05215e+08 (-0.051994)
Step 9130 |A|=1000001 |Bwin|=500 T=300 L=40
  chamfer=3.21025e+08 strat=3.19346e+08 (-0.00522867) is=2.95955e+08 (-0.0780928)
Step 9296 |A|=1000001 |Bwin|=500 T=300 L=40
  chamfer=3.20858e+08 strat=3.19139e+08 (-0.00535883) is=3.33111e+08 (0.0381858)
Step 9462 |A|=1000001 |Bwin|=500 T=300 L=40
  chamfer=3.22078e+08 strat=3.22763e+08 (0.00212575) is=3.21626e+08 (-0.00140467)
Step 9628 |A|=1000001 |Bwin|=500 T=300 L=40
  chamfer=3.2385e+08 strat=3.266e+08 (0.00849162) is=3.09084e+08 (-0.0455956)
Step 9794 |A|=1000001 |Bwin|=500 T=300 L=40
  chamfer=3.21881e+08 strat=3.17529e+08 (-0.0135223) is=3.17552e+08 (-0.0134516)
Step 9960 |A|=1000001 |Bwin|=500 T=300 L=40
  chamfer=3.20103e+08 strat=3.25983e+08 (0.0183709) is=3.26113e+08 (0.0187765)

========== TIMING SUMMARY (ms) ==========
E2LSH K=120 L_final=40 queries=57 update_ops=10000 mode=e2lsh-only
wall_ms_total=56071.187
per_update_ms e2lsh=0.124 quadtree=0.000 uniform=0.000 benchmark=0.000
--- E2LSH structure ---
  init_insert_A_ms=54618.253
  update_ms_total=1082.296  update_ms_avg=0.108
--- E2LSH stratified ---
  query_ms_total=158.421  query_ms_avg=2.779
--- E2LSH importance ---
  query_ms_total=165.209  query_ms_avg=2.898
--- Optional ---
  exact_chamfer mode=cache update_ms_total=0.000 update_ms_avg=0.000 query_ms_total=0.045 query_ms_avg=0.001 path=output/sampling_ablation/sift/exact_out/exact_cache.csv
=========================================
Done. queries=57 wrote D:\Develop\native-l2-e2lsh-chamfer\output\sampling_ablation\sift\out_seed1\compare_cost_log.csv
Wrote timing summary to D:\Develop\native-l2-e2lsh-chamfer\output\sampling_ablation\sift\out_seed1\timing_summary.json

========== E2LSH BREAKDOWN (ms) ==========
insertA total=45367.36 (h0=1440.37 hash=166.93 exact=930.00 map=0.00 coord_io=0.00 posting=0.00 resolve=10460.33 sampler=12019.02 other=20350.71)
insertB total=577.87 (h0=16.16 resolve=118.67 exact+sampler=440.70 other=2.34)
deleteB total=498.40 (membership=492.69 exact+sampler=3.47 other=2.24)
expandTop total=8216.99 count=40
query total=320.04 (sample=173.30 Da=0.00 NN=146.59 overhead=0.16 io=0.00 reads=0)
fractions of profiled E2LSH (54980.66 ms): NN=0.27% sample=0.32% Da=0.00% structure=99.42%
==========================================
